******************************************************************************
            TI ARM Clang Linker Unix v3.2.2                    
******************************************************************************
>> Linked Fri Aug 29 15:06:20 2025

OUTPUT FILE NAME:   <hwa_real_fft_wcsp.release.out>
ENTRY POINT SYMBOL: "_c_int00"  address: 0040f921


MEMORY CONFIGURATION

         name            origin    length      used     unused   attr    fill
----------------------  --------  ---------  --------  --------  ----  --------
  M4F_VECS              00400000   00000200  00000140  000000c0  RWIX
  M4F_RAM12             00400200   00057e00  00011d38  000460c8  RWIX
  M4F_RBL               00458000   00008000  00004000  00004000  RWIX
  M4F_RAM3              00460000   00020000  00000000  00020000  RWIX
  HWASS_SHM_MEM         60000000   00080000  00000000  00080000  RWIX


SEGMENT ALLOCATION MAP

run origin  load origin   length   init length attrs members
----------  ----------- ---------- ----------- ----- -------
00400000    00400000    00000140   00000140    rw-
  00400000    00400000    00000140   00000140    rw- .vectors
00400200    00400200    00006760   00000000    rw-
  00400200    00400200    00006760   00000000    rw- .bss
00406960    00406960    0000ad03   0000ad03    r-x
  00406960    00406960    0000a19c   0000a19c    r-x .text
  00410b00    00410b00    00000b63   00000b63    r-- .rodata
00411668    00411668    000008d9   000008d9    rw-
  00411668    00411668    000008d9   000008d9    rw- .data
00458000    00458000    00004000   00000000    rw-
  00458000    00458000    00002000   00000000    rw- .stack
  0045a000    0045a000    00002000   00000000    rw- .sysmem


SECTION ALLOCATION MAP

 output                                  attributes/
section   page    origin      length       input sections
--------  ----  ----------  ----------   ----------------
.vectors   0    00400000    00000140     
                  00400000    00000140     freertos.xwrL64xx.m4f.ti-arm-clang.release.lib : HwiP_armv7m_handlers_freertos.obj (.vectors)

.bss       0    00400200    00006760     UNINITIALIZED
                  00400200    00004000     (.common:gMainTaskStack)
                  00404200    00001000     freertos.xwrL64xx.m4f.ti-arm-clang.release.lib : port.obj (.bss.uxIdleTaskStack)
                  00405200    00000400                                                    : port.obj (.bss.uxTimerTaskStack)
                  00405600    000003c0     (.common:gHwaFftObject)
                  004059c0    00000280     (.common:gHwiCtrl)
                  00405c40    0000021c     ti_drivers_config.obj (.bss.gUartObjects)
                  00405e5c    00000140     freertos.xwrL64xx.m4f.ti-arm-clang.release.lib : tasks.obj (.bss.pxReadyTasksLists)
                  00405f9c    00000120     libsysbm.a : trgmsg.c.obj (.bss:_CIOBUF_)
                  004060bc    00000100     freertos.xwrL64xx.m4f.ti-arm-clang.release.lib : timers.obj (.bss.prvCheckForValidListAndQueue.ucStaticTimerQueueStorage)
                  004061bc    00000100     (.common:HwaParamsetIntr)
                  004062bc    00000100     (.common:xQueueRegistry)
                  004063bc    000000a0     libc.a : defs.c.obj (.bss.__TI_tmpnams)
                  0040645c    0000007c     freertos.xwrL64xx.m4f.ti-arm-clang.release.lib : port.obj (.bss.xIdleTaskTCB)
                  004064d8    0000007c                                                    : port.obj (.bss.xTimerTaskTCB)
                  00406554    0000007c     (.common:gMainTaskObj)
                  004065d0    00000070     (.common:gHwaObject)
                  00406640    00000060                                                    : DebugP_freertos.obj (.bss.gDebugLogLockObj)
                  004066a0    00000060     hwa_real_fft.obj (.bss.gEdmaTestDoneSem)
                  00406700    00000060     hwa_real_fft.obj (.bss.gEdmaTestDoneSemOut)
                  00406760    00000058     ti_drivers_config.obj (.bss.gEdmaObjects)
                  004067b8    00000048     freertos.xwrL64xx.m4f.ti-arm-clang.release.lib : timers.obj (.bss.prvCheckForValidListAndQueue.xStaticTimerQueue)
                  00406800    00000048     (.common:gRovDummyQueue)
                  00406848    00000038     (.common:gClockCtrl)
                  00406880    00000014                                                    : timers.obj (.bss.xActiveTimerList1)
                  00406894    00000014                                                    : timers.obj (.bss.xActiveTimerList2)
                  004068a8    00000014                                                    : tasks.obj (.bss.xDelayedTaskList1)
                  004068bc    00000014                                                    : tasks.obj (.bss.xDelayedTaskList2)
                  004068d0    00000014                                                    : tasks.obj (.bss.xPendingReadyList)
                  004068e4    00000014                                                    : tasks.obj (.bss.xSuspendedTaskList)
                  004068f8    00000014                                                    : tasks.obj (.bss.xTasksWaitingTermination)
                  0040690c    00000014     (.common:intrObj)
                  00406920    00000014     (.common:intrObjOut)
                  00406934    00000008     libsysbm.a : hostopen.c.obj (.bss.parmbuf)
                  0040693c    00000004     freertos.xwrL64xx.m4f.ti-arm-clang.release.lib : timers.obj (.bss.pxCurrentTimerList)
                  00406940    00000004                                                    : tasks.obj (.bss.pxDelayedTaskList)
                  00406944    00000004                                                    : tasks.obj (.bss.pxOverflowDelayedTaskList)
                  00406948    00000004                                                    : timers.obj (.bss.pxOverflowTimerList)
                  0040694c    00000004     libc.a : memory.c.obj (.bss.sys_free)
                  00406950    00000004     (.common:gEdmaHandle)
                  00406954    00000004     (.common:gHwaHandle)
                  00406958    00000004     (.common:gMainTask)
                  0040695c    00000004     (.common:gUartHandle)

.stack     0    00458000    00002000     UNINITIALIZED
                  00458000    00000004     freertos.xwrL64xx.m4f.ti-arm-clang.release.lib : boot_armv7m.obj (.stack)
                  00458004    00001ffc     --HOLE--

.sysmem    0    0045a000    00002000     UNINITIALIZED
                  0045a000    00000010     libc.a : memory.c.obj (.sysmem)
                  0045a010    00001ff0     --HOLE--

__llvm_prf_cnts 
*          0    00400200    00000000     UNINITIALIZED

__llvm_prf_bits 
*          0    00400200    00000000     UNINITIALIZED

.text      0    00406960    0000a19c     
                  00406960    000007f8     drivers.xwrL64xx.m4f.ti-arm-clang.release.lib : hwa.obj (.text.HWA_configParamSet)
                  00407158    000007ae     hwa_real_fft.obj (.text.hwa_real_fft)
                  00407906    00000002     ti_board_open_close.obj (.text.Board_driversClose)
                  00407908    00000724     libc.a : k_rem_pio2.c.obj (.text.__kernel_rem_pio2)
                  0040802c    00000630     drivers.xwrL64xx.m4f.ti-arm-clang.release.lib : hwa.obj (.text.HWA_configCommon)
                  0040865c    00000570     freertos.xwrL64xx.m4f.ti-arm-clang.release.lib : printf.obj (.text._vsnprintf)
                  00408bcc    00000004     ti_board_open_close.obj (.text.Board_driversOpen)
                  00408bd0    00000528     libc.a : s_sin.c.obj (.text.sin)
                  004090f8    000004a8     freertos.xwrL64xx.m4f.ti-arm-clang.release.lib : printf.obj (.text._etoa)
                  004095a0    00000440                                                    : printf.obj (.text._ftoa)
                  004099e0    000003b0                                                    : HwiP_armv7m.obj (.text.hwi)
                  00409d90    00000360     drivers.xwrL64xx.m4f.ti-arm-clang.release.lib : uart_sci.obj (.text.UART_open)
                  0040a0f0    00000310                                                   : soc_rcm.obj (.text.SOC_rcmGetPeripheralClock)
                  0040a400    0000030a                                                   : edma.obj (.text.EDMA_init)
                  0040a70a    00000016     freertos.xwrL64xx.m4f.ti-arm-clang.release.lib : HwiP_armv7m.obj (.text.HwiP_inISR)
                  0040a720    000002dc     libc.a : strcmp_t2.S.obj (.text:strcmp)
                  0040a9fc    0000022c     drivers.xwrL64xx.m4f.ti-arm-clang.release.lib : uart_sci.obj (.text.UART_write)
                  0040ac28    000001ca     freertos.xwrL64xx.m4f.ti-arm-clang.release.lib : MpuP_armv7m.obj (.text.mpu)
                  0040adf2    000001c6     drivers.xwrL64xx.m4f.ti-arm-clang.release.lib : hwa.obj (.text.HWA_open)
                  0040afb8    000001b6     libclang_rt.builtins.a : adddf3.S.obj (.text.adddf3_subdf3)
                  0040b16e    00000002     ti_board_config.obj (.text.Board_init)
                  0040b170    000001ae     freertos.xwrL64xx.m4f.ti-arm-clang.release.lib : timers.obj (.text.prvTimerTask)
                  0040b31e    00000190     drivers.xwrL64xx.m4f.ti-arm-clang.release.lib : uart_sci_edma.obj (.text.UART_edmaChannelConfig)
                  0040b4ae    0000017a                                                   : uart_sci.obj (.text.UART_controllerIsr)
                  0040b628    00000170                                                   : soc_rcm.obj (.text.SOC_rcmEnablePeripheralClock)
                  0040b798    00000170     libc.a : k_sin.c.obj (.text.__kernel_sin)
                  0040b908    00000168            : k_cos.c.obj (.text.__kernel_cos)
                  0040ba70    00000162     drivers.xwrL64xx.m4f.ti-arm-clang.release.lib : soc_rcm.obj (.text.SOC_rcmSetPeripheralClock)
                  0040bbd2    00000002     freertos.xwrL64xx.m4f.ti-arm-clang.release.lib : ClockP_freertos_m4.obj (.text.ClockP_timerClearOverflowInt)
                  0040bbd4    00000156                                                    : queue.obj (.text.xQueueSemaphoreTake)
                  0040bd2a    00000148     drivers.xwrL64xx.m4f.ti-arm-clang.release.lib : uart_sci.obj (.text.UART_close)
                  0040be72    00000002                                                   : hwa.obj (.text.HWA_init)
                  0040be74    00000144     freertos.xwrL64xx.m4f.ti-arm-clang.release.lib : printf.obj (.text._ntoa_format)
                  0040bfb8    0000013a                                                    : tasks.obj (.text.xTaskIncrementTick)
                  0040c0f2    00000002     libclang_rt.builtins.a : aeabi_div0.c.obj (.text.__aeabi_ldiv0)
                  0040c0f4    00000136                            : divdf3.S.obj (.text.__divdf3)
                  0040c22a    00000002     libc.a : _lock.c.obj (.text._nop)
                  0040c22c    00000136     freertos.xwrL64xx.m4f.ti-arm-clang.release.lib : queue.obj (.text.xQueueGenericSend)
                  0040c362    00000002                                                    : printf.obj (.text._out_null)
                  0040c364    00000136                                                    : queue.obj (.text.xQueueReceive)
                  0040c49a    00000002                                                    : port.obj (.text.vPortConfigTimerForRunTimeStats)
                  0040c49c    00000132     drivers.xwrL64xx.m4f.ti-arm-clang.release.lib : edma.obj (.text.allocResource)
                  0040c5ce    00000130     freertos.xwrL64xx.m4f.ti-arm-clang.release.lib : ClockP_freertos_m4.obj (.text.ClockP_init)
                  0040c6fe    0000012c     drivers.xwrL64xx.m4f.ti-arm-clang.release.lib : edma.obj (.text.EDMA_open)
                  0040c82a    00000002     --HOLE-- [fill = 0]
                  0040c82c    00000120     libc.a : memory.c.obj (.text.aligned_alloc)
                  0040c94c    00000004     freertos.xwrL64xx.m4f.ti-arm-clang.release.lib : ClockP_freertos.obj (.text.ClockP_getTicks)
                  0040c950    00000120     libc.a : s_floor.c.obj (.text.floor)
                  0040ca70    0000011a     freertos.xwrL64xx.m4f.ti-arm-clang.release.lib : tasks.obj (.text.xTaskResumeAll)
                  0040cb8a    00000002     --HOLE-- [fill = 0]
                  0040cb8c    00000118                                                    : tasks.obj (.text.prvAddNewTaskToReadyList)
                  0040cca4    00000004                                                    : ClockP_freertos_m4.obj (.text.ClockP_getTimerCount)
                  0040cca8    0000010c     libc.a : s_scalbn.c.obj (.text.scalbn)
                  0040cdb4    00000104     drivers.xwrL64xx.m4f.ti-arm-clang.release.lib : edma.obj (.text.EDMA_transferCompletionMasterIsrFxn)
                  0040ceb8    000000fc     libclang_rt.builtins.a : muldf3.S.obj (.text.__muldf3)
                  0040cfb4    000000fa     drivers.xwrL64xx.m4f.ti-arm-clang.release.lib : edma.obj (.text.EDMA_freeResource)
                  0040d0ae    00000002     --HOLE-- [fill = 0]
                  0040d0b0    000000f4     freertos.xwrL64xx.m4f.ti-arm-clang.release.lib : tasks.obj (.text.prvIdleTask)
                  0040d1a4    000000f0     libc.a : memory.c.obj (.text.free)
                  0040d294    000000ee     freertos.xwrL64xx.m4f.ti-arm-clang.release.lib : tasks.obj (.text.vTaskDelete)
                  0040d382    00000002     --HOLE-- [fill = 0]
                  0040d384    000000d8     drivers.xwrL64xx.m4f.ti-arm-clang.release.lib : edma.obj (.text.EDMA_allocResource)
                  0040d45c    000000d8                                                   : uart_sci_edma.obj (.text.UART_writeDma)
                  0040d534    000000d8     libc.a : setvbuf.c.obj (.text.setvbuf)
                  0040d60c    000000d6     drivers.xwrL64xx.m4f.ti-arm-clang.release.lib : edma.obj (.text.EDMA_unregisterIntr)
                  0040d6e2    00000002     --HOLE-- [fill = 0]
                  0040d6e4    000000ca                                                   : edma.obj (.text.EDMA_registerIntr)
                  0040d7ae    000000bc     freertos.xwrL64xx.m4f.ti-arm-clang.release.lib : SysTickTimerP.obj (.text.SysTickTimerP_setup)
                  0040d86a    00000002     --HOLE-- [fill = 0]
                  0040d86c    000000ba                                                    : HwiP_armv7m_handlers_freertos.obj (.text.hwi)
                  0040d926    00000002     --HOLE-- [fill = 0]
                  0040d928    000000b0     libclang_rt.builtins.a : udivmoddi4.S.obj (.text)
                  0040d9d8    000000a8     freertos.xwrL64xx.m4f.ti-arm-clang.release.lib : tasks.obj (.text.xTaskPriorityInherit)
                  0040da80    000000a6                                                    : tasks.obj (.text.xTaskRemoveFromEventList)
                  0040db26    00000002     --HOLE-- [fill = 0]
                  0040db28    000000a4                                                    : printf.obj (.text._ntoa_long_long)
                  0040dbcc    000000a4                                                    : printf.obj (.text._out_rev)
                  0040dc70    000000a2     drivers.xwrL64xx.m4f.ti-arm-clang.release.lib : uart_sci.obj (.text.UART_flushTxFifo)
                  0040dd12    000000a0     freertos.xwrL64xx.m4f.ti-arm-clang.release.lib : tasks.obj (.text.prvAddCurrentTaskToDelayedList)
                  0040ddb2    00000002     --HOLE-- [fill = 0]
                  0040ddb4    000000a0                                                    : timers.obj (.text.prvSampleTimeNow)
                  0040de54    0000009c     libc.a : s_floorf.c.obj (.text.floorf)
                  0040def0    00000096     freertos.xwrL64xx.m4f.ti-arm-clang.release.lib : tasks.obj (.text.vTaskStartScheduler)
                  0040df86    00000002     --HOLE-- [fill = 0]
                  0040df88    00000094     drivers.xwrL64xx.m4f.ti-arm-clang.release.lib : uart_sci.obj (.text.UART_init)
                  0040e01c    00000094     freertos.xwrL64xx.m4f.ti-arm-clang.release.lib : printf.obj (.text._ntoa_long)
                  0040e0b0    00000090     drivers.xwrL64xx.m4f.ti-arm-clang.release.lib : edma.obj (.text.EDMADisableTransferRegion)
                  0040e140    00000090                                                   : edma.obj (.text.EDMAEnableTransferRegion)
                  0040e1d0    0000008e     freertos.xwrL64xx.m4f.ti-arm-clang.release.lib : tasks.obj (.text.prvInitialiseNewTask)
                  0040e25e    00000002     --HOLE-- [fill = 0]
                  0040e260    00000088     libc.a : fputc.c.obj (.text.fputc)
                  0040e2e8    00000086     drivers.xwrL64xx.m4f.ti-arm-clang.release.lib : uart_sci_edma.obj (.text.UART_txEdmaIsrFxn)
                  0040e36e    00000084     freertos.xwrL64xx.m4f.ti-arm-clang.release.lib : queue.obj (.text.xQueueReceiveFromISR)
                  0040e3f2    00000082                                                    : tasks.obj (.text.vTaskSwitchContext)
                  0040e474    00000080     drivers.xwrL64xx.m4f.ti-arm-clang.release.lib : uart_sci_edma.obj (.text.UART_rxEdmaIsrFxn)
                  0040e4f4    0000007e     libc.a : s_roundf.c.obj (.text.roundf)
                  0040e572    0000007a     freertos.xwrL64xx.m4f.ti-arm-clang.release.lib : timers.obj (.text.prvCheckForValidListAndQueue)
                  0040e5ec    0000007a                                                    : queue.obj (.text.prvCopyDataToQueue)
                  0040e666    00000002     --HOLE-- [fill = 0]
                  0040e668    00000078     drivers.xwrL64xx.m4f.ti-arm-clang.release.lib : hwa.obj (.text.HWA_paramDoneISR)
                  0040e6e0    00000078     freertos.xwrL64xx.m4f.ti-arm-clang.release.lib : tasks.obj (.text.vTaskPriorityDisinheritAfterTimeout)
                  0040e758    00000076                                                    : DebugP_freertos.obj (.text._DebugP_logZone)
                  0040e7ce    00000002     --HOLE-- [fill = 0]
                  0040e7d0    00000074     libc.a : fclose.c.obj (.text.__TI_closefile)
                  0040e844    00000072     drivers.xwrL64xx.m4f.ti-arm-clang.release.lib : edma.obj (.text.EDMA_close)
                  0040e8b6    00000002     --HOLE-- [fill = 0]
                  0040e8b8    00000072     freertos.xwrL64xx.m4f.ti-arm-clang.release.lib : queue.obj (.text.prvUnlockQueue)
                  0040e92a    00000072                                                    : tasks.obj (.text.xTaskPriorityDisinherit)
                  0040e99c    00000070     drivers.xwrL64xx.m4f.ti-arm-clang.release.lib : edma.obj (.text.EDMAConfigureChannelRegion)
                  0040ea0c    00000070     freertos.xwrL64xx.m4f.ti-arm-clang.release.lib : SemaphoreP_freertos.obj (.text.SemaphoreP_constructBinary)
                  0040ea7c    0000006e     libclang_rt.builtins.a : comparedf2.c.obj (.text.__gedf2)
                  0040eaea    00000002     --HOLE-- [fill = 0]
                  0040eaec    0000006e                            : comparedf2.c.obj (.text.__ledf2)
                  0040eb5a    00000002     --HOLE-- [fill = 0]
                  0040eb5c    0000006c     libc.a : memory.c.obj (.text.split)
                  0040ebc8    0000006c     freertos.xwrL64xx.m4f.ti-arm-clang.release.lib : port.obj (.text.xPortStartScheduler)
                  0040ec34    0000006a                                                    : AddrTranslateP.obj (.text.AddrTranslateP_getLocalAddr)
                  0040ec9e    0000006a                                                    : queue.obj (.text.xQueueGenericReset)
                  0040ed08    0000006a                                                    : queue.obj (.text.xQueueGenericSendFromISR)
                  0040ed72    00000068     drivers.xwrL64xx.m4f.ti-arm-clang.release.lib : uart_sci.obj (.text.UART_writeCancelNoCB)
                  0040edda    00000002     --HOLE-- [fill = 0]
                  0040eddc    00000068     libc.a : fseek.c.obj (.text.fseeko)
                  0040ee44    00000068            : getdevice.c.obj (.text.getdevice)
                  0040eeac    00000066     freertos.xwrL64xx.m4f.ti-arm-clang.release.lib : SemaphoreP_freertos.obj (.text.SemaphoreP_pend)
                  0040ef12    00000066                                                    : SemaphoreP_freertos.obj (.text.SemaphoreP_post)
                  0040ef78    00000064     drivers.xwrL64xx.m4f.ti-arm-clang.release.lib : edma.obj (.text.EDMAFreeChannelRegion)
                  0040efdc    00000064     libsysbm.a : hostrename.c.obj (.text.HOSTrename)
                  0040f040    00000064     drivers.xwrL64xx.m4f.ti-arm-clang.release.lib : hwa.obj (.text.HWA_enable)
                  0040f0a4    00000064                                                   : hwa.obj (.text.HWA_getDriverAccess)
                  0040f108    00000008                                                   : edma.obj (.text.EDMA_allocDmaChannel)
                  0040f110    00000064     freertos.xwrL64xx.m4f.ti-arm-clang.release.lib : port.obj (.text.xPortPendSVHandler)
                  0040f174    00000064                                                    : timers.obj (.text.xTimerCreateTimerTask)
                  0040f1d8    00000062     libclang_rt.builtins.a : aeabi_dcmp.S.obj (.text.__aeabi_dcmp)
                  0040f23a    00000060     libc.a : _io_perm.c.obj (.text.__TI_wrt_ok)
                  0040f29a    00000002     --HOLE-- [fill = 0]
                  0040f29c    00000060     libsysbm.a : close.c.obj (.text.close)
                  0040f2fc    0000005e     freertos.xwrL64xx.m4f.ti-arm-clang.release.lib : DebugP_log.obj (.text._DebugP_assert)
                  0040f35a    0000005c                                                    : tasks.obj (.text.xTaskCheckForTimeOut)
                  0040f3b6    0000005a     drivers.xwrL64xx.m4f.ti-arm-clang.release.lib : hwa.obj (.text.HWA_close)
                  0040f410    0000005a     main.obj (.text.main)
                  0040f46a    00000002     --HOLE-- [fill = 0]
                  0040f46c    00000058     libsysbm.a : hostlseek.c.obj (.text.HOSTlseek)
                  0040f4c4    00000058                : hostopen.c.obj (.text.HOSTopen)
                  0040f51c    00000058     freertos.xwrL64xx.m4f.ti-arm-clang.release.lib : queue.obj (.text.xQueueGiveFromISR)
                  0040f574    00000054     libsysbm.a : hostread.c.obj (.text.HOSTread)
                  0040f5c8    00000054                : hostwrite.c.obj (.text.HOSTwrite)
                  0040f61c    00000052     freertos.xwrL64xx.m4f.ti-arm-clang.release.lib : timers.obj (.text.xTimerGenericCommand)
                  0040f66e    00000050     drivers.xwrL64xx.m4f.ti-arm-clang.release.lib : soc.obj (.text.SOC_virtToPhy)
                  0040f6be    00000050     freertos.xwrL64xx.m4f.ti-arm-clang.release.lib : SemaphoreP_freertos.obj (.text.SemaphoreP_constructMutex)
                  0040f70e    00000050     libc.a : fflush.c.obj (.text.__TI_doflush)
                  0040f75e    00000002     --HOLE-- [fill = 0]
                  0040f760    0000004c     freertos.xwrL64xx.m4f.ti-arm-clang.release.lib : ClockP_freertos.obj (.text.ClockP_getTimeUsec)
                  0040f7ac    0000004c     ti_drivers_open_close.obj (.text.Drivers_edmaOpen)
                  0040f7f8    0000004c     ti_drivers_open_close.obj (.text.Drivers_uartOpen)
                  0040f844    0000004a     drivers.xwrL64xx.m4f.ti-arm-clang.release.lib : edma.obj (.text.EDMADisableChInShadowRegRegion)
                  0040f88e    00000048                                                   : hwa.obj (.text.HWA_setSoftwareTrigger)
                  0040f8d6    00000002     --HOLE-- [fill = 0]
                  0040f8d8    00000048     libclang_rt.builtins.a : fixdfsi.S.obj (.text.__fixdfsi)
                  0040f920    00000048     freertos.xwrL64xx.m4f.ti-arm-clang.release.lib : boot_armv7m.obj (.text:_c_int00)
                  0040f968    00000046     drivers.xwrL64xx.m4f.ti-arm-clang.release.lib : edma.obj (.text.EDMA_getBaseAddr)
                  0040f9ae    00000046     freertos.xwrL64xx.m4f.ti-arm-clang.release.lib : queue.obj (.text.vQueueWaitForMessageRestricted)
                  0040f9f4    00000044     libsysbm.a : hostunlink.c.obj (.text.HOSTunlink)
                  0040fa38    00000044     drivers.xwrL64xx.m4f.ti-arm-clang.release.lib : hwa.obj (.text.HWA_enableDoneInterrupt)
                  0040fa7c    00000044     libclang_rt.builtins.a : fixunsdfsi.S.obj (.text.__fixunsdfsi)
                  0040fac0    00000042     drivers.xwrL64xx.m4f.ti-arm-clang.release.lib : hwa.obj (.text.HWA_allParamDoneISR)
                  0040fb02    00000040     freertos.xwrL64xx.m4f.ti-arm-clang.release.lib : timers.obj (.text.prvInsertTimerInActiveList)
                  0040fb42    0000003e     drivers.xwrL64xx.m4f.ti-arm-clang.release.lib : edma.obj (.text.EDMAMapChToEvtQ)
                  0040fb80    0000003e                                                   : edma.obj (.text.EDMASetPaRAM)
                  0040fbbe    0000003e     hwa_real_fft.obj (.text.EDMA_regionIsrFxn)
                  0040fbfc    0000003e     ti_drivers_config.obj (.text.System_init)
                  0040fc3a    0000003e     freertos.xwrL64xx.m4f.ti-arm-clang.release.lib : port.obj (.text.vPortTimerTickHandler)
                  0040fc78    0000003c     libsysbm.a : hostclose.c.obj (.text.HOSTclose)
                  0040fcb4    0000003c     freertos.xwrL64xx.m4f.ti-arm-clang.release.lib : tasks.obj (.text.xTaskCreateStatic)
                  0040fcf0    0000003a                                                    : DebugP_uartLogWriter.obj (.text.DebugP_uartLogWriterPutChar)
                  0040fd2a    00000002     --HOLE-- [fill = 0]
                  0040fd2c    0000003a                                                    : list.obj (.text.vListInsert)
                  0040fd66    00000038     ti_drivers_config.obj (.text.Drivers_uartInit)
                  0040fd9e    00000038     drivers.xwrL64xx.m4f.ti-arm-clang.release.lib : hwa.obj (.text.HWA_getCommonCtrlAddr)
                  0040fdd6    00000038                                                   : hwa.obj (.text.HWA_getParamSetAddr)
                  0040fe0e    00000002     --HOLE-- [fill = 0]
                  0040fe10    00000038     ti_power_clock_config.obj (.text.Module_clockSetFrequency)
                  0040fe48    00000038     drivers.xwrL64xx.m4f.ti-arm-clang.release.lib : soc_rcm.obj (.text.SOC_rcmEnableADPLLClock)
                  0040fe80    00000038     libclang_rt.builtins.a : extendsfdf2.S.obj (.text.__extendsfdf2)
                  0040feb8    00000038     libc.a : autoinit.c.obj (.text:__TI_auto_init_nobinit_nopinit)
                  0040fef0    00000036     drivers.xwrL64xx.m4f.ti-arm-clang.release.lib : pinmux.obj (.text.Pinmux_config)
                  0040ff26    00000002     --HOLE-- [fill = 0]
                  0040ff28    00000034     libc.a : fopen.c.obj (.text.__TI_cleanup)
                  0040ff5c    00000034     libsysbm.a : trgmsg.c.obj (.text.__TI_writemsg)
                  0040ff90    00000034     freertos.xwrL64xx.m4f.ti-arm-clang.release.lib : queue.obj (.text.vQueueDelete)
                  0040ffc4    00000032     drivers.xwrL64xx.m4f.ti-arm-clang.release.lib : edma.obj (.text.EDMA_getHandle)
                  0040fff6    00000002     --HOLE-- [fill = 0]
                  0040fff8    00000032     ti_power_clock_config.obj (.text.Module_clockEnable)
                  0041002a    00000032     freertos.xwrL64xx.m4f.ti-arm-clang.release.lib : queue.obj (.text.xQueueCreateMutexStatic)
                  0041005c    00000030     libsysbm.a : trgmsg.c.obj (.text.__TI_readmsg)
                  0041008c    00000030     libclang_rt.builtins.a : comparedf2.c.obj (.text.__unorddf2)
                  004100bc    00000030     libc.a : exit.c.obj (.text.exit)
                  004100ec    00000030     freertos.xwrL64xx.m4f.ti-arm-clang.release.lib : port.obj (.text.prvPortStartFirstTask)
                  0041011c    0000002e                                                    : ClockP_freertos.obj (.text.ClockP_timerTickIsr)
                  0041014a    0000002e     drivers.xwrL64xx.m4f.ti-arm-clang.release.lib : edma.obj (.text.EDMAEnableChInShadowRegRegion)
                  00410178    0000002e     libclang_rt.builtins.a : floatsidf.S.obj (.text.__floatsidf)
                  004101a6    0000002c     ti_drivers_open_close.obj (.text.Drivers_close)
                  004101d2    0000002c     drivers.xwrL64xx.m4f.ti-arm-clang.release.lib : hwa.obj (.text.HWA_deleteInstance)
                  004101fe    00000002     --HOLE-- [fill = 0]
                  00410200    0000002c                                                   : soc_rcm.obj (.text.SOC_rcmSetM4ClockSrc)
                  0041022c    0000002c                                                   : uart_sci.obj (.text.UART_getHandle)
                  00410258    0000002c     libc.a : getdevice.c.obj (.text.finddevice)
                  00410284    0000002c     libsysbm.a : lseek.c.obj (.text.lseek)
                  004102b0    0000002c                : unlink.c.obj (.text.unlink)
                  004102dc    0000002c                : write.c.obj (.text.write)
                  00410308    0000002a     freertos.xwrL64xx.m4f.ti-arm-clang.release.lib : power_xwrLx4xx_freertos.obj (.text.vPortSuppressTicksAndSleep)
                  00410332    0000002a                                                    : tasks.obj (.text.vTaskPlaceOnEventListRestricted)
                  0041035c    0000002a                                                    : queue.obj (.text.xQueueGiveMutexRecursive)
                  00410386    00000002     --HOLE-- [fill = 0]
                  00410388    00000028     libc.a : memory.c.obj (.text.free_list_insert)
                  004103b0    00000028     freertos.xwrL64xx.m4f.ti-arm-clang.release.lib : port.obj (.text.pxPortInitialiseStack)
                  004103d8    00000028                                                    : queue.obj (.text.vQueueAddToRegistry)
                  00410400    00000028                                                    : queue.obj (.text.xQueueTakeMutexRecursive)
                  00410428    00000024     ti_dpl_config.obj (.text.Dpl_init)
                  0041044c    00000024     drivers.xwrL64xx.m4f.ti-arm-clang.release.lib : edma.obj (.text.EDMAReadIntrStatusRegion)
                  00410470    00000024     freertos.xwrL64xx.m4f.ti-arm-clang.release.lib : list.obj (.text.uxListRemove)
                  00410494    0000000c                                                    : DebugP_uartLogWriter.obj (.text.DebugP_uartSetDrvIndex)
                  004104a0    00000024                                                    : port.obj (.text.vPortSVCHandler)
                  004104c4    00000024                                                    : printf.obj (.text.vprintf_)
                  004104e8    00000024                                                    : queue.obj (.text.xQueueGenericCreateStatic)
                  0041050c    00000024                                                    : tasks.obj (.text.xTaskGetSchedulerState)
                  00410530    00000022     drivers.xwrL64xx.m4f.ti-arm-clang.release.lib : soc.obj (.text.SOC_controlModuleUnlockMMR)
                  00410552    00000002     --HOLE-- [fill = 0]
                  00410554    00000022     freertos.xwrL64xx.m4f.ti-arm-clang.release.lib : port.obj (.text.prvTaskExitError)
                  00410576    00000020                                                    : DebugP_log.obj (.text.DebugP_logZoneEnable)
                  00410596    00000002     --HOLE-- [fill = 0]
                  00410598    00000020     libclang_rt.builtins.a : floatunsidf.S.obj (.text.__floatunsidf)
                  004105b8    00000020     freertos.xwrL64xx.m4f.ti-arm-clang.release.lib : tasks.obj (.text.prvDeleteTCB)
                  004105d8    00000020                                                    : port.obj (.text.vPortEnterCritical)
                  004105f8    00000020                                                    : tasks.obj (.text.vTaskPlaceOnEventList)
                  00410618    0000001e     drivers.xwrL64xx.m4f.ti-arm-clang.release.lib : edma.obj (.text.EDMAClrIntrRegion)
                  00410636    00000002     --HOLE-- [fill = 0]
                  00410638    0000001e     freertos.xwrL64xx.m4f.ti-arm-clang.release.lib : DebugP_log.obj (.text._DebugP_assertNoLog)
                  00410656    0000001c     libc.a : k_rem_pio2.c.obj (.text.OUTLINED_FUNCTION_0)
                  00410672    00000002     --HOLE-- [fill = 0]
                  00410674    0000001c            : memory.c.obj (.text.free_list_remove)
                  00410690    0000001c     freertos.xwrL64xx.m4f.ti-arm-clang.release.lib : port.obj (.text.vApplicationGetIdleTaskMemory)
                  004106ac    0000001c                                                    : port.obj (.text.vApplicationGetTimerTaskMemory)
                  004106c8    0000001c                                                    : list.obj (.text.vListInsertEnd)
                  004106e4    0000001a                                                    : SysTickTimerP.obj (.text.SysTickTimerP_Params_init)
                  004106fe    0000001a                                                    : boot_armv7m.obj (.text.stack_init)
                  00410718    0000001a                                                    : port.obj (.text.vPortExitCritical)
                  00410732    0000001a                                                    : heap_3.obj (.text.vPortFree)
                  0041074c    0000001a                                                    : tasks.obj (.text.vTaskInternalSetTimeOutState)
                  00410766    00000018                                                    : TaskP_freertos.obj (.text.TaskP_yield)
                  0041077e    00000018                                                    : tasks.obj (.text.pvTaskIncrementMutexHeldCount)
                  00410796    00000016     drivers.xwrL64xx.m4f.ti-arm-clang.release.lib : power_xwrLx4xx.obj (.text.Power_idleFunc)
                  004107ac    00000016                                                   : soc_rcm.obj (.text.SOC_getEfusePgVersion)
                  004107c2    00000016     freertos.xwrL64xx.m4f.ti-arm-clang.release.lib : list.obj (.text.vListInitialise)
                  004107d8    00000014                                                    : ClockP_freertos.obj (.text.ClockP_usecToTicks)
                  004107ec    00000014     drivers.xwrL64xx.m4f.ti-arm-clang.release.lib : edma.obj (.text.EDMA_getRegionId)
                  00410800    00000014     libc.a : k_rem_pio2.c.obj (.text.OUTLINED_FUNCTION_1)
                  00410814    00000014     drivers.xwrL64xx.m4f.ti-arm-clang.release.lib : soc.obj (.text.SOC_controlModuleLockMMR)
                  00410828    00000014     libclang_rt.builtins.a : aeabi_uldivmod.S.obj (.text.__aeabi_uldivmod)
                  0041083c    00000014     freertos.xwrL64xx.m4f.ti-arm-clang.release.lib : port.obj (.text.vPortEnableVFP)
                  00410850    00000012     drivers.xwrL64xx.m4f.ti-arm-clang.release.lib : soc.obj (.text.SOC_clocksEnable)
                  00410862    00000012     freertos.xwrL64xx.m4f.ti-arm-clang.release.lib : SysTickTimerP.obj (.text.SysTickTimerP_start)
                  00410874    00000012     main.obj (.text.freertos_main)
                  00410886    00000012     ti_dpl_config.obj (.text.putchar_)
                  00410898    00000012     libc.a : memcpy_t2.S.obj (.text:TI_memcpy_small)
                  004108aa    00000010            : s_sin.c.obj (.text.OUTLINED_FUNCTION_1)
                  004108ba    00000010            : s_sin.c.obj (.text.OUTLINED_FUNCTION_2)
                  004108ca    00000010            : k_rem_pio2.c.obj (.text.OUTLINED_FUNCTION_6)
                  004108da    00000010     freertos.xwrL64xx.m4f.ti-arm-clang.release.lib : tasks.obj (.text.vTaskSuspendAll)
                  004108ea    0000000e     ti_drivers_open_close.obj (.text.Drivers_open)
                  004108f8    0000000e     drivers.xwrL64xx.m4f.ti-arm-clang.release.lib : edma.obj (.text.EDMACCPaRAMEntry_init)
                  00410906    0000000e     hwa_real_fft.obj (.text.HWAFFT_doneCallback)
                  00410914    0000000e     libc.a : s_sin.c.obj (.text.OUTLINED_FUNCTION_5)
                  00410922    0000000e     ti_pinmux_config.obj (.text.Pinmux_init)
                  00410930    0000000e     ti_power_clock_config.obj (.text.PowerClock_init)
                  0041093e    0000000e     freertos.xwrL64xx.m4f.ti-arm-clang.release.lib : SysTickTimerP.obj (.text.SysTickTimerP_getCount)
                  0041094c    0000000e                                                    : SysTickTimerP.obj (.text.SysTickTimerP_getReloadCount)
                  0041095a    0000000e     libsysbm.a : hostrename.c.obj (.text.strcpy)
                  00410968    0000000e                : hostrename.c.obj (.text.strlen)
                  00410976    0000000e     freertos.xwrL64xx.m4f.ti-arm-clang.release.lib : tasks.obj (.text.vTaskMissedYield)
                  00410984    0000000e     libc.a : memset_t2.S.obj (.text:TI_memset_small)
                  00410992    0000000c            : k_sin.c.obj (.text.OUTLINED_FUNCTION_0)
                  0041099e    0000000c            : s_floor.c.obj (.text.OUTLINED_FUNCTION_0)
                  004109aa    0000000c            : s_sin.c.obj (.text.OUTLINED_FUNCTION_0)
                  004109b6    0000000c            : k_cos.c.obj (.text.OUTLINED_FUNCTION_2)
                  004109c2    0000000c            : k_rem_pio2.c.obj (.text.OUTLINED_FUNCTION_3)
                  004109ce    0000000c            : k_sin.c.obj (.text.OUTLINED_FUNCTION_3)
                  004109da    0000000c            : s_sin.c.obj (.text.OUTLINED_FUNCTION_6)
                  004109e6    0000000c     drivers.xwrL64xx.m4f.ti-arm-clang.release.lib : soc.obj (.text.SOC_moduleClockEnable)
                  004109f2    00000002     --HOLE-- [fill = 0]
                  004109f4    0000000c     libc.a : fputc.c.obj (.text.putchar)
                  00410a00    0000000c     freertos.xwrL64xx.m4f.ti-arm-clang.release.lib : tasks.obj (.text.xTaskGetCurrentTaskHandle)
                  00410a0c    0000000c                                                    : tasks.obj (.text.xTaskGetTickCount)
                  00410a18    0000000a     libc.a : k_cos.c.obj (.text.OUTLINED_FUNCTION_3)
                  00410a22    0000000a            : s_sin.c.obj (.text.OUTLINED_FUNCTION_7)
                  00410a2c    0000000a     libclang_rt.builtins.a : aeabi_memset.S.obj (.text.__aeabi_memset)
                  00410a36    0000000a     freertos.xwrL64xx.m4f.ti-arm-clang.release.lib : printf.obj (.text._out_char)
                  00410a40    00000008     drivers.xwrL64xx.m4f.ti-arm-clang.release.lib : edma.obj (.text.EDMA_allocParam)
                  00410a48    00000008                                                   : edma.obj (.text.EDMA_allocTcc)
                  00410a50    00000008                                                   : edma.obj (.text.EDMA_freeDmaChannel)
                  00410a58    00000008                                                   : edma.obj (.text.EDMA_freeParam)
                  00410a60    00000008                                                   : edma.obj (.text.EDMA_freeTcc)
                  00410a68    00000008     libc.a : k_cos.c.obj (.text.OUTLINED_FUNCTION_0)
                  00410a70    00000008            : k_cos.c.obj (.text.OUTLINED_FUNCTION_1)
                  00410a78    00000008            : k_sin.c.obj (.text.OUTLINED_FUNCTION_1)
                  00410a80    00000008            : s_floor.c.obj (.text.OUTLINED_FUNCTION_1)
                  00410a88    00000008            : k_rem_pio2.c.obj (.text.OUTLINED_FUNCTION_2)
                  00410a90    00000008            : k_sin.c.obj (.text.OUTLINED_FUNCTION_2)
                  00410a98    00000008            : s_sin.c.obj (.text.OUTLINED_FUNCTION_3)
                  00410aa0    00000008            : k_rem_pio2.c.obj (.text.OUTLINED_FUNCTION_4)
                  00410aa8    00000008            : s_sin.c.obj (.text.OUTLINED_FUNCTION_4)
                  00410ab0    00000008            : k_rem_pio2.c.obj (.text.OUTLINED_FUNCTION_5)
                  00410ab8    00000008            : aeabi_portable.c.obj (.text.__aeabi_errno_addr)
                  00410ac0    00000008     libclang_rt.builtins.a : aeabi_memset.S.obj (.text.__aeabi_memclr)
                  00410ac8    00000008     libc.a : memory.c.obj (.text.malloc)
                  00410ad0    00000006     drivers.xwrL64xx.m4f.ti-arm-clang.release.lib : edma.obj (.text.EDMA_isInterruptEnabled)
                  00410ad6    00000006     freertos.xwrL64xx.m4f.ti-arm-clang.release.lib : SemaphoreP_freertos.obj (.text.SemaphoreP_destruct)
                  00410adc    00000006                                                    : list.obj (.text.vListInitialiseItem)
                  00410ae2    00000004     drivers.xwrL64xx.m4f.ti-arm-clang.release.lib : soc.obj (.text.SOC_moduleSetClockFrequency)
                  00410ae6    00000002     --HOLE-- [fill = 0]
                  00410ae8    00000004     libclang_rt.builtins.a : aeabi_memcpy.S.obj (.text.__aeabi_memcpy)
                  00410aec    00000004     ti_dpl_config.obj (.text.boot)
                  00410af0    00000004     libc.a : fseek.c.obj (.text.fseek)
                  00410af4    00000004     libsysbm.a : remove.c.obj (.text.remove)
                  00410af8    00000004     libc.a : exit.c.obj (.text:abort)

.rodata    0    00410b00    00000b63     
                  00410b00    00000108     libc.a : k_rem_pio2.c.obj (.rodata.ipio2)
                  00410c08    0000005c     freertos.xwrL64xx.m4f.ti-arm-clang.release.lib : ClockP_freertos_m4.obj (.rodata.str1.93527999352055272301)
                  00410c64    00000004                                                    : printf.obj (.rodata.str1.127360175834607756121)
                  00410c68    00000050                                                    : printf.obj (.rodata._ftoa.pow10)
                  00410cb8    00000040     libc.a : k_rem_pio2.c.obj (.rodata.PIo2)
                  00410cf8    0000003b     drivers.xwrL64xx.m4f.ti-arm-clang.release.lib : hwa.obj (.rodata.str1.16429509581582831281)
                  00410d33    00000037     freertos.xwrL64xx.m4f.ti-arm-clang.release.lib : SemaphoreP_freertos.obj (.rodata.str1.101306302737560956511)
                  00410d6a    00000037     hwa_real_fft.obj (.rodata.str1.12636468131114448031)
                  00410da1    00000035     ti_drivers_open_close.obj (.rodata.str1.135241915826326793361)
                  00410dd6    00000035     ti_drivers_open_close.obj (.rodata.str1.89322429334436556861)
                  00410e0b    00000034     hwa_real_fft.obj (.rodata.str1.105241246978425067441)
                  00410e3f    00000030     hwa_real_fft.obj (.rodata.str1.9276815392903549191)
                  00410e6f    0000002f     hwa_real_fft.obj (.rodata.str1.113872683546213161481)
                  00410e9e    0000002a     freertos.xwrL64xx.m4f.ti-arm-clang.release.lib : DebugP_log.obj (.rodata.str1.83863751503234361091)
                  00410ec8    00000028                                                    : SysTickTimerP.obj (.rodata.str1.132229217866366624301)
                  00410ef0    00000026                                                    : ClockP_freertos_m4.obj (.rodata.str1.155599933748343169311)
                  00410f16    00000024     drivers.xwrL64xx.m4f.ti-arm-clang.release.lib : edma.obj (.rodata.str1.76418684701105564031)
                  00410f3a    00000022     freertos.xwrL64xx.m4f.ti-arm-clang.release.lib : ClockP_freertos_m4.obj (.rodata.str1.28494904843492979541)
                  00410f5c    00000022     drivers.xwrL64xx.m4f.ti-arm-clang.release.lib : hwa.obj (.rodata.str1.95115816398725402471)
                  00410f7e    00000021     freertos.xwrL64xx.m4f.ti-arm-clang.release.lib : SemaphoreP_freertos.obj (.rodata.str1.58153449447620416071)
                  00410f9f    00000021                                                    : SysTickTimerP.obj (.rodata.str1.88473769475384572821)
                  00410fc0    00000020     drivers.xwrL64xx.m4f.ti-arm-clang.release.lib : soc_rcm.obj (.rodata.cst16)
                  00410fe0    00000020     hwa_real_fft.obj (.rodata.str1.132903373867920259081)
                  00411000    00000020     freertos.xwrL64xx.m4f.ti-arm-clang.release.lib : ClockP_freertos_m4.obj (.rodata.str1.175475718105184423191)
                  00411020    0000001e     hwa_real_fft.obj (.rodata.str1.67409975645634395931)
                  0041103e    0000001e     freertos.xwrL64xx.m4f.ti-arm-clang.release.lib : ClockP_freertos_m4.obj (.rodata.str1.95418503957988924921)
                  0041105c    0000001c                                                    : ClockP_freertos_m4.obj (.rodata.str1.137153928244774444421)
                  00411078    0000001c     drivers.xwrL64xx.m4f.ti-arm-clang.release.lib : soc_rcm.obj (.rodata.str1.56477286324532805231)
                  00411094    0000001b     freertos.xwrL64xx.m4f.ti-arm-clang.release.lib : SysTickTimerP.obj (.rodata.str1.49371646234269088851)
                  004110af    0000001b                                                    : SemaphoreP_freertos.obj (.rodata.str1.54880761511891225261)
                  004110ca    0000001b     hwa_real_fft.obj (.rodata.str1.95594639812812303031)
                  004110e5    0000001a     drivers.xwrL64xx.m4f.ti-arm-clang.release.lib : edma.obj (.rodata.str1.100996213821086933721)
                  004110ff    0000001a     freertos.xwrL64xx.m4f.ti-arm-clang.release.lib : SemaphoreP_freertos.obj (.rodata.str1.113239132686834773161)
                  00411119    0000001a     drivers.xwrL64xx.m4f.ti-arm-clang.release.lib : soc_rcm.obj (.rodata.str1.13846211276285849311)
                  00411133    0000001a     hwa_real_fft.obj (.rodata.str1.37090184978147095151)
                  0041114d    0000001a     drivers.xwrL64xx.m4f.ti-arm-clang.release.lib : soc_rcm.obj (.rodata.str1.52576848066905547631)
                  00411167    0000001a     hwa_real_fft.obj (.rodata.str1.68737824894560574771)
                  00411181    0000001a     drivers.xwrL64xx.m4f.ti-arm-clang.release.lib : soc_rcm.obj (.rodata.str1.73573858413138203341)
                  0041119b    0000001a     hwa_real_fft.obj (.rodata.str1.76039250022639542871)
                  004111b5    00000019     drivers.xwrL64xx.m4f.ti-arm-clang.release.lib : soc_rcm.obj (.rodata.str1.164767278446434951321)
                  004111ce    00000019                                                   : uart_sci_edma.obj (.rodata.str1.1694563462317297321)
                  004111e7    00000019                                                   : uart_sci.obj (.rodata.str1.55013173113347637961)
                  00411200    00000019     freertos.xwrL64xx.m4f.ti-arm-clang.release.lib : SysTickTimerP.obj (.rodata.str1.61321094930033951131)
                  00411219    00000019     drivers.xwrL64xx.m4f.ti-arm-clang.release.lib : uart_sci.obj (.rodata.str1.87895611013758742281)
                  00411232    00000018                                                   : uart_sci.obj (.rodata.str1.120312415395384906381)
                  0041124a    00000018     hwa_real_fft.obj (.rodata.str1.73070377735050332521)
                  00411262    00000018     drivers.xwrL64xx.m4f.ti-arm-clang.release.lib : uart_sci_edma.obj (.rodata.str1.96300436347963894471)
                  0041127a    00000017                                                   : edma.obj (.rodata.str1.124854076466481638881)
                  00411291    00000017                                                   : uart_sci.obj (.rodata.str1.165585763696907955751)
                  004112a8    00000017                                                   : soc_rcm.obj (.rodata.str1.85053832093120688671)
                  004112bf    00000016                                                   : edma.obj (.rodata.str1.168695502010531622391)
                  004112d5    00000016     hwa_real_fft.obj (.rodata.str1.7817229903344781521)
                  004112eb    00000016     drivers.xwrL64xx.m4f.ti-arm-clang.release.lib : uart_sci.obj (.rodata.str1.85700947625728835951)
                  00411301    00000015     hwa_real_fft.obj (.rodata.str1.138026305758421612591)
                  00411316    00000015     drivers.xwrL64xx.m4f.ti-arm-clang.release.lib : uart_sci.obj (.rodata.str1.30326902893263927811)
                  0041132b    00000014                                                   : edma.obj (.rodata.str1.111851871490580105611)
                  0041133f    00000014                                                   : uart_sci.obj (.rodata.str1.121623592925719072031)
                  00411353    00000014                                                   : hwa.obj (.rodata.str1.128883140697146463411)
                  00411367    00000014                                                   : uart_sci.obj (.rodata.str1.156252650444771372741)
                  0041137b    00000014     hwa_real_fft.obj (.rodata.str1.78406852578103978861)
                  0041138f    00000014     freertos.xwrL64xx.m4f.ti-arm-clang.release.lib : SysTickTimerP.obj (.rodata.str1.92242029949279274251)
                  004113a3    00000013     drivers.xwrL64xx.m4f.ti-arm-clang.release.lib : edma.obj (.rodata.str1.161616063420144653881)
                  004113b6    00000013                                                   : uart_sci.obj (.rodata.str1.165533286247086816691)
                  004113c9    00000013     hwa_real_fft.obj (.rodata.str1.175283844129828311571)
                  004113dc    00000013     drivers.xwrL64xx.m4f.ti-arm-clang.release.lib : uart_sci.obj (.rodata.str1.69545364057784193721)
                  004113ef    00000012                                                   : edma.obj (.rodata.str1.108028640702030349071)
                  00411401    00000012                                                   : uart_sci_edma.obj (.rodata.str1.160953260642837941861)
                  00411413    00000012                                                   : edma.obj (.rodata.str1.168183851025455507691)
                  00411425    00000012                                                   : uart_sci.obj (.rodata.str1.178001865525784930881)
                  00411437    00000012                                                   : uart_sci_edma.obj (.rodata.str1.26883157310831064051)
                  00411449    00000012     hwa_real_fft.obj (.rodata.str1.42909024031465043511)
                  0041145b    00000012     hwa_real_fft.obj (.rodata.str1.47585914195138485651)
                  0041146d    00000011     drivers.xwrL64xx.m4f.ti-arm-clang.release.lib : edma.obj (.rodata.str1.106738448986847799941)
                  0041147e    00000011                                                   : hwa.obj (.rodata.str1.22388292033590996601)
                  0041148f    00000011                                                   : uart_sci.obj (.rodata.str1.45363221463256978381)
                  004114a0    00000011     ti_drivers_open_close.obj (.rodata.str1.47319419042038394831)
                  004114b1    00000011     ti_drivers_open_close.obj (.rodata.str1.49542467075964467631)
                  004114c2    00000011     freertos.xwrL64xx.m4f.ti-arm-clang.release.lib : SemaphoreP_freertos.obj (.rodata.str1.7963420168829568641)
                  004114d3    00000001     --HOLE-- [fill = 0]
                  004114d4    00000010     libc.a : k_rem_pio2.c.obj (.rodata.cst16)
                  004114e4    00000010     drivers.xwrL64xx.m4f.ti-arm-clang.release.lib : soc_rcm.obj (.rodata.cst8)
                  004114f4    00000010                                                   : soc_rcm.obj (.rodata.str1.1771380296078173761)
                  00411504    00000010     hwa_real_fft.obj (.rodata.str1.61251590321572408641)
                  00411514    0000000f     drivers.xwrL64xx.m4f.ti-arm-clang.release.lib : uart_sci_edma.obj (.rodata.str1.111748486407635674111)
                  00411523    0000000f                                                   : edma.obj (.rodata.str1.146140478628064919631)
                  00411532    0000000f                                                   : edma.obj (.rodata.str1.161917553004410528641)
                  00411541    0000000f                                                   : uart_sci.obj (.rodata.str1.58838004102269809421)
                  00411550    0000000f                                                   : edma.obj (.rodata.str1.7213619448781788421)
                  0041155f    0000000e                                                   : uart_sci.obj (.rodata.str1.103833506493370671461)
                  0041156d    0000000e     main.obj (.rodata.str1.176328792963337784071)
                  0041157b    0000000e     hwa_real_fft.obj (.rodata.str1.36997739505833368311)
                  00411589    0000000e     drivers.xwrL64xx.m4f.ti-arm-clang.release.lib : edma.obj (.rodata.str1.71946734960229262581)
                  00411597    0000000d                                                   : edma.obj (.rodata.str1.20711589974906254701)
                  004115a4    0000000d                                                   : hwa.obj (.rodata.str1.46714508809765421371)
                  004115b1    0000000d     hwa_real_fft.obj (.rodata.str1.62389795204110950421)
                  004115be    0000000c     drivers.xwrL64xx.m4f.ti-arm-clang.release.lib : soc_rcm.obj (.rodata.gSocRcmSpiClkSrcValMap)
                  004115ca    0000000c     freertos.xwrL64xx.m4f.ti-arm-clang.release.lib : ClockP_freertos_m4.obj (.rodata.str1.12099769221571131241)
                  004115d6    0000000c                                                    : SemaphoreP_freertos.obj (.rodata.str1.58303800943864521271)
                  004115e2    0000000b     drivers.xwrL64xx.m4f.ti-arm-clang.release.lib : uart_sci.obj (.rodata.str1.132042644373295978941)
                  004115ed    0000000b                                                   : uart_sci.obj (.rodata.str1.174583129905367634191)
                  004115f8    0000000b                                                   : edma.obj (.rodata.str1.76990244014968518721)
                  00411603    00000001     --HOLE-- [fill = 0]
                  00411604    0000000a                                                   : soc_rcm.obj (.rodata.gSocRcmWdtClkSrcValMap)
                  0041160e    0000000a                                                   : uart_sci.obj (.rodata.str1.124552654841916713531)
                  00411618    0000000a                                                   : edma.obj (.rodata.str1.138945604539585827651)
                  00411622    0000000a                                                   : edma.obj (.rodata.str1.155011958078798190681)
                  0041162c    0000000a                                                   : uart_sci.obj (.rodata.str1.170731718426455550511)
                  00411636    00000008     freertos.xwrL64xx.m4f.ti-arm-clang.release.lib : timers.obj (.rodata.str1.48907828374953663071)
                  0041163e    00000006     drivers.xwrL64xx.m4f.ti-arm-clang.release.lib : edma.obj (.rodata.str1.88401663264709294401)
                  00411644    00000005     freertos.xwrL64xx.m4f.ti-arm-clang.release.lib : printf.obj (.rodata.str1.119016125874353717991)
                  00411649    00000005                                                    : timers.obj (.rodata.str1.171292879472474763341)
                  0041164e    00000005                                                    : printf.obj (.rodata.str1.23819535256173504321)
                  00411653    00000005                                                    : tasks.obj (.rodata.str1.82129946285546181581)
                  00411658    00000004                                                    : printf.obj (.rodata.str1.129146086478572783701)
                  0041165c    00000004                                                    : tasks.obj (.rodata.uxTopUsedPriority)
                  00411660    00000003     drivers.xwrL64xx.m4f.ti-arm-clang.release.lib : hwa.obj (.rodata.str1.78384956701662013721)

.data      0    00411668    000008d9     
                  00411668    00000400     hwa_real_fft.obj (.data.test1Ref)
                  00411a68    000000f0     libc.a : defs.c.obj (.data._ftable)
                  00411b58    000000c8     drivers.xwrL64xx.m4f.ti-arm-clang.release.lib : power_xwrLx4xx.obj (.data.Power_module)
                  00411c20    00000078     libsysbm.a : host_device.c.obj (.data._device)
                  00411c98    00000064     drivers.xwrL64xx.m4f.ti-arm-clang.release.lib : uart_sci.obj (.data.gUartDrvObj)
                  00411cfc    00000050     libsysbm.a : host_device.c.obj (.data._stream)
                  00411d4c    00000050     ti_drivers_config.obj (.data.gEdmaAttrs)
                  00411d9c    00000038     ti_drivers_open_close.obj (.data.gUartParams)
                  00411dd4    00000030     ti_drivers_config.obj (.data.gHwaAttrs)
                  00411e04    00000030     ti_dpl_config.obj (.data.gMpuRegionConfig)
                  00411e34    00000018     ti_pinmux_config.obj (.data.gPinMuxMainDomainCfg)
                  00411e4c    00000018     ti_power_clock_config.obj (.data.gSocModulesClockFrequency)
                  00411e64    00000014     ti_dpl_config.obj (.data.gClockConfig)
                  00411e78    00000010     ti_power_clock_config.obj (.data.gSocModules)
                  00411e88    0000000c     freertos.xwrL64xx.m4f.ti-arm-clang.release.lib : AddrTranslateP.obj (.data.gAddrTranslateConfig)
                  00411e94    0000000c     ti_dpl_config.obj (.data.gMpuConfig)
                  00411ea0    00000008     libc.a : exit.c.obj (.data..L_MergedGlobals)
                  00411ea8    00000008     ti_drivers_config.obj (.data.gEdmaConfig)
                  00411eb0    00000008     ti_drivers_config.obj (.data.gUartAttrs)
                  00411eb8    00000008     ti_drivers_config.obj (.data.gUartConfig)
                  00411ec0    00000004     freertos.xwrL64xx.m4f.ti-arm-clang.release.lib : tasks.obj (.data.FreeRTOS_errno)
                  00411ec4    00000004     libc.a : defs.c.obj (.data.__TI_ft_end)
                  00411ec8    00000004            : aeabi_portable.c.obj (.data.__aeabi_errno)
                  00411ecc    00000004            : _lock.c.obj (.data._lock)
                  00411ed0    00000004            : _lock.c.obj (.data._unlock)
                  00411ed4    00000004     freertos.xwrL64xx.m4f.ti-arm-clang.release.lib : DebugP_log.obj (.data.gDebugLogZone)
                  00411ed8    00000004                                                    : DebugP_uartLogWriter.obj (.data.gDebugP_uartDrvIndex)
                  00411edc    00000004     ti_drivers_config.obj (.data.gEdmaConfigNum)
                  00411ee0    00000004     ti_drivers_open_close.obj (.data.gEdmaParams)
                  00411ee4    00000004     ti_drivers_config.obj (.data.gHwaConfigNum)
                  00411ee8    00000004     ti_drivers_config.obj (.data.gHwaObjectPtr)
                  00411eec    00000004     ti_drivers_config.obj (.data.gUartConfigNum)
                  00411ef0    00000004     freertos.xwrL64xx.m4f.ti-arm-clang.release.lib : power_xwrLx4xx_freertos.obj (.data.idleTicks)
                  00411ef4    00000004                                                    : timers.obj (.data.prvSampleTimeNow.xLastTime)
                  00411ef8    00000004                                                    : tasks.obj (.data.pxCurrentTCB)
                  00411efc    00000004                                                    : port.obj (.data.uxCriticalNesting)
                  00411f00    00000004                                                    : tasks.obj (.data.uxCurrentNumberOfTasks)
                  00411f04    00000004                                                    : tasks.obj (.data.uxDeletedTasksWaitingCleanUp)
                  00411f08    00000004                                                    : tasks.obj (.data.uxSchedulerSuspended)
                  00411f0c    00000004                                                    : tasks.obj (.data.uxTaskNumber)
                  00411f10    00000004                                                    : tasks.obj (.data.uxTopReadyPriority)
                  00411f14    00000004                                                    : tasks.obj (.data.xIdleTaskHandle)
                  00411f18    00000004                                                    : tasks.obj (.data.xNextTaskUnblockTime)
                  00411f1c    00000004                                                    : tasks.obj (.data.xNumOfOverflows)
                  00411f20    00000004                                                    : tasks.obj (.data.xPendedTicks)
                  00411f24    00000004                                                    : tasks.obj (.data.xSchedulerRunning)
                  00411f28    00000004                                                    : tasks.obj (.data.xTickCount)
                  00411f2c    00000004                                                    : timers.obj (.data.xTimerQueue)
                  00411f30    00000004                                                    : timers.obj (.data.xTimerTaskHandle)
                  00411f34    00000004                                                    : tasks.obj (.data.xYieldPending)
                  00411f38    00000001                                                    : DebugP_freertos.obj (.data.gDebugLogIsInitDone)
                  00411f39    00000003     --HOLE-- [fill = 0]
                  00411f3c    00000001     libc.a : memory.c.obj (.data.memory_is_initialized)
                  00411f3d    00000003     --HOLE-- [fill = 0]
                  00411f40    00000001     freertos.xwrL64xx.m4f.ti-arm-clang.release.lib : port.obj (.data.ulPortSchedularRunning)

MODULE SUMMARY

       Module                              code    ro data   rw data
       ------                              ----    -------   -------
    obj/release/
       main.obj                            108     14        16512  
       hwa_real_fft.obj                    2042    554       2220   
       ti_drivers_config.obj               118     0         908    
       ti_drivers_open_close.obj           210     140       68     
       ti_power_clock_config.obj           120     0         40     
       ti_dpl_config.obj                   58      0         80     
       ti_pinmux_config.obj                14      0         24     
       ti_board_open_close.obj             6       0         0      
       ti_board_config.obj                 2       0         0      
    +--+-----------------------------------+-------+---------+---------+
       Total:                              2678    708       19852  
                                                                    
    /home/epswbld7/ti/ccs1271/ccs/tools/compiler/ti-cgt-armllvm_3.2.2.LTS/lib/armv7em-ti-none-eabihf/c/libc.a
       k_rem_pio2.c.obj                    1928    344       0      
       s_sin.c.obj                         1416    0         0      
       strcmp_t2.S.obj                     732     0         0      
       memory.c.obj                        712     0         5      
       k_sin.c.obj                         408     0         0      
       defs.c.obj                          0       0         404    
       k_cos.c.obj                         398     0         0      
       s_floor.c.obj                       308     0         0      
       s_scalbn.c.obj                      268     0         0      
       setvbuf.c.obj                       216     0         0      
       s_floorf.c.obj                      156     0         0      
       fputc.c.obj                         148     0         0      
       getdevice.c.obj                     148     0         0      
       s_roundf.c.obj                      126     0         0      
       fclose.c.obj                        116     0         0      
       fseek.c.obj                         108     0         0      
       _io_perm.c.obj                      96      0         0      
       fflush.c.obj                        80      0         0      
       exit.c.obj                          52      0         8      
       autoinit.c.obj                      56      0         0      
       fopen.c.obj                         52      0         0      
       memcpy_t2.S.obj                     18      0         0      
       memset_t2.S.obj                     14      0         0      
       aeabi_portable.c.obj                8       0         4      
       _lock.c.obj                         2       0         8      
    +--+-----------------------------------+-------+---------+---------+
       Total:                              7566    344       429    
                                                                    
    /home/epswbld7/ti/ccs1271/ccs/tools/compiler/ti-cgt-armllvm_3.2.2.LTS/lib/armv7em-ti-none-eabihf/c/libsysbm.a
       trgmsg.c.obj                        100     0         288    
       host_device.c.obj                   0       0         200    
       hostrename.c.obj                    128     0         0      
       close.c.obj                         96      0         0      
       hostopen.c.obj                      88      0         8      
       hostlseek.c.obj                     88      0         0      
       hostread.c.obj                      84      0         0      
       hostwrite.c.obj                     84      0         0      
       hostunlink.c.obj                    68      0         0      
       hostclose.c.obj                     60      0         0      
       lseek.c.obj                         44      0         0      
       unlink.c.obj                        44      0         0      
       write.c.obj                         44      0         0      
       remove.c.obj                        4       0         0      
    +--+-----------------------------------+-------+---------+---------+
       Total:                              932     0         496    
                                                                    
    /home/epswbld7/ti/ccs1271/ccs/tools/compiler/ti-cgt-armllvm_3.2.2.LTS/lib/clang/15.0.7/lib/armv7em-ti-none-eabihf/libclang_rt.builtins.a
       adddf3.S.obj                        438     0         0      
       divdf3.S.obj                        310     0         0      
       comparedf2.c.obj                    268     0         0      
       muldf3.S.obj                        252     0         0      
       udivmoddi4.S.obj                    176     0         0      
       aeabi_dcmp.S.obj                    98      0         0      
       fixdfsi.S.obj                       72      0         0      
       fixunsdfsi.S.obj                    68      0         0      
       extendsfdf2.S.obj                   56      0         0      
       floatsidf.S.obj                     46      0         0      
       floatunsidf.S.obj                   32      0         0      
       aeabi_uldivmod.S.obj                20      0         0      
       aeabi_memset.S.obj                  18      0         0      
       aeabi_memcpy.S.obj                  4       0         0      
       aeabi_div0.c.obj                    2       0         0      
    +--+-----------------------------------+-------+---------+---------+
       Total:                              1860    0         0      
                                                                    
    /nightlybuilds/mmwave_sdk_internal/mcupsdk_internal/jenkins/MMWAVE_L_SDK_05_05_04_02/source/drivers/lib/drivers.xwrL64xx.m4f.ti-arm-clang.release.lib
       hwa.obj                             4852    146       256    
       edma.obj                            3658    308       0      
       uart_sci.obj                        2584    324       100    
       soc_rcm.obj                         1628    240       0      
       uart_sci_edma.obj                   878     100       0      
       power_xwrLx4xx.obj                  22      0         200    
       soc.obj                             168     0         0      
       pinmux.obj                          54      0         0      
    +--+-----------------------------------+-------+---------+---------+
       Total:                              13844   1118      556    
                                                                    
    /nightlybuilds/mmwave_sdk_internal/mcupsdk_internal/jenkins/MMWAVE_L_SDK_05_05_04_02/source/kernel/freertos/lib/freertos.xwrL64xx.m4f.ti-arm-clang.release.lib
       port.obj                            564     0         5373   
       printf.obj                          4520    98        0      
       tasks.obj                           2906    9         484    
       queue.obj                           1960    0         256    
       HwiP_armv7m.obj                     966     0         640    
       timers.obj                          958     13        388    
       SemaphoreP_freertos.obj             402     170       72     
       ClockP_freertos_m4.obj              310     266       0      
       HwiP_armv7m_handlers_freertos.obj   186     0         320    
       MpuP_armv7m.obj                     458     0         0      
       SysTickTimerP.obj                   260     145       0      
       DebugP_freertos.obj                 118     0         97     
       ClockP_freertos.obj                 146     0         56     
       DebugP_log.obj                      156     42        4      
       list.obj                            150     0         0      
       AddrTranslateP.obj                  106     0         12     
       boot_armv7m.obj                     98      0         0      
       DebugP_uartLogWriter.obj            70      0         4      
       power_xwrLx4xx_freertos.obj         42      0         4      
       heap_3.obj                          26      0         0      
       TaskP_freertos.obj                  24      0         0      
    +--+-----------------------------------+-------+---------+---------+
       Total:                              14426   743       7710   
                                                                    
       Heap:                               0       0         8192   
       Stack:                              0       0         8192   
    +--+-----------------------------------+-------+---------+---------+
       Grand Total:                        41306   2913      45427  


GLOBAL SYMBOLS: SORTED ALPHABETICALLY BY Name 

address   name                               
-------   ----                               
0040ec35  AddrTranslateP_getLocalAddr        
00407907  Board_driversClose                 
00408bcd  Board_driversOpen                  
0040b16f  Board_init                         
00410af8  C$$EXIT                            
0040ff87  C$$IO$$                            
0040c94d  ClockP_getTicks                    
0040f761  ClockP_getTimeUsec                 
0040cca5  ClockP_getTimerCount               
0040c5cf  ClockP_init                        
0040bbd3  ClockP_timerClearOverflowInt       
0041011d  ClockP_timerTickIsr                
004107d9  ClockP_usecToTicks                 
00410577  DebugP_logZoneEnable               
0040fcf1  DebugP_uartLogWriterPutChar        
00410495  DebugP_uartSetDrvIndex             
00410429  Dpl_init                           
004101a7  Drivers_close                      
0040f7ad  Drivers_edmaOpen                   
004108eb  Drivers_open                       
0040fd67  Drivers_uartInit                   
0040f7f9  Drivers_uartOpen                   
004108f9  EDMACCPaRAMEntry_init              
00410619  EDMAClrIntrRegion                  
0040e99d  EDMAConfigureChannelRegion         
0040f845  EDMADisableChInShadowRegRegion     
0040e0b1  EDMADisableTransferRegion          
0041014b  EDMAEnableChInShadowRegRegion      
0040e141  EDMAEnableTransferRegion           
0040ef79  EDMAFreeChannelRegion              
0040fb43  EDMAMapChToEvtQ                    
0041044d  EDMAReadIntrStatusRegion           
0040fb81  EDMASetPaRAM                       
0040f109  EDMA_allocDmaChannel               
00410a41  EDMA_allocParam                    
00410a49  EDMA_allocTcc                      
0040e845  EDMA_close                         
00410a51  EDMA_freeDmaChannel                
00410a59  EDMA_freeParam                     
00410a61  EDMA_freeTcc                       
0040f969  EDMA_getBaseAddr                   
0040ffc5  EDMA_getHandle                     
004107ed  EDMA_getRegionId                   
0040a401  EDMA_init                          
00410ad1  EDMA_isInterruptEnabled            
0040c6ff  EDMA_open                          
0040d6e5  EDMA_registerIntr                  
0040d60d  EDMA_unregisterIntr                
00411ec0  FreeRTOS_errno                     
0040fc79  HOSTclose                          
0040f46d  HOSTlseek                          
0040f4c5  HOSTopen                           
0040f575  HOSTread                           
0040efdd  HOSTrename                         
0040f9f5  HOSTunlink                         
0040f5c9  HOSTwrite                          
0040f3b7  HWA_close                          
0040802d  HWA_configCommon                   
00406961  HWA_configParamSet                 
0040f041  HWA_enable                         
0040fa39  HWA_enableDoneInterrupt            
0040fd9f  HWA_getCommonCtrlAddr              
0040fdd7  HWA_getParamSetAddr                
0040be73  HWA_init                           
0040adf3  HWA_open                           
0040f88f  HWA_setSoftwareTrigger             
004061bc  HwaParamsetIntr                    
00409b63  HwiP_Params_init                   
0040d8e7  HwiP_busFault_handler              
00409af3  HwiP_clearInt                      
00409b75  HwiP_construct                     
0040d917  HwiP_debugMon_handler              
00409c1d  HwiP_destruct                      
00409cab  HwiP_disable                       
00409a39  HwiP_disableInt                    
00409cb7  HwiP_enable                        
004099e1  HwiP_enableInt                     
0040d8c7  HwiP_hardFault_handler             
0040a70b  HwiP_inISR                         
00409cc3  HwiP_init                          
0040d86d  HwiP_interrupt_handler             
0040d8d7  HwiP_memFault_handler              
0040d8a1  HwiP_nmi_handler                   
00409c97  HwiP_post                          
0040d907  HwiP_reserved_handler              
00409a2f  HwiP_restore                       
00409a95  HwiP_restoreInt                    
00409b15  HwiP_setPri                        
0040d8f7  HwiP_usageFault_handler            
0040fff9  Module_clockEnable                 
0040fe11  Module_clockSetFrequency           
0040ac29  MpuP_RegionAttrs_init              
0040ad43  MpuP_disable                       
0040ad09  MpuP_enable                        
0040ad79  MpuP_init                          
0040ad69  MpuP_isEnable                      
0040ac41  MpuP_setRegion                     
0040fef1  Pinmux_config                      
00410923  Pinmux_init                        
00410931  PowerClock_init                    
00410797  Power_idleFunc                     
00411b58  Power_module                       
00410851  SOC_clocksEnable                   
00410815  SOC_controlModuleLockMMR           
00410531  SOC_controlModuleUnlockMMR         
004107ad  SOC_getEfusePgVersion              
004109e7  SOC_moduleClockEnable              
00410ae3  SOC_moduleSetClockFrequency        
0040fe49  SOC_rcmEnableADPLLClock            
0040b629  SOC_rcmEnablePeripheralClock       
0040a0f1  SOC_rcmGetPeripheralClock          
00410201  SOC_rcmSetM4ClockSrc               
0040ba71  SOC_rcmSetPeripheralClock          
0040f66f  SOC_virtToPhy                      
0040ea0d  SemaphoreP_constructBinary         
0040f6bf  SemaphoreP_constructMutex          
00410ad7  SemaphoreP_destruct                
0040eead  SemaphoreP_pend                    
0040ef13  SemaphoreP_post                    
004106e5  SysTickTimerP_Params_init          
0041093f  SysTickTimerP_getCount             
0041094d  SysTickTimerP_getReloadCount       
0040d7af  SysTickTimerP_setup                
00410863  SysTickTimerP_start                
0040fbfd  System_init                        
00410899  TI_memcpy_small                    
00410985  TI_memset_small                    
00410767  TaskP_yield                        
0040bd2b  UART_close                         
0040b31f  UART_edmaChannelConfig             
0040dc71  UART_flushTxFifo                   
0041022d  UART_getHandle                     
0040df89  UART_init                          
00409d91  UART_open                          
0040a9fd  UART_write                         
0040d45d  UART_writeDma                      
00405f9c  _CIOBUF_                           
0040f2fd  _DebugP_assert                     
00410639  _DebugP_assertNoLog                
0040e759  _DebugP_logZone                    
00406960  __BSS_END                          
00400200  __BSS_START                        
00405f9c  __CIOBUF_                          
0045a000  __STACK_END                        
00002000  __STACK_SIZE                       
00002000  __SYSMEM_SIZE                      
00000000  __TI_ATRegion0_region_sz           
00000000  __TI_ATRegion0_src_addr            
00000000  __TI_ATRegion0_trg_addr            
00000000  __TI_ATRegion1_region_sz           
00000000  __TI_ATRegion1_src_addr            
00000000  __TI_ATRegion1_trg_addr            
00000000  __TI_ATRegion2_region_sz           
00000000  __TI_ATRegion2_src_addr            
00000000  __TI_ATRegion2_trg_addr            
UNDEFED   __TI_CINIT_Base                    
UNDEFED   __TI_CINIT_Limit                   
UNDEFED   __TI_Handler_Table_Base            
UNDEFED   __TI_Handler_Table_Limit           
0040feb9  __TI_auto_init_nobinit_nopinit     
0040ff29  __TI_cleanup                       
00411ea0  __TI_cleanup_ptr                   
0040e7d1  __TI_closefile                     
0040f70f  __TI_doflush                       
00411ea4  __TI_dtors_ptr                     
00411ec4  __TI_ft_end                        
ffffffff  __TI_pprof_out_hndl                
ffffffff  __TI_prof_data_size                
ffffffff  __TI_prof_data_start               
0041005d  __TI_readmsg                       
[...]
004103b1  pxPortInitialiseStack              
00410af5  remove                             
0040e4f5  roundf                             
0040cca9  scalbn                             
0040cca9  scalbnl                            
0040d535  setvbuf                            
00408bd1  sin                                
00408bd1  sinl                               
004106ff  stack_init                         
0040a729  strcmp                             
00411668  test1Ref                           
004102b1  unlink                             
00410471  uxListRemove                       
0041165c  uxTopUsedPriority                  
00410691  vApplicationGetIdleTaskMemory      
004106ad  vApplicationGetTimerTaskMemory     
004107c3  vListInitialise                    
00410add  vListInitialiseItem                
0040fd2d  vListInsert                        
004106c9  vListInsertEnd                     
0040c49b  vPortConfigTimerForRunTimeStats    
004105d9  vPortEnterCritical                 
00410719  vPortExitCritical                  
00410733  vPortFree                          
004104a1  vPortSVCHandler                    
00410309  vPortSuppressTicksAndSleep         
0040fc3b  vPortTimerTickHandler              
004103d9  vQueueAddToRegistry                
0040ff91  vQueueDelete                       
0040f9af  vQueueWaitForMessageRestricted     
0040d295  vTaskDelete                        
0041074d  vTaskInternalSetTimeOutState       
00410977  vTaskMissedYield                   
004105f9  vTaskPlaceOnEventList              
00410333  vTaskPlaceOnEventListRestricted    
0040e6e1  vTaskPriorityDisinheritAfterTimeout
0040def1  vTaskStartScheduler                
004108db  vTaskSuspendAll                    
0040e3f3  vTaskSwitchContext                 
004104c5  vprintf_                           
004102dd  write                              
0040f111  xPortPendSVHandler                 
0040ebc9  xPortStartScheduler                
0041002b  xQueueCreateMutexStatic            
004104e9  xQueueGenericCreateStatic          
0040ec9f  xQueueGenericReset                 
0040c22d  xQueueGenericSend                  
0040ed09  xQueueGenericSendFromISR           
0040f51d  xQueueGiveFromISR                  
0041035d  xQueueGiveMutexRecursive           
0040c365  xQueueReceive                      
0040e36f  xQueueReceiveFromISR               
004062bc  xQueueRegistry                     
0040bbd5  xQueueSemaphoreTake                
00410401  xQueueTakeMutexRecursive           
0040f35b  xTaskCheckForTimeOut               
0040fcb5  xTaskCreateStatic                  
00410a01  xTaskGetCurrentTaskHandle          
0041050d  xTaskGetSchedulerState             
00410a0d  xTaskGetTickCount                  
0040bfb9  xTaskIncrementTick                 
0040e92b  xTaskPriorityDisinherit            
0040d9d9  xTaskPriorityInherit               
0040da81  xTaskRemoveFromEventList           
0040ca71  xTaskResumeAll                     
0040f175  xTimerCreateTimerTask              
0040f61d  xTimerGenericCommand               


GLOBAL SYMBOLS: SORTED BY Symbol Address 

address   name                               
-------   ----                               
00000000  __TI_ATRegion0_region_sz           
00000000  __TI_ATRegion0_src_addr            
00000000  __TI_ATRegion0_trg_addr            
00000000  __TI_ATRegion1_region_sz           
00000000  __TI_ATRegion1_src_addr            
00000000  __TI_ATRegion1_trg_addr            
00000000  __TI_ATRegion2_region_sz           
00000000  __TI_ATRegion2_src_addr            
00000000  __TI_ATRegion2_trg_addr            
00002000  __STACK_SIZE                       
00002000  __SYSMEM_SIZE                      
00400000  __TI_static_base__                 
00400000  gHwiP_vectorTable                  
00400200  __BSS_START                        
00400200  __start___llvm_prf_bits            
00400200  __start___llvm_prf_cnts            
00400200  __stop___llvm_prf_bits             
00400200  __stop___llvm_prf_cnts             
00400200  gMainTaskStack                     
00405600  gHwaFftObject                      
004059c0  gHwiCtrl                           
00405f9c  _CIOBUF_                           
00405f9c  __CIOBUF_                          
004061bc  HwaParamsetIntr                    
004062bc  xQueueRegistry                     
004063bc  __TI_tmpnams                       
00406554  gMainTaskObj                       
004065d0  gHwaObject                         
00406800  gRovDummyQueue                     
00406848  gClockCtrl                         
0040690c  intrObj                            
00406920  intrObjOut                         
00406934  parmbuf                            
00406950  gEdmaHandle                        
00406954  gHwaHandle                         
00406958  gMainTask                          
0040695c  gUartHandle                        
00406960  __BSS_END                          
00406961  HWA_configParamSet                 
00407159  hwa_real_fft                       
00407907  Board_driversClose                 
00407909  __kernel_rem_pio2                  
0040802d  HWA_configCommon                   
00408bcd  Board_driversOpen                  
00408bd1  sin                                
00408bd1  sinl                               
004099e1  HwiP_enableInt                     
00409a2f  HwiP_restore                       
00409a39  HwiP_disableInt                    
00409a95  HwiP_restoreInt                    
00409af3  HwiP_clearInt                      
00409b15  HwiP_setPri                        
00409b63  HwiP_Params_init                   
00409b75  HwiP_construct                     
00409c1d  HwiP_destruct                      
00409c97  HwiP_post                          
00409cab  HwiP_disable                       
00409cb7  HwiP_enable                        
00409cc3  HwiP_init                          
00409d91  UART_open                          
0040a0f1  SOC_rcmGetPeripheralClock          
0040a401  EDMA_init                          
0040a70b  HwiP_inISR                         
0040a729  strcmp                             
0040a9fd  UART_write                         
0040ac29  MpuP_RegionAttrs_init              
0040ac41  MpuP_setRegion                     
0040ad09  MpuP_enable                        
0040ad43  MpuP_disable                       
0040ad69  MpuP_isEnable                      
0040ad79  MpuP_init                          
0040adf3  HWA_open                           
0040afb9  __aeabi_dsub                       
0040afb9  __subdf3                           
0040afc3  __adddf3                           
0040afc3  __aeabi_dadd                       
0040b16f  Board_init                         
0040b31f  UART_edmaChannelConfig             
0040b629  SOC_rcmEnablePeripheralClock       
0040b799  __kernel_sin                       
0040b909  __kernel_cos                       
0040ba71  SOC_rcmSetPeripheralClock          
0040bbd3  ClockP_timerClearOverflowInt       
0040bbd5  xQueueSemaphoreTake                
0040bd2b  UART_close                         
0040be73  HWA_init                           
0040bfb9  xTaskIncrementTick                 
0040c0f3  __aeabi_ldiv0                      
0040c0f5  __aeabi_ddiv                       
0040c0f5  __divdf3                           
0040c22b  _nop                               
0040c22d  xQueueGenericSend                  
0040c365  xQueueReceive                      
0040c49b  vPortConfigTimerForRunTimeStats    
0040c5cf  ClockP_init                        
0040c6ff  EDMA_open                          
0040c82d  aligned_alloc                      
0040c82d  memalign                           
0040c94d  ClockP_getTicks                    
0040c951  floor                              
0040c951  floorl                             
0040ca71  xTaskResumeAll                     
0040cca5  ClockP_getTimerCount               
0040cca9  ldexp                              
0040cca9  ldexpl                             
0040cca9  scalbn                             
0040cca9  scalbnl                            
0040ceb9  __aeabi_dmul                       
0040ceb9  __muldf3                           
0040d1a5  free                               
0040d295  vTaskDelete                        
0040d45d  UART_writeDma                      
0040d535  setvbuf                            
0040d60d  EDMA_unregisterIntr                
0040d6e5  EDMA_registerIntr                  
0040d7af  SysTickTimerP_setup                
0040d86d  HwiP_interrupt_handler             
0040d8a1  HwiP_nmi_handler                   
0040d8c7  HwiP_hardFault_handler             
0040d8d7  HwiP_memFault_handler              
0040d8e7  HwiP_busFault_handler              
0040d8f7  HwiP_usageFault_handler            
0040d907  HwiP_reserved_handler              
0040d917  HwiP_debugMon_handler              
0040d929  __udivmoddi4                       
0040d9d9  xTaskPriorityInherit               
0040da81  xTaskRemoveFromEventList           
0040dc71  UART_flushTxFifo                   
0040de55  floorf                             
0040def1  vTaskStartScheduler                
0040df89  UART_init                          
0040e0b1  EDMADisableTransferRegion          
0040e141  EDMAEnableTransferRegion           
0040e261  fputc                              
0040e36f  xQueueReceiveFromISR               
0040e3f3  vTaskSwitchContext                 
0040e4f5  roundf                             
0040e6e1  vTaskPriorityDisinheritAfterTimeout
0040e759  _DebugP_logZone                    
0040e7d1  __TI_closefile                     
0040e845  EDMA_close                         
0040e92b  xTaskPriorityDisinherit            
0040e99d  EDMAConfigureChannelRegion         
0040ea0d  SemaphoreP_constructBinary         
0040ea7d  __gedf2                            
0040ea7d  __gtdf2                            
0040eaed  __cmpdf2                           
0040eaed  __eqdf2                            
0040eaed  __ledf2                            
0040eaed  __ltdf2                            
0040eaed  __nedf2                            
0040ebc9  xPortStartScheduler                
0040ec35  AddrTranslateP_getLocalAddr        
0040ec9f  xQueueGenericReset                 
0040ed09  xQueueGenericSendFromISR           
0040eddd  fseeko                             
0040ee45  getdevice                          
0040eead  SemaphoreP_pend                    
0040ef13  SemaphoreP_post                    
0040ef79  EDMAFreeChannelRegion              
0040efdd  HOSTrename                         
0040f041  HWA_enable                         
0040f109  EDMA_allocDmaChannel               
0040f111  xPortPendSVHandler                 
0040f175  xTimerCreateTimerTask              
0040f1d9  __aeabi_dcmpeq                     
0040f1ed  __aeabi_dcmplt                     
0040f201  __aeabi_dcmple                     
0040f215  __aeabi_dcmpge                     
0040f229  __aeabi_dcmpgt                     
0040f23b  __TI_wrt_ok                        
0040f29d  close                              
0040f2fd  _DebugP_assert                     
0040f35b  xTaskCheckForTimeOut               
0040f3b7  HWA_close                          
0040f411  main                               
0040f46d  HOSTlseek                          
0040f4c5  HOSTopen                           
0040f51d  xQueueGiveFromISR                  
0040f575  HOSTread                           
0040f5c9  HOSTwrite                          
0040f61d  xTimerGenericCommand               
0040f66f  SOC_virtToPhy                      
0040f6bf  SemaphoreP_constructMutex          
0040f70f  __TI_doflush                       
0040f761  ClockP_getTimeUsec                 
0040f7ad  Drivers_edmaOpen                   
0040f7f9  Drivers_uartOpen                   
0040f845  EDMADisableChInShadowRegRegion     
0040f88f  HWA_setSoftwareTrigger             
0040f8d9  __aeabi_d2iz                       
0040f8d9  __fixdfsi                          
0040f921  _c_int00                           
0040f969  EDMA_getBaseAddr                   
0040f9af  vQueueWaitForMessageRestricted     
0040f9f5  HOSTunlink                         
0040fa39  HWA_enableDoneInterrupt            
0040fa7d  __aeabi_d2uiz                      
0040fa7d  __fixunsdfsi                       
0040fb43  EDMAMapChToEvtQ                    
0040fb81  EDMASetPaRAM                       
0040fbfd  System_init                        
0040fc3b  vPortTimerTickHandler              
0040fc79  HOSTclose                          
0040fcb5  xTaskCreateStatic                  
0040fcf1  DebugP_uartLogWriterPutChar        
0040fd2d  vListInsert                        
0040fd67  Drivers_uartInit                   
0040fd9f  HWA_getCommonCtrlAddr              
0040fdd7  HWA_getParamSetAddr                
0040fe11  Module_clockSetFrequency           
0040fe49  SOC_rcmEnableADPLLClock            
0040fe81  __aeabi_f2d                        
0040fe81  __extendsfdf2                      
0040feb9  __TI_auto_init_nobinit_nopinit     
0040fef1  Pinmux_config                      
0040ff29  __TI_cleanup                       
0040ff5d  __TI_writemsg                      
0040ff87  C$$IO$$                            
0040ff91  vQueueDelete                       
0040ffc5  EDMA_getHandle                     
0040fff9  Module_clockEnable                 
0041002b  xQueueCreateMutexStatic            
0041005d  __TI_readmsg                       
0041008d  __aeabi_dcmpun                     
0041008d  __unorddf2                         
004100bd  exit                               
0041011d  ClockP_timerTickIsr                
0041014b  EDMAEnableChInShadowRegRegion      
00410179  __aeabi_i2d                        
00410179  __floatsidf                        
004101a7  Drivers_close                      
00410201  SOC_rcmSetM4ClockSrc               
0041022d  UART_getHandle                     
00410259  finddevice                         
00410285  lseek                              
004102b1  unlink                             
004102dd  write                              
00410309  vPortSuppressTicksAndSleep         
00410333  vTaskPlaceOnEventListRestricted    
0041035d  xQueueGiveMutexRecursive           
004103b1  pxPortInitialiseStack              
004103d9  vQueueAddToRegistry                
00410401  xQueueTakeMutexRecursive           
00410429  Dpl_init                           
0041044d  EDMAReadIntrStatusRegion           
00410471  uxListRemove                       
00410495  DebugP_uartSetDrvIndex             
004104a1  vPortSVCHandler                    
004104c5  vprintf_                           
004104e9  xQueueGenericCreateStatic          
0041050d  xTaskGetSchedulerState             
00410531  SOC_controlModuleUnlockMMR         
00410577  DebugP_logZoneEnable               
00410599  __aeabi_ui2d                       
00410599  __floatunsidf                      
004105d9  vPortEnterCritical                 
004105f9  vTaskPlaceOnEventList              
00410619  EDMAClrIntrRegion                  
00410639  _DebugP_assertNoLog                
00410691  vApplicationGetIdleTaskMemory      
004106ad  vApplicationGetTimerTaskMemory     
004106c9  vListInsertEnd                     
004106e5  SysTickTimerP_Params_init          
004106ff  stack_init                         
00410719  vPortExitCritical                  
00410733  vPortFree                          
0041074d  vTaskInternalSetTimeOutState       
00410767  TaskP_yield                        
0041077f  pvTaskIncrementMutexHeldCount      
00410797  Power_idleFunc                     
004107ad  SOC_getEfusePgVersion              
004107c3  vListInitialise                    
004107d9  ClockP_usecToTicks                 
004107ed  EDMA_getRegionId                   
00410815  SOC_controlModuleLockMMR           
00410829  __aeabi_uldivmod                   
00410851  SOC_clocksEnable                   
00410863  SysTickTimerP_start                
00410875  freertos_main                      
00410887  putchar_                           
00410899  TI_memcpy_small                    
004108db  vTaskSuspendAll                    
004108eb  Drivers_open                       
004108f9  EDMACCPaRAMEntry_init              
00410923  Pinmux_init                        
00410931  PowerClock_init                    
0041093f  SysTickTimerP_getCount             
0041094d  SysTickTimerP_getReloadCount       
00410977  vTaskMissedYield                   
00410985  TI_memset_small                    
004109e7  SOC_moduleClockEnable              
004109f5  putchar                            
00410a01  xTaskGetCurrentTaskHandle          
00410a0d  xTaskGetTickCount                  
00410a2d  __aeabi_memset                     
00410a2d  __aeabi_memset4                    
00410a2d  __aeabi_memset8                    
00410a41  EDMA_allocParam                    
00410a49  EDMA_allocTcc                      
00410a51  EDMA_freeDmaChannel                
00410a59  EDMA_freeParam                     
00410a61  EDMA_freeTcc                       
00410ab9  __aeabi_errno_addr                 
00410ac1  __aeabi_memclr                     
00410ac1  __aeabi_memclr4                    
00410ac1  __aeabi_memclr8                    
00410ac9  malloc                             
00410ad1  EDMA_isInterruptEnabled            
00410ad7  SemaphoreP_destruct                
00410add  vListInitialiseItem                
00410ae3  SOC_moduleSetClockFrequency        
00410ae9  __aeabi_memcpy                     
00410ae9  __aeabi_memcpy4                    
00410ae9  __aeabi_memcpy8                    
00410aed  __mpu_init                         
00410af1  fseek                              
00410af5  remove                             
00410af8  C$$EXIT                            
00410af9  abort                              
0041165c  uxTopUsedPriority                  
00411668  test1Ref                           
00411a68  _ftable                            
00411b58  Power_module                       
00411c20  _device                            
00411cfc  _stream                            
00411d9c  gUartParams                        
00411dd4  gHwaAttrs                          
00411e04  gMpuRegionConfig                   
00411e4c  gSocModulesClockFrequency          
00411e64  gClockConfig                       
00411e78  gSocModules                        
00411e88  gAddrTranslateConfig               
00411e94  gMpuConfig                         
00411ea0  __TI_cleanup_ptr                   
00411ea4  __TI_dtors_ptr                     
00411ea8  gEdmaConfig                        
00411eb8  gUartConfig                        
00411ec0  FreeRTOS_errno                     
00411ec4  __TI_ft_end                        
00411ec8  __aeabi_errno                      
00411ecc  _lock                              
00411ed0  _unlock                            
00411ed4  gDebugLogZone                      
00411ed8  gDebugP_uartDrvIndex               
00411edc  gEdmaConfigNum                     
00411ee0  gEdmaParams                        
00411ee4  gHwaConfigNum                      
00411ee8  gHwaObjectPtr                      
00411eec  gUartConfigNum                     
00411ef8  pxCurrentTCB                       
00458000  __stack                            
0045a000  __STACK_END                        
0045a000  _sys_memory                        
ffffffff  __TI_pprof_out_hndl                
ffffffff  __TI_prof_data_size                
ffffffff  __TI_prof_data_start               
ffffffff  __binit__                          
ffffffff  binit                              
UNDEFED   __TI_CINIT_Base                    
UNDEFED   __TI_CINIT_Limit                   
UNDEFED   __TI_Handler_Table_Base            
UNDEFED   __TI_Handler_Table_Limit           
UNDEFED   _system_post_cinit                 

[364 symbols]
