******************************************************************************
            TI ARM Clang Linker Unix v3.2.2                    
******************************************************************************
>> Linked Fri Aug 29 15:07:26 2025

OUTPUT FILE NAME:   <lin_sci_dma_wcsp.release.out>
ENTRY POINT SYMBOL: "_c_int00"  address: 0040d91d


MEMORY CONFIGURATION

         name            origin    length      used     unused   attr    fill
----------------------  --------  ---------  --------  --------  ----  --------
  M4F_VECS              00400000   00000200  00000140  000000c0  RWIX
  M4F_RAM12             00400200   00057e00  0000faa9  00048357  RWIX
  M4F_RBL               00458000   00008000  00004000  00004000  RWIX
  M4F_RAM3              00460000   00020000  00000000  00020000  RWIX
  HWASS_SHM_MEM         60000000   00080000  00000000  00080000  RWIX


SEGMENT ALLOCATION MAP

run origin  load origin   length   init length attrs members
----------  ----------- ---------- ----------- ----- -------
00400000    00400000    00000140   00000140    rw-
  00400000    00400000    00000140   00000140    rw- .vectors
00400200    00400200    00006400   00000000    rw-
  00400200    00400200    00006400   00000000    rw- .bss
00406600    00406600    000091ec   000091ec    r-x
  00406600    00406600    00008260   00008260    r-x .text
  0040e860    0040e860    00000f8c   00000f8c    r-- .rodata
0040f7f0    0040f7f0    000004bd   000004bd    rw-
  0040f7f0    0040f7f0    000004bd   000004bd    rw- .data
00458000    00458000    00004000   00000000    rw-
  00458000    00458000    00002000   00000000    rw- .stack
  0045a000    0045a000    00002000   00000000    rw- .sysmem


SECTION ALLOCATION MAP

 output                                  attributes/
section   page    origin      length       input sections
--------  ----  ----------  ----------   ----------------
.vectors   0    00400000    00000140     
                  00400000    00000140     freertos.xwrL64xx.m4f.ti-arm-clang.release.lib : HwiP_armv7m_handlers_freertos.obj (.vectors)

.bss       0    00400200    00006400     UNINITIALIZED
                  00400200    00004000     (.common:gMainTaskStack)
                  00404200    00001000     freertos.xwrL64xx.m4f.ti-arm-clang.release.lib : port.obj (.bss.uxIdleTaskStack)
                  00405200    00000400                                                    : port.obj (.bss.uxTimerTaskStack)
                  00405600    00000280     (.common:gHwiCtrl)
                  00405880    0000021c     ti_drivers_config.obj (.bss.gUartObjects)
                  00405a9c    00000140     freertos.xwrL64xx.m4f.ti-arm-clang.release.lib : tasks.obj (.bss.pxReadyTasksLists)
                  00405bdc    00000120     libsysbm.a : trgmsg.c.obj (.bss:_CIOBUF_)
                  00405cfc    00000100     freertos.xwrL64xx.m4f.ti-arm-clang.release.lib : timers.obj (.bss.prvCheckForValidListAndQueue.ucStaticTimerQueueStorage)
                  00405dfc    00000004                                                    : timers.obj (.bss.pxCurrentTimerList)
                  00405e00    00000100     (.common:rData)
                  00405f00    00000100     (.common:sData)
                  00406000    00000100     (.common:xQueueRegistry)
                  00406100    000000a0     libc.a : defs.c.obj (.bss.__TI_tmpnams)
                  004061a0    0000007c     freertos.xwrL64xx.m4f.ti-arm-clang.release.lib : port.obj (.bss.xIdleTaskTCB)
                  0040621c    0000007c                                                    : port.obj (.bss.xTimerTaskTCB)
                  00406298    0000007c     (.common:gMainTaskObj)
                  00406314    00000060                                                    : DebugP_freertos.obj (.bss.gDebugLogLockObj)
                  00406374    00000058     ti_drivers_config.obj (.bss.gEdmaObjects)
                  004063cc    00000048     freertos.xwrL64xx.m4f.ti-arm-clang.release.lib : timers.obj (.bss.prvCheckForValidListAndQueue.xStaticTimerQueue)
                  00406414    00000048     (.common:gRovDummyQueue)
                  0040645c    00000004                                                    : tasks.obj (.bss.pxDelayedTaskList)
                  00406460    00000038     (.common:gClockCtrl)
                  00406498    00000014                                                    : timers.obj (.bss.xActiveTimerList1)
                  004064ac    00000014                                                    : timers.obj (.bss.xActiveTimerList2)
                  004064c0    00000014                                                    : tasks.obj (.bss.xDelayedTaskList1)
                  004064d4    00000014                                                    : tasks.obj (.bss.xDelayedTaskList2)
                  004064e8    00000014                                                    : tasks.obj (.bss.xPendingReadyList)
                  004064fc    00000014                                                    : tasks.obj (.bss.xSuspendedTaskList)
                  00406510    00000014                                                    : tasks.obj (.bss.xTasksWaitingTermination)
                  00406524    00000014     (.common:intrObj_rx)
                  00406538    00000014     (.common:intrObj_tx)
                  0040654c    00000008     libsysbm.a : hostopen.c.obj (.bss.parmbuf)
                  00406554    00000004     freertos.xwrL64xx.m4f.ti-arm-clang.release.lib : tasks.obj (.bss.pxOverflowDelayedTaskList)
                  00406558    00000004                                                    : timers.obj (.bss.pxOverflowTimerList)
                  0040655c    00000004     libc.a : memory.c.obj (.bss.sys_free)
                  00406560    00000004     (.common:dmaCh_rx)
                  00406564    00000004     (.common:dmaCh_tx)
                  00406568    00000004     (.common:gEdmaHandle)
                  0040656c    00000004     (.common:gMainTask)
                  00406570    00000004     (.common:gUartHandle)
                  00406574    00000004     (.common:param_rx)
                  00406578    00000004     (.common:param_tx)
                  0040657c    00000004     (.common:regionId)
                  00406580    00000004     (.common:tcc_rx)
                  00406584    00000004     (.common:tcc_tx)
                  00406588    00000002     (.common:tx_int)
                  0040658a    00000076     --HOLE--

.stack     0    00458000    00002000     UNINITIALIZED
                  00458000    00000004     freertos.xwrL64xx.m4f.ti-arm-clang.release.lib : boot_armv7m.obj (.stack)
                  00458004    00001ffc     --HOLE--

.sysmem    0    0045a000    00002000     UNINITIALIZED
                  0045a000    00000010     libc.a : memory.c.obj (.sysmem)
                  0045a010    00001ff0     --HOLE--

__llvm_prf_cnts 
*          0    00400200    00000000     UNINITIALIZED

__llvm_prf_bits 
*          0    00400200    00000000     UNINITIALIZED

.text      0    00406600    00008260     
                  00406600    0000099c     lin_sci_dma.obj (.text.lin_sci_dma_main)
                  00406f9c    00000570     freertos.xwrL64xx.m4f.ti-arm-clang.release.lib : printf.obj (.text._vsnprintf)
                  0040750c    00000004     ti_board_open_close.obj (.text.Board_driversOpen)
                  00407510    000004a8     freertos.xwrL64xx.m4f.ti-arm-clang.release.lib : printf.obj (.text._etoa)
                  004079b8    00000440                                                    : printf.obj (.text._ftoa)
                  00407df8    00000436     drivers.xwrL64xx.m4f.ti-arm-clang.release.lib : lin.obj (.text.LIN_initModule)
                  0040822e    00000002     ti_board_open_close.obj (.text.Board_driversClose)
                  00408230    000003b0     freertos.xwrL64xx.m4f.ti-arm-clang.release.lib : HwiP_armv7m.obj (.text.hwi)
                  004085e0    00000360     drivers.xwrL64xx.m4f.ti-arm-clang.release.lib : uart_sci.obj (.text.UART_open)
                  00408940    00000310                                                   : soc_rcm.obj (.text.SOC_rcmGetPeripheralClock)
                  00408c50    0000030a                                                   : edma.obj (.text.EDMA_init)
                  00408f5a    00000006                                                   : edma.obj (.text.EDMA_isInterruptEnabled)
                  00408f60    000002dc     libc.a : strcmp_t2.S.obj (.text:strcmp)
                  0040923c    0000022c     drivers.xwrL64xx.m4f.ti-arm-clang.release.lib : uart_sci.obj (.text.UART_write)
                  00409468    000001ca     freertos.xwrL64xx.m4f.ti-arm-clang.release.lib : MpuP_armv7m.obj (.text.mpu)
                  00409632    00000002     ti_board_config.obj (.text.Board_init)
                  00409634    000001b6     libclang_rt.builtins.a : adddf3.S.obj (.text.adddf3_subdf3)
                  004097ea    00000002     freertos.xwrL64xx.m4f.ti-arm-clang.release.lib : ClockP_freertos_m4.obj (.text.ClockP_timerClearOverflowInt)
                  004097ec    000001ae                                                    : timers.obj (.text.prvTimerTask)
                  0040999a    00000190     drivers.xwrL64xx.m4f.ti-arm-clang.release.lib : uart_sci_edma.obj (.text.UART_edmaChannelConfig)
                  00409b2a    0000017a                                                   : uart_sci.obj (.text.UART_controllerIsr)
                  00409ca4    00000170                                                   : soc_rcm.obj (.text.SOC_rcmEnablePeripheralClock)
                  00409e14    00000162                                                   : soc_rcm.obj (.text.SOC_rcmSetPeripheralClock)
                  00409f76    00000002     libclang_rt.builtins.a : aeabi_div0.c.obj (.text.__aeabi_ldiv0)
                  00409f78    00000156     freertos.xwrL64xx.m4f.ti-arm-clang.release.lib : queue.obj (.text.xQueueSemaphoreTake)
                  0040a0ce    00000148     drivers.xwrL64xx.m4f.ti-arm-clang.release.lib : uart_sci.obj (.text.UART_close)
                  0040a216    00000002     libc.a : _lock.c.obj (.text._nop)
                  0040a218    00000144     freertos.xwrL64xx.m4f.ti-arm-clang.release.lib : printf.obj (.text._ntoa_format)
                  0040a35c    0000013a                                                    : tasks.obj (.text.xTaskIncrementTick)
                  0040a496    00000002                                                    : printf.obj (.text._out_null)
                  0040a498    00000136     libclang_rt.builtins.a : divdf3.S.obj (.text.__divdf3)
                  0040a5ce    00000002     freertos.xwrL64xx.m4f.ti-arm-clang.release.lib : port.obj (.text.vPortConfigTimerForRunTimeStats)
                  0040a5d0    00000136                                                    : queue.obj (.text.xQueueGenericSend)
                  0040a706    00000002     --HOLE-- [fill = 0]
                  0040a708    00000136                                                    : queue.obj (.text.xQueueReceive)
                  0040a83e    00000002     --HOLE-- [fill = 0]
                  0040a840    00000132     drivers.xwrL64xx.m4f.ti-arm-clang.release.lib : edma.obj (.text.allocResource)
                  0040a972    00000130     freertos.xwrL64xx.m4f.ti-arm-clang.release.lib : ClockP_freertos_m4.obj (.text.ClockP_init)
                  0040aaa2    0000012c     drivers.xwrL64xx.m4f.ti-arm-clang.release.lib : edma.obj (.text.EDMA_open)
                  0040abce    00000002     --HOLE-- [fill = 0]
                  0040abd0    00000120     libc.a : memory.c.obj (.text.aligned_alloc)
                  0040acf0    0000011a     freertos.xwrL64xx.m4f.ti-arm-clang.release.lib : tasks.obj (.text.xTaskResumeAll)
                  0040ae0a    00000002     --HOLE-- [fill = 0]
                  0040ae0c    00000118                                                    : tasks.obj (.text.prvAddNewTaskToReadyList)
                  0040af24    00000104     drivers.xwrL64xx.m4f.ti-arm-clang.release.lib : edma.obj (.text.EDMA_transferCompletionMasterIsrFxn)
                  0040b028    000000fc     libclang_rt.builtins.a : muldf3.S.obj (.text.__muldf3)
                  0040b124    000000fa     drivers.xwrL64xx.m4f.ti-arm-clang.release.lib : edma.obj (.text.EDMA_freeResource)
                  0040b21e    00000002     --HOLE-- [fill = 0]
                  0040b220    000000f4     freertos.xwrL64xx.m4f.ti-arm-clang.release.lib : tasks.obj (.text.prvIdleTask)
                  0040b314    000000f0     libc.a : memory.c.obj (.text.free)
                  0040b404    000000ee     freertos.xwrL64xx.m4f.ti-arm-clang.release.lib : tasks.obj (.text.vTaskDelete)
                  0040b4f2    00000002     --HOLE-- [fill = 0]
                  0040b4f4    000000d8     drivers.xwrL64xx.m4f.ti-arm-clang.release.lib : edma.obj (.text.EDMA_allocResource)
                  0040b5cc    000000d8                                                   : uart_sci_edma.obj (.text.UART_writeDma)
                  0040b6a4    000000d8     libc.a : setvbuf.c.obj (.text.setvbuf)
                  0040b77c    000000d6     drivers.xwrL64xx.m4f.ti-arm-clang.release.lib : edma.obj (.text.EDMA_unregisterIntr)
                  0040b852    00000002     --HOLE-- [fill = 0]
                  0040b854    000000ca                                                   : edma.obj (.text.EDMA_registerIntr)
                  0040b91e    000000bc     freertos.xwrL64xx.m4f.ti-arm-clang.release.lib : SysTickTimerP.obj (.text.SysTickTimerP_setup)
                  0040b9da    00000002     --HOLE-- [fill = 0]
                  0040b9dc    000000ba                                                    : HwiP_armv7m_handlers_freertos.obj (.text.hwi)
                  0040ba96    00000002     --HOLE-- [fill = 0]
                  0040ba98    000000b0     libclang_rt.builtins.a : udivmoddi4.S.obj (.text)
                  0040bb48    000000a8     freertos.xwrL64xx.m4f.ti-arm-clang.release.lib : tasks.obj (.text.xTaskPriorityInherit)
                  0040bbf0    000000a6                                                    : tasks.obj (.text.xTaskRemoveFromEventList)
                  0040bc96    00000002     --HOLE-- [fill = 0]
                  0040bc98    000000a4                                                    : printf.obj (.text._ntoa_long_long)
                  0040bd3c    000000a4                                                    : printf.obj (.text._out_rev)
                  0040bde0    000000a2     drivers.xwrL64xx.m4f.ti-arm-clang.release.lib : uart_sci.obj (.text.UART_flushTxFifo)
                  0040be82    000000a0     freertos.xwrL64xx.m4f.ti-arm-clang.release.lib : tasks.obj (.text.prvAddCurrentTaskToDelayedList)
                  0040bf22    00000002     --HOLE-- [fill = 0]
                  0040bf24    000000a0                                                    : timers.obj (.text.prvSampleTimeNow)
                  0040bfc4    0000009c     libc.a : s_floorf.c.obj (.text.floorf)
                  0040c060    00000096     freertos.xwrL64xx.m4f.ti-arm-clang.release.lib : tasks.obj (.text.vTaskStartScheduler)
                  0040c0f6    00000002     --HOLE-- [fill = 0]
                  0040c0f8    00000094     drivers.xwrL64xx.m4f.ti-arm-clang.release.lib : uart_sci.obj (.text.UART_init)
                  0040c18c    00000094     freertos.xwrL64xx.m4f.ti-arm-clang.release.lib : printf.obj (.text._ntoa_long)
                  0040c220    00000090     drivers.xwrL64xx.m4f.ti-arm-clang.release.lib : edma.obj (.text.EDMADisableTransferRegion)
                  0040c2b0    00000090                                                   : edma.obj (.text.EDMAEnableTransferRegion)
                  0040c340    0000008e     freertos.xwrL64xx.m4f.ti-arm-clang.release.lib : tasks.obj (.text.prvInitialiseNewTask)
                  0040c3ce    00000002     --HOLE-- [fill = 0]
                  0040c3d0    00000088     libc.a : fputc.c.obj (.text.fputc)
                  0040c458    00000086     drivers.xwrL64xx.m4f.ti-arm-clang.release.lib : uart_sci_edma.obj (.text.UART_txEdmaIsrFxn)
                  0040c4de    00000084     freertos.xwrL64xx.m4f.ti-arm-clang.release.lib : queue.obj (.text.xQueueReceiveFromISR)
                  0040c562    00000082                                                    : tasks.obj (.text.vTaskSwitchContext)
                  0040c5e4    00000080     drivers.xwrL64xx.m4f.ti-arm-clang.release.lib : uart_sci_edma.obj (.text.UART_rxEdmaIsrFxn)
                  0040c664    0000007e     libc.a : s_roundf.c.obj (.text.roundf)
                  0040c6e2    0000007a     ti_drivers_config.obj (.text.System_init)
                  0040c75c    0000007a     freertos.xwrL64xx.m4f.ti-arm-clang.release.lib : timers.obj (.text.prvCheckForValidListAndQueue)
                  0040c7d6    0000007a                                                    : queue.obj (.text.prvCopyDataToQueue)
                  0040c850    00000078                                                    : tasks.obj (.text.vTaskPriorityDisinheritAfterTimeout)
                  0040c8c8    00000076                                                    : DebugP_freertos.obj (.text._DebugP_logZone)
                  0040c93e    00000002     --HOLE-- [fill = 0]
                  0040c940    00000074     libc.a : fclose.c.obj (.text.__TI_closefile)
                  0040c9b4    00000072     drivers.xwrL64xx.m4f.ti-arm-clang.release.lib : edma.obj (.text.EDMA_close)
                  0040ca26    00000002     --HOLE-- [fill = 0]
                  0040ca28    00000072     freertos.xwrL64xx.m4f.ti-arm-clang.release.lib : queue.obj (.text.prvUnlockQueue)
                  0040ca9a    00000072                                                    : tasks.obj (.text.xTaskPriorityDisinherit)
                  0040cb0c    00000070     drivers.xwrL64xx.m4f.ti-arm-clang.release.lib : edma.obj (.text.EDMAConfigureChannelRegion)
                  0040cb7c    00000070     freertos.xwrL64xx.m4f.ti-arm-clang.release.lib : SemaphoreP_freertos.obj (.text.SemaphoreP_constructBinary)
                  0040cbec    0000006e     libclang_rt.builtins.a : comparedf2.c.obj (.text.__gedf2)
                  0040cc5a    00000002     --HOLE-- [fill = 0]
                  0040cc5c    0000006e                            : comparedf2.c.obj (.text.__ledf2)
                  0040ccca    00000002     --HOLE-- [fill = 0]
                  0040cccc    0000006c     libc.a : memory.c.obj (.text.split)
                  0040cd38    0000006c     freertos.xwrL64xx.m4f.ti-arm-clang.release.lib : port.obj (.text.xPortStartScheduler)
                  0040cda4    0000006a                                                    : AddrTranslateP.obj (.text.AddrTranslateP_getLocalAddr)
                  0040ce0e    0000006a                                                    : queue.obj (.text.xQueueGenericReset)
                  0040ce78    0000006a                                                    : queue.obj (.text.xQueueGenericSendFromISR)
                  0040cee2    00000068     drivers.xwrL64xx.m4f.ti-arm-clang.release.lib : uart_sci.obj (.text.UART_writeCancelNoCB)
                  0040cf4a    00000002     --HOLE-- [fill = 0]
                  0040cf4c    00000068     libc.a : fseek.c.obj (.text.fseeko)
                  0040cfb4    00000068            : getdevice.c.obj (.text.getdevice)
                  0040d01c    00000066     freertos.xwrL64xx.m4f.ti-arm-clang.release.lib : SemaphoreP_freertos.obj (.text.SemaphoreP_pend)
                  0040d082    00000066                                                    : SemaphoreP_freertos.obj (.text.SemaphoreP_post)
                  0040d0e8    00000064     drivers.xwrL64xx.m4f.ti-arm-clang.release.lib : edma.obj (.text.EDMAFreeChannelRegion)
                  0040d14c    00000064     libsysbm.a : hostrename.c.obj (.text.HOSTrename)
                  0040d1b0    00000064     freertos.xwrL64xx.m4f.ti-arm-clang.release.lib : port.obj (.text.xPortPendSVHandler)
                  0040d214    00000064                                                    : timers.obj (.text.xTimerCreateTimerTask)
                  0040d278    00000062     libclang_rt.builtins.a : aeabi_dcmp.S.obj (.text.__aeabi_dcmp)
                  0040d2da    00000060     libc.a : _io_perm.c.obj (.text.__TI_wrt_ok)
                  0040d33a    00000002     --HOLE-- [fill = 0]
                  0040d33c    00000060     libsysbm.a : close.c.obj (.text.close)
                  0040d39c    0000005e     freertos.xwrL64xx.m4f.ti-arm-clang.release.lib : DebugP_log.obj (.text._DebugP_assert)
                  0040d3fa    0000005c                                                    : tasks.obj (.text.xTaskCheckForTimeOut)
                  0040d456    0000005a     main.obj (.text.main)
                  0040d4b0    00000058     libsysbm.a : hostlseek.c.obj (.text.HOSTlseek)
                  0040d508    00000058                : hostopen.c.obj (.text.HOSTopen)
                  0040d560    00000058     freertos.xwrL64xx.m4f.ti-arm-clang.release.lib : queue.obj (.text.xQueueGiveFromISR)
                  0040d5b8    00000054     libsysbm.a : hostread.c.obj (.text.HOSTread)
                  0040d60c    00000054                : hostwrite.c.obj (.text.HOSTwrite)
                  0040d660    00000052     freertos.xwrL64xx.m4f.ti-arm-clang.release.lib : timers.obj (.text.xTimerGenericCommand)
                  0040d6b2    00000050     drivers.xwrL64xx.m4f.ti-arm-clang.release.lib : soc.obj (.text.SOC_virtToPhy)
                  0040d702    00000050     freertos.xwrL64xx.m4f.ti-arm-clang.release.lib : SemaphoreP_freertos.obj (.text.SemaphoreP_constructMutex)
                  0040d752    00000050     libc.a : fflush.c.obj (.text.__TI_doflush)
                  0040d7a2    00000002     --HOLE-- [fill = 0]
                  0040d7a4    0000004c     freertos.xwrL64xx.m4f.ti-arm-clang.release.lib : ClockP_freertos.obj (.text.ClockP_getTimeUsec)
                  0040d7f0    0000004c     ti_drivers_open_close.obj (.text.Drivers_edmaOpen)
                  0040d83c    0000004c     ti_drivers_open_close.obj (.text.Drivers_uartOpen)
                  0040d888    0000004a     drivers.xwrL64xx.m4f.ti-arm-clang.release.lib : edma.obj (.text.EDMADisableChInShadowRegRegion)
                  0040d8d2    00000002     --HOLE-- [fill = 0]
                  0040d8d4    00000048     libclang_rt.builtins.a : fixdfsi.S.obj (.text.__fixdfsi)
                  0040d91c    00000048     freertos.xwrL64xx.m4f.ti-arm-clang.release.lib : boot_armv7m.obj (.text:_c_int00)
                  0040d964    00000046     drivers.xwrL64xx.m4f.ti-arm-clang.release.lib : edma.obj (.text.EDMA_getBaseAddr)
                  0040d9aa    00000046     freertos.xwrL64xx.m4f.ti-arm-clang.release.lib : queue.obj (.text.vQueueWaitForMessageRestricted)
                  0040d9f0    00000044     libsysbm.a : hostunlink.c.obj (.text.HOSTunlink)
                  0040da34    00000044     libclang_rt.builtins.a : fixunsdfsi.S.obj (.text.__fixunsdfsi)
                  0040da78    00000040     freertos.xwrL64xx.m4f.ti-arm-clang.release.lib : timers.obj (.text.prvInsertTimerInActiveList)
                  0040dab8    0000003e     drivers.xwrL64xx.m4f.ti-arm-clang.release.lib : edma.obj (.text.EDMAMapChToEvtQ)
                  0040daf6    00000002     --HOLE-- [fill = 0]
                  0040daf8    0000003e                                                   : edma.obj (.text.EDMASetPaRAM)
                  0040db36    0000003e     freertos.xwrL64xx.m4f.ti-arm-clang.release.lib : port.obj (.text.vPortTimerTickHandler)
                  0040db74    0000003c     libsysbm.a : hostclose.c.obj (.text.HOSTclose)
                  0040dbb0    0000003c     freertos.xwrL64xx.m4f.ti-arm-clang.release.lib : tasks.obj (.text.xTaskCreateStatic)
                  0040dbec    0000003a                                                    : DebugP_uartLogWriter.obj (.text.DebugP_uartLogWriterPutChar)
                  0040dc26    00000002     --HOLE-- [fill = 0]
                  0040dc28    0000003a                                                    : list.obj (.text.vListInsert)
                  0040dc62    00000038     ti_drivers_config.obj (.text.Drivers_uartInit)
                  0040dc9a    00000002     --HOLE-- [fill = 0]
                  0040dc9c    00000038     ti_power_clock_config.obj (.text.Module_clockSetFrequency)
                  0040dcd4    00000038     drivers.xwrL64xx.m4f.ti-arm-clang.release.lib : soc_rcm.obj (.text.SOC_rcmEnableADPLLClock)
                  0040dd0c    00000038     libclang_rt.builtins.a : extendsfdf2.S.obj (.text.__extendsfdf2)
                  0040dd44    00000038     libc.a : autoinit.c.obj (.text:__TI_auto_init_nobinit_nopinit)
                  0040dd7c    00000036     drivers.xwrL64xx.m4f.ti-arm-clang.release.lib : pinmux.obj (.text.Pinmux_config)
                  0040ddb2    00000002     --HOLE-- [fill = 0]
                  0040ddb4    00000034     libc.a : fopen.c.obj (.text.__TI_cleanup)
                  0040dde8    00000034     libsysbm.a : trgmsg.c.obj (.text.__TI_writemsg)
                  0040de1c    00000034     freertos.xwrL64xx.m4f.ti-arm-clang.release.lib : queue.obj (.text.vQueueDelete)
                  0040de50    00000032     drivers.xwrL64xx.m4f.ti-arm-clang.release.lib : edma.obj (.text.EDMA_getHandle)
                  0040de82    00000002     --HOLE-- [fill = 0]
                  0040de84    00000032     ti_power_clock_config.obj (.text.Module_clockEnable)
                  0040deb6    00000032     freertos.xwrL64xx.m4f.ti-arm-clang.release.lib : queue.obj (.text.xQueueCreateMutexStatic)
                  0040dee8    00000030     libsysbm.a : trgmsg.c.obj (.text.__TI_readmsg)
                  0040df18    00000030     libclang_rt.builtins.a : comparedf2.c.obj (.text.__unorddf2)
                  0040df48    00000030     libc.a : exit.c.obj (.text.exit)
                  0040df78    00000030     freertos.xwrL64xx.m4f.ti-arm-clang.release.lib : port.obj (.text.prvPortStartFirstTask)
                  0040dfa8    0000002e                                                    : ClockP_freertos.obj (.text.ClockP_timerTickIsr)
                  0040dfd6    0000002e     drivers.xwrL64xx.m4f.ti-arm-clang.release.lib : edma.obj (.text.EDMAEnableChInShadowRegRegion)
                  0040e004    0000002e     libclang_rt.builtins.a : floatsidf.S.obj (.text.__floatsidf)
                  0040e032    0000002c     ti_drivers_open_close.obj (.text.Drivers_close)
                  0040e05e    00000002     --HOLE-- [fill = 0]
                  0040e060    0000002c     drivers.xwrL64xx.m4f.ti-arm-clang.release.lib : soc_rcm.obj (.text.SOC_rcmSetM4ClockSrc)
                  0040e08c    0000002c                                                   : uart_sci.obj (.text.UART_getHandle)
                  0040e0b8    0000002c     libc.a : getdevice.c.obj (.text.finddevice)
                  0040e0e4    0000002c     libsysbm.a : lseek.c.obj (.text.lseek)
                  0040e110    0000002c                : unlink.c.obj (.text.unlink)
                  0040e13c    0000002c                : write.c.obj (.text.write)
                  0040e168    0000002a     freertos.xwrL64xx.m4f.ti-arm-clang.release.lib : power_xwrLx4xx_freertos.obj (.text.vPortSuppressTicksAndSleep)
                  0040e192    0000002a                                                    : tasks.obj (.text.vTaskPlaceOnEventListRestricted)
                  0040e1bc    0000002a                                                    : queue.obj (.text.xQueueGiveMutexRecursive)
                  0040e1e6    00000002     --HOLE-- [fill = 0]
                  0040e1e8    00000028     libc.a : memory.c.obj (.text.free_list_insert)
                  0040e210    00000028     freertos.xwrL64xx.m4f.ti-arm-clang.release.lib : port.obj (.text.pxPortInitialiseStack)
                  0040e238    00000028                                                    : queue.obj (.text.vQueueAddToRegistry)
                  0040e260    00000028                                                    : queue.obj (.text.xQueueTakeMutexRecursive)
                  0040e288    00000024     ti_dpl_config.obj (.text.Dpl_init)
                  0040e2ac    00000024     drivers.xwrL64xx.m4f.ti-arm-clang.release.lib : edma.obj (.text.EDMAReadIntrStatusRegion)
                  0040e2d0    00000024     freertos.xwrL64xx.m4f.ti-arm-clang.release.lib : list.obj (.text.uxListRemove)
                  0040e2f4    0000000c                                                    : DebugP_uartLogWriter.obj (.text.DebugP_uartSetDrvIndex)
                  0040e300    00000024                                                    : port.obj (.text.vPortSVCHandler)
                  0040e324    00000024                                                    : printf.obj (.text.vprintf_)
                  0040e348    00000024                                                    : queue.obj (.text.xQueueGenericCreateStatic)
                  0040e36c    00000024                                                    : tasks.obj (.text.xTaskGetSchedulerState)
                  0040e390    00000022     drivers.xwrL64xx.m4f.ti-arm-clang.release.lib : soc.obj (.text.SOC_controlModuleUnlockMMR)
                  0040e3b2    00000002     --HOLE-- [fill = 0]
                  0040e3b4    00000022     freertos.xwrL64xx.m4f.ti-arm-clang.release.lib : port.obj (.text.prvTaskExitError)
                  0040e3d6    00000020                                                    : DebugP_log.obj (.text.DebugP_logZoneEnable)
                  0040e3f6    00000002     --HOLE-- [fill = 0]
                  0040e3f8    00000020     libclang_rt.builtins.a : floatunsidf.S.obj (.text.__floatunsidf)
                  0040e418    00000020     freertos.xwrL64xx.m4f.ti-arm-clang.release.lib : tasks.obj (.text.prvDeleteTCB)
                  0040e438    00000020                                                    : port.obj (.text.vPortEnterCritical)
                  0040e458    00000020                                                    : tasks.obj (.text.vTaskPlaceOnEventList)
                  0040e478    0000001e     drivers.xwrL64xx.m4f.ti-arm-clang.release.lib : edma.obj (.text.EDMAClrIntrRegion)
                  0040e496    00000002     --HOLE-- [fill = 0]
                  0040e498    0000001e     freertos.xwrL64xx.m4f.ti-arm-clang.release.lib : DebugP_log.obj (.text._DebugP_assertNoLog)
                  0040e4b6    00000002     --HOLE-- [fill = 0]
                  0040e4b8    0000001c     libc.a : memory.c.obj (.text.free_list_remove)
                  0040e4d4    0000001c     freertos.xwrL64xx.m4f.ti-arm-clang.release.lib : port.obj (.text.vApplicationGetIdleTaskMemory)
                  0040e4f0    0000001c                                                    : port.obj (.text.vApplicationGetTimerTaskMemory)
                  0040e50c    0000001c                                                    : list.obj (.text.vListInsertEnd)
                  0040e528    0000001a                                                    : SysTickTimerP.obj (.text.SysTickTimerP_Params_init)
                  0040e542    0000001a                                                    : boot_armv7m.obj (.text.stack_init)
                  0040e55c    0000001a                                                    : port.obj (.text.vPortExitCritical)
                  0040e576    0000001a                                                    : heap_3.obj (.text.vPortFree)
                  0040e590    0000001a                                                    : tasks.obj (.text.vTaskInternalSetTimeOutState)
                  0040e5aa    00000018                                                    : TaskP_freertos.obj (.text.TaskP_yield)
                  0040e5c2    00000018                                                    : tasks.obj (.text.pvTaskIncrementMutexHeldCount)
                  0040e5da    00000016                                                    : HwiP_armv7m.obj (.text.HwiP_inISR)
                  0040e5f0    00000016     drivers.xwrL64xx.m4f.ti-arm-clang.release.lib : power_xwrLx4xx.obj (.text.Power_idleFunc)
                  0040e606    00000016                                                   : soc_rcm.obj (.text.SOC_getEfusePgVersion)
                  0040e61c    00000016     freertos.xwrL64xx.m4f.ti-arm-clang.release.lib : list.obj (.text.vListInitialise)
                  0040e632    00000014                                                    : ClockP_freertos.obj (.text.ClockP_usecToTicks)
                  0040e646    00000014     drivers.xwrL64xx.m4f.ti-arm-clang.release.lib : edma.obj (.text.EDMA_getRegionId)
                  0040e65a    00000014                                                   : soc.obj (.text.SOC_controlModuleLockMMR)
                  0040e66e    00000002     --HOLE-- [fill = 0]
                  0040e670    00000014     libclang_rt.builtins.a : aeabi_uldivmod.S.obj (.text.__aeabi_uldivmod)
                  0040e684    00000014     freertos.xwrL64xx.m4f.ti-arm-clang.release.lib : port.obj (.text.vPortEnableVFP)
                  0040e698    00000012     drivers.xwrL64xx.m4f.ti-arm-clang.release.lib : soc.obj (.text.SOC_clocksEnable)
                  0040e6aa    00000012     freertos.xwrL64xx.m4f.ti-arm-clang.release.lib : SysTickTimerP.obj (.text.SysTickTimerP_start)
                  0040e6bc    00000012     main.obj (.text.freertos_main)
                  0040e6ce    00000012     ti_dpl_config.obj (.text.putchar_)
                  0040e6e0    00000012     libc.a : memcpy_t2.S.obj (.text:TI_memcpy_small)
                  0040e6f2    00000010     lin_sci_dma.obj (.text.dmaRx)
                  0040e702    00000010     lin_sci_dma.obj (.text.dmaTx)
                  0040e712    00000010     freertos.xwrL64xx.m4f.ti-arm-clang.release.lib : tasks.obj (.text.vTaskSuspendAll)
                  0040e722    0000000e     ti_drivers_open_close.obj (.text.Drivers_open)
                  0040e730    0000000e     drivers.xwrL64xx.m4f.ti-arm-clang.release.lib : edma.obj (.text.EDMACCPaRAMEntry_init)
                  0040e73e    0000000e     ti_pinmux_config.obj (.text.Pinmux_init)
                  0040e74c    0000000e     ti_power_clock_config.obj (.text.PowerClock_init)
                  0040e75a    0000000e     freertos.xwrL64xx.m4f.ti-arm-clang.release.lib : SysTickTimerP.obj (.text.SysTickTimerP_getCount)
                  0040e768    0000000e                                                    : SysTickTimerP.obj (.text.SysTickTimerP_getReloadCount)
                  0040e776    0000000e     libsysbm.a : hostrename.c.obj (.text.strcpy)
                  0040e784    0000000e                : hostrename.c.obj (.text.strlen)
                  0040e792    0000000e     freertos.xwrL64xx.m4f.ti-arm-clang.release.lib : tasks.obj (.text.vTaskMissedYield)
                  0040e7a0    0000000e     libc.a : memset_t2.S.obj (.text:TI_memset_small)
                  0040e7ae    0000000c     drivers.xwrL64xx.m4f.ti-arm-clang.release.lib : soc.obj (.text.SOC_moduleClockEnable)
                  0040e7ba    00000002     --HOLE-- [fill = 0]
                  0040e7bc    0000000c     libc.a : fputc.c.obj (.text.putchar)
                  0040e7c8    0000000c     freertos.xwrL64xx.m4f.ti-arm-clang.release.lib : tasks.obj (.text.xTaskGetCurrentTaskHandle)
                  0040e7d4    0000000c                                                    : tasks.obj (.text.xTaskGetTickCount)
                  0040e7e0    0000000a     libclang_rt.builtins.a : aeabi_memset.S.obj (.text.__aeabi_memset)
                  0040e7ea    0000000a     freertos.xwrL64xx.m4f.ti-arm-clang.release.lib : printf.obj (.text._out_char)
                  0040e7f4    00000008     drivers.xwrL64xx.m4f.ti-arm-clang.release.lib : edma.obj (.text.EDMA_allocDmaChannel)
                  0040e7fc    00000008                                                   : edma.obj (.text.EDMA_allocParam)
                  0040e804    00000008                                                   : edma.obj (.text.EDMA_allocTcc)
                  0040e80c    00000008                                                   : edma.obj (.text.EDMA_freeDmaChannel)
                  0040e814    00000008                                                   : edma.obj (.text.EDMA_freeParam)
                  0040e81c    00000008                                                   : edma.obj (.text.EDMA_freeTcc)
                  0040e824    00000008     libclang_rt.builtins.a : aeabi_memset.S.obj (.text.__aeabi_memclr)
                  0040e82c    00000008     libc.a : memory.c.obj (.text.malloc)
                  0040e834    00000006     freertos.xwrL64xx.m4f.ti-arm-clang.release.lib : SemaphoreP_freertos.obj (.text.SemaphoreP_destruct)
                  0040e83a    00000006                                                    : list.obj (.text.vListInitialiseItem)
                  0040e840    00000004                                                    : ClockP_freertos.obj (.text.ClockP_getTicks)
                  0040e844    00000004                                                    : ClockP_freertos_m4.obj (.text.ClockP_getTimerCount)
                  0040e848    00000004     drivers.xwrL64xx.m4f.ti-arm-clang.release.lib : soc.obj (.text.SOC_moduleSetClockFrequency)
                  0040e84c    00000004     libclang_rt.builtins.a : aeabi_memcpy.S.obj (.text.__aeabi_memcpy)
                  0040e850    00000004     ti_dpl_config.obj (.text.boot)
                  0040e854    00000004     libc.a : fseek.c.obj (.text.fseek)
                  0040e858    00000004     libsysbm.a : remove.c.obj (.text.remove)
                  0040e85c    00000004     libc.a : exit.c.obj (.text:abort)

.rodata    0    0040e860    00000f8c     
                  0040e860    00000071     lin_sci_dma.obj (.rodata.str1.181982740125796156041)
                  0040e8d1    00000071     drivers.xwrL64xx.m4f.ti-arm-clang.release.lib : lin.obj (.rodata.str1.51999192227416030661)
                  0040e942    00000071     ti_drivers_config.obj (.rodata.str1.72370512399720775981)
                  0040e9b3    0000005c     freertos.xwrL64xx.m4f.ti-arm-clang.release.lib : ClockP_freertos_m4.obj (.rodata.str1.93527999352055272301)
                  0040ea0f    00000057     lin_sci_dma.obj (.rodata.str1.34998417951000203841)
                  0040ea66    00000055     lin_sci_dma.obj (.rodata.str1.40355665759958043291)
                  0040eabb    00000055     drivers.xwrL64xx.m4f.ti-arm-clang.release.lib : lin.obj (.rodata.str1.94450556265735546401)
                  0040eb10    00000050     freertos.xwrL64xx.m4f.ti-arm-clang.release.lib : printf.obj (.rodata._ftoa.pow10)
                  0040eb60    00000041     drivers.xwrL64xx.m4f.ti-arm-clang.release.lib : lin.obj (.rodata.str1.39558797317976674551)
                  0040eba1    00000041     lin_sci_dma.obj (.rodata.str1.59805714657734494371)
                  0040ebe2    00000037     freertos.xwrL64xx.m4f.ti-arm-clang.release.lib : SemaphoreP_freertos.obj (.rodata.str1.101306302737560956511)
                  0040ec19    00000035     ti_drivers_open_close.obj (.rodata.str1.135241915826326793361)
                  0040ec4e    00000035     ti_drivers_open_close.obj (.rodata.str1.89322429334436556861)
                  0040ec83    0000002e     lin_sci_dma.obj (.rodata.str1.93289363893299087701)
                  0040ecb1    0000002a     lin_sci_dma.obj (.rodata.str1.164949824659509909071)
                  0040ecdb    0000002a     freertos.xwrL64xx.m4f.ti-arm-clang.release.lib : DebugP_log.obj (.rodata.str1.83863751503234361091)
                  0040ed05    00000028                                                    : SysTickTimerP.obj (.rodata.str1.132229217866366624301)
                  0040ed2d    00000026                                                    : ClockP_freertos_m4.obj (.rodata.str1.155599933748343169311)
                  0040ed53    00000026     drivers.xwrL64xx.m4f.ti-arm-clang.release.lib : lin.obj (.rodata.str1.29200165954452238311)
                  0040ed79    00000024                                                   : edma.obj (.rodata.str1.76418684701105564031)
                  0040ed9d    00000022     freertos.xwrL64xx.m4f.ti-arm-clang.release.lib : ClockP_freertos_m4.obj (.rodata.str1.28494904843492979541)
                  0040edbf    00000021     lin_sci_dma.obj (.rodata.str1.172717783725194103511)
                  0040ede0    00000021     freertos.xwrL64xx.m4f.ti-arm-clang.release.lib : SemaphoreP_freertos.obj (.rodata.str1.58153449447620416071)
                  0040ee01    00000021                                                    : SysTickTimerP.obj (.rodata.str1.88473769475384572821)
                  0040ee22    00000002     --HOLE-- [fill = 0]
                  0040ee24    00000020     drivers.xwrL64xx.m4f.ti-arm-clang.release.lib : soc_rcm.obj (.rodata.cst16)
                  0040ee44    00000020     freertos.xwrL64xx.m4f.ti-arm-clang.release.lib : ClockP_freertos_m4.obj (.rodata.str1.175475718105184423191)
                  0040ee64    00000020     lin_sci_dma.obj (.rodata.str1.58122931703337268431)
                  0040ee84    0000001f     drivers.xwrL64xx.m4f.ti-arm-clang.release.lib : lin.obj (.rodata.str1.172192398857525480971)
                  0040eea3    0000001f     lin_sci_dma.obj (.rodata.str1.63253868983352495301)
                  0040eec2    0000001e     freertos.xwrL64xx.m4f.ti-arm-clang.release.lib : ClockP_freertos_m4.obj (.rodata.str1.95418503957988924921)
                  0040eee0    0000001d     drivers.xwrL64xx.m4f.ti-arm-clang.release.lib : lin.obj (.rodata.str1.4759614200759063341)
                  0040eefd    0000001c     freertos.xwrL64xx.m4f.ti-arm-clang.release.lib : ClockP_freertos_m4.obj (.rodata.str1.137153928244774444421)
                  0040ef19    0000001c     drivers.xwrL64xx.m4f.ti-arm-clang.release.lib : soc_rcm.obj (.rodata.str1.56477286324532805231)
                  0040ef35    0000001b                                                   : lin.obj (.rodata.str1.151841199377529207831)
                  0040ef50    0000001b     freertos.xwrL64xx.m4f.ti-arm-clang.release.lib : SysTickTimerP.obj (.rodata.str1.49371646234269088851)
                  0040ef6b    0000001b                                                    : SemaphoreP_freertos.obj (.rodata.str1.54880761511891225261)
                  0040ef86    0000001a     drivers.xwrL64xx.m4f.ti-arm-clang.release.lib : edma.obj (.rodata.str1.100996213821086933721)
                  0040efa0    0000001a     freertos.xwrL64xx.m4f.ti-arm-clang.release.lib : SemaphoreP_freertos.obj (.rodata.str1.113239132686834773161)
                  0040efba    0000001a     drivers.xwrL64xx.m4f.ti-arm-clang.release.lib : soc_rcm.obj (.rodata.str1.13846211276285849311)
                  0040efd4    0000001a     lin_sci_dma.obj (.rodata.str1.140763172511422088721)
                  0040efee    0000001a     lin_sci_dma.obj (.rodata.str1.156628654410489171891)
                  0040f008    0000001a     drivers.xwrL64xx.m4f.ti-arm-clang.release.lib : soc_rcm.obj (.rodata.str1.52576848066905547631)
                  0040f022    0000001a                                                   : lin.obj (.rodata.str1.66706449916558796201)
                  0040f03c    0000001a                                                   : lin.obj (.rodata.str1.67724218642637591351)
                  0040f056    0000001a                                                   : soc_rcm.obj (.rodata.str1.73573858413138203341)
                  0040f070    0000001a     lin_sci_dma.obj (.rodata.str1.94843419465398560191)
                  0040f08a    00000019     lin_sci_dma.obj (.rodata.str1.11293990026417498431)
                  0040f0a3    00000019     drivers.xwrL64xx.m4f.ti-arm-clang.release.lib : soc_rcm.obj (.rodata.str1.164767278446434951321)
                  0040f0bc    00000019                                                   : uart_sci_edma.obj (.rodata.str1.1694563462317297321)
                  0040f0d5    00000019                                                   : lin.obj (.rodata.str1.36365896237018702751)
                  0040f0ee    00000019                                                   : uart_sci.obj (.rodata.str1.55013173113347637961)
                  0040f107    00000019     freertos.xwrL64xx.m4f.ti-arm-clang.release.lib : SysTickTimerP.obj (.rodata.str1.61321094930033951131)
                  0040f120    00000019     drivers.xwrL64xx.m4f.ti-arm-clang.release.lib : uart_sci.obj (.rodata.str1.87895611013758742281)
                  0040f139    00000018                                                   : uart_sci.obj (.rodata.str1.120312415395384906381)
                  0040f151    00000018     lin_sci_dma.obj (.rodata.str1.126868645212471907961)
                  0040f169    00000018     drivers.xwrL64xx.m4f.ti-arm-clang.release.lib : lin.obj (.rodata.str1.4897438680411428751)
                  0040f181    00000018     lin_sci_dma.obj (.rodata.str1.8882108067076763441)
                  0040f199    00000018     drivers.xwrL64xx.m4f.ti-arm-clang.release.lib : uart_sci_edma.obj (.rodata.str1.96300436347963894471)
                  0040f1b1    00000018                                                   : lin.obj (.rodata.str1.97240553479274266881)
                  0040f1c9    00000017     lin_sci_dma.obj (.rodata.str1.101675393676786941941)
                  0040f1e0    00000017     drivers.xwrL64xx.m4f.ti-arm-clang.release.lib : lin.obj (.rodata.str1.118164368549087236231)
                  0040f1f7    00000017                                                   : edma.obj (.rodata.str1.124854076466481638881)
                  0040f20e    00000017     lin_sci_dma.obj (.rodata.str1.158043929841320755541)
                  0040f225    00000017     drivers.xwrL64xx.m4f.ti-arm-clang.release.lib : uart_sci.obj (.rodata.str1.165585763696907955751)
                  0040f23c    00000017                                                   : lin.obj (.rodata.str1.172402013546402483541)
                  0040f253    00000017                                                   : lin.obj (.rodata.str1.32950582576035856521)
                  0040f26a    00000017                                                   : lin.obj (.rodata.str1.51832669207189691421)
                  0040f281    00000017     lin_sci_dma.obj (.rodata.str1.53310336989652259591)
                  0040f298    00000017     drivers.xwrL64xx.m4f.ti-arm-clang.release.lib : soc_rcm.obj (.rodata.str1.85053832093120688671)
                  0040f2af    00000017                                                   : lin.obj (.rodata.str1.86948055024446817381)
                  0040f2c6    00000016     lin_sci_dma.obj (.rodata.str1.104739404044557623831)
                  0040f2dc    00000016     ti_drivers_config.obj (.rodata.str1.106894934756656208221)
                  0040f2f2    00000016     drivers.xwrL64xx.m4f.ti-arm-clang.release.lib : lin.obj (.rodata.str1.113679078120781003671)
                  0040f308    00000016     lin_sci_dma.obj (.rodata.str1.127397574978331913251)
                  0040f31e    00000016     ti_drivers_config.obj (.rodata.str1.149413469028136483941)
                  0040f334    00000016     drivers.xwrL64xx.m4f.ti-arm-clang.release.lib : edma.obj (.rodata.str1.168695502010531622391)
                  0040f34a    00000016                                                   : lin.obj (.rodata.str1.23564918646656436181)
                  0040f360    00000016     lin_sci_dma.obj (.rodata.str1.33995314408309740521)
                  0040f376    00000016     lin_sci_dma.obj (.rodata.str1.43259129120402869811)
                  0040f38c    00000016     lin_sci_dma.obj (.rodata.str1.74411181622470510921)
                  0040f3a2    00000016     drivers.xwrL64xx.m4f.ti-arm-clang.release.lib : uart_sci.obj (.rodata.str1.85700947625728835951)
                  0040f3b8    00000015                                                   : lin.obj (.rodata.str1.110218012156711357471)
                  0040f3cd    00000015     lin_sci_dma.obj (.rodata.str1.180943165598786293951)
                  0040f3e2    00000015     drivers.xwrL64xx.m4f.ti-arm-clang.release.lib : uart_sci.obj (.rodata.str1.30326902893263927811)
                  0040f3f7    00000015     lin_sci_dma.obj (.rodata.str1.49150067075373186281)
                  0040f40c    00000014     drivers.xwrL64xx.m4f.ti-arm-clang.release.lib : edma.obj (.rodata.str1.111851871490580105611)
                  0040f420    00000014                                                   : uart_sci.obj (.rodata.str1.121623592925719072031)
                  0040f434    00000014                                                   : uart_sci.obj (.rodata.str1.156252650444771372741)
                  0040f448    00000014                                                   : lin.obj (.rodata.str1.7781568985427005141)
                  0040f45c    00000014     freertos.xwrL64xx.m4f.ti-arm-clang.release.lib : SysTickTimerP.obj (.rodata.str1.92242029949279274251)
                  0040f470    00000013     drivers.xwrL64xx.m4f.ti-arm-clang.release.lib : lin.obj (.rodata.str1.127051712869046675781)
                  0040f483    00000013                                                   : lin.obj (.rodata.str1.1385051095588813271)
                  0040f496    00000013     lin_sci_dma.obj (.rodata.str1.146535332742348114951)
                  0040f4a9    00000013     drivers.xwrL64xx.m4f.ti-arm-clang.release.lib : edma.obj (.rodata.str1.161616063420144653881)
                  0040f4bc    00000013                                                   : uart_sci.obj (.rodata.str1.165533286247086816691)
                  0040f4cf    00000013                                                   : uart_sci.obj (.rodata.str1.69545364057784193721)
                  0040f4e2    00000013     lin_sci_dma.obj (.rodata.str1.86575595447189463701)
                  0040f4f5    00000012     drivers.xwrL64xx.m4f.ti-arm-clang.release.lib : edma.obj (.rodata.str1.108028640702030349071)
                  0040f507    00000012                                                   : uart_sci_edma.obj (.rodata.str1.160953260642837941861)
                  0040f519    00000012                                                   : lin.obj (.rodata.str1.164010650325496876711)
                  0040f52b    00000012                                                   : edma.obj (.rodata.str1.168183851025455507691)
                  0040f53d    00000012                                                   : uart_sci.obj (.rodata.str1.178001865525784930881)
                  0040f54f    00000012                                                   : uart_sci_edma.obj (.rodata.str1.26883157310831064051)
                  0040f561    00000012                                                   : lin.obj (.rodata.str1.50096272083451746431)
                  0040f573    00000012     lin_sci_dma.obj (.rodata.str1.51055250060902366061)
                  0040f585    00000011     drivers.xwrL64xx.m4f.ti-arm-clang.release.lib : edma.obj (.rodata.str1.106738448986847799941)
                  0040f596    00000011     lin_sci_dma.obj (.rodata.str1.11907617778404753781)
                  0040f5a7    00000011     drivers.xwrL64xx.m4f.ti-arm-clang.release.lib : uart_sci.obj (.rodata.str1.45363221463256978381)
                  0040f5b8    00000011     ti_drivers_open_close.obj (.rodata.str1.47319419042038394831)
                  0040f5c9    00000011     ti_drivers_open_close.obj (.rodata.str1.49542467075964467631)
                  0040f5da    00000011     freertos.xwrL64xx.m4f.ti-arm-clang.release.lib : SemaphoreP_freertos.obj (.rodata.str1.7963420168829568641)
                  0040f5eb    00000011     drivers.xwrL64xx.m4f.ti-arm-clang.release.lib : lin.obj (.rodata.str1.82926318368515988091)
                  0040f5fc    00000011                                                   : lin.obj (.rodata.str1.91698807336895082521)
                  0040f60d    00000001     --HOLE-- [fill = 0]
                  0040f60e    00000010                                                   : soc_rcm.obj (.rodata.cst8)
                  0040f61e    00000010                                                   : soc_rcm.obj (.rodata.str1.1771380296078173761)
                  0040f62e    00000010                                                   : lin.obj (.rodata.str1.42601394944871018401)
                  0040f63e    00000010     lin_sci_dma.obj (.rodata.str1.7631368016962033041)
                  0040f64e    0000000f     drivers.xwrL64xx.m4f.ti-arm-clang.release.lib : uart_sci_edma.obj (.rodata.str1.111748486407635674111)
                  0040f65d    0000000f                                                   : edma.obj (.rodata.str1.146140478628064919631)
                  0040f66c    0000000f                                                   : edma.obj (.rodata.str1.161917553004410528641)
                  0040f67b    0000000f                                                   : lin.obj (.rodata.str1.162517874652936694621)
                  0040f68a    0000000f                                                   : uart_sci.obj (.rodata.str1.58838004102269809421)
                  0040f699    0000000f                                                   : edma.obj (.rodata.str1.7213619448781788421)
                  0040f6a8    0000000f                                                   : lin.obj (.rodata.str1.72193402888516950301)
                  0040f6b7    0000000f                                                   : lin.obj (.rodata.str1.94564453278684324431)
                  0040f6c6    0000000e                                                   : uart_sci.obj (.rodata.str1.103833506493370671461)
                  0040f6d4    0000000e                                                   : lin.obj (.rodata.str1.132205987768740147991)
                  0040f6e2    0000000e     main.obj (.rodata.str1.176328792963337784071)
                  0040f6f0    0000000e     drivers.xwrL64xx.m4f.ti-arm-clang.release.lib : lin.obj (.rodata.str1.2217921652038142891)
                  0040f6fe    0000000e                                                   : edma.obj (.rodata.str1.71946734960229262581)
                  0040f70c    0000000e     lin_sci_dma.obj (.rodata.str1.94316671403964582051)
                  0040f71a    0000000d     drivers.xwrL64xx.m4f.ti-arm-clang.release.lib : lin.obj (.rodata.str1.140871488100715145901)
                  0040f727    0000000d                                                   : edma.obj (.rodata.str1.20711589974906254701)
                  0040f734    0000000c                                                   : soc_rcm.obj (.rodata.gSocRcmSpiClkSrcValMap)
                  0040f740    0000000c     freertos.xwrL64xx.m4f.ti-arm-clang.release.lib : ClockP_freertos_m4.obj (.rodata.str1.12099769221571131241)
                  0040f74c    0000000c                                                    : SemaphoreP_freertos.obj (.rodata.str1.58303800943864521271)
                  0040f758    0000000b     drivers.xwrL64xx.m4f.ti-arm-clang.release.lib : uart_sci.obj (.rodata.str1.132042644373295978941)
                  0040f763    0000000b                                                   : uart_sci.obj (.rodata.str1.174583129905367634191)
                  0040f76e    0000000b                                                   : edma.obj (.rodata.str1.76990244014968518721)
                  0040f779    00000001     --HOLE-- [fill = 0]
                  0040f77a    0000000a                                                   : soc_rcm.obj (.rodata.gSocRcmWdtClkSrcValMap)
                  0040f784    0000000a                                                   : uart_sci.obj (.rodata.str1.124552654841916713531)
                  0040f78e    0000000a                                                   : edma.obj (.rodata.str1.138945604539585827651)
                  0040f798    0000000a                                                   : edma.obj (.rodata.str1.155011958078798190681)
                  0040f7a2    0000000a                                                   : uart_sci.obj (.rodata.str1.170731718426455550511)
                  0040f7ac    0000000a     lin_sci_dma.obj (.rodata.str1.39390521693439458631)
                  0040f7b6    00000008     freertos.xwrL64xx.m4f.ti-arm-clang.release.lib : timers.obj (.rodata.str1.48907828374953663071)
                  0040f7be    00000008     lin_sci_dma.obj (.rodata.str1.61572650317456901391)
                  0040f7c6    00000006     drivers.xwrL64xx.m4f.ti-arm-clang.release.lib : edma.obj (.rodata.str1.88401663264709294401)
                  0040f7cc    00000005     freertos.xwrL64xx.m4f.ti-arm-clang.release.lib : printf.obj (.rodata.str1.119016125874353717991)
                  0040f7d1    00000005                                                    : timers.obj (.rodata.str1.171292879472474763341)
                  0040f7d6    00000005                                                    : printf.obj (.rodata.str1.23819535256173504321)
                  0040f7db    00000005                                                    : tasks.obj (.rodata.str1.82129946285546181581)
                  0040f7e0    00000004                                                    : printf.obj (.rodata.str1.127360175834607756121)
                  0040f7e4    00000004                                                    : printf.obj (.rodata.str1.129146086478572783701)
                  0040f7e8    00000004                                                    : tasks.obj (.rodata.uxTopUsedPriority)

.data      0    0040f7f0    000004bd     
                  0040f7f0    000000f0     libc.a : defs.c.obj (.data._ftable)
                  0040f8e0    000000c8     drivers.xwrL64xx.m4f.ti-arm-clang.release.lib : power_xwrLx4xx.obj (.data.Power_module)
                  0040f9a8    00000078     libsysbm.a : host_device.c.obj (.data._device)
                  0040fa20    00000064     drivers.xwrL64xx.m4f.ti-arm-clang.release.lib : uart_sci.obj (.data.gUartDrvObj)
                  0040fa84    00000050     libsysbm.a : host_device.c.obj (.data._stream)
                  0040fad4    00000050     ti_drivers_config.obj (.data.gEdmaAttrs)
                  0040fb24    00000038     ti_drivers_open_close.obj (.data.gUartParams)
                  0040fb5c    00000030     ti_dpl_config.obj (.data.gMpuRegionConfig)
                  0040fb8c    00000028     ti_pinmux_config.obj (.data.gPinMuxMainDomainCfg)
                  0040fbb4    00000024     ti_power_clock_config.obj (.data.gSocModulesClockFrequency)
                  0040fbd8    00000014     ti_dpl_config.obj (.data.gClockConfig)
                  0040fbec    00000010     ti_power_clock_config.obj (.data.gSocModules)
                  0040fbfc    0000000c     freertos.xwrL64xx.m4f.ti-arm-clang.release.lib : AddrTranslateP.obj (.data.gAddrTranslateConfig)
                  0040fc08    0000000c     ti_dpl_config.obj (.data.gMpuConfig)
                  0040fc14    00000008     libc.a : exit.c.obj (.data..L_MergedGlobals)
                  0040fc1c    00000008     ti_drivers_config.obj (.data.gEdmaConfig)
                  0040fc24    00000008     ti_drivers_config.obj (.data.gUartAttrs)
                  0040fc2c    00000008     ti_drivers_config.obj (.data.gUartConfig)
                  0040fc34    00000004     freertos.xwrL64xx.m4f.ti-arm-clang.release.lib : tasks.obj (.data.FreeRTOS_errno)
                  0040fc38    00000004     libc.a : defs.c.obj (.data.__TI_ft_end)
                  0040fc3c    00000004            : _lock.c.obj (.data._lock)
                  0040fc40    00000004            : _lock.c.obj (.data._unlock)
                  0040fc44    00000004     freertos.xwrL64xx.m4f.ti-arm-clang.release.lib : DebugP_log.obj (.data.gDebugLogZone)
                  0040fc48    00000004                                                    : DebugP_uartLogWriter.obj (.data.gDebugP_uartDrvIndex)
                  0040fc4c    00000004     ti_drivers_config.obj (.data.gEdmaConfigNum)
                  0040fc50    00000004     ti_drivers_open_close.obj (.data.gEdmaParams)
                  0040fc54    00000004     ti_drivers_config.obj (.data.gUartConfigNum)
                  0040fc58    00000004     freertos.xwrL64xx.m4f.ti-arm-clang.release.lib : power_xwrLx4xx_freertos.obj (.data.idleTicks)
                  0040fc5c    00000004                                                    : timers.obj (.data.prvSampleTimeNow.xLastTime)
                  0040fc60    00000004                                                    : tasks.obj (.data.pxCurrentTCB)
                  0040fc64    00000004                                                    : port.obj (.data.uxCriticalNesting)
                  0040fc68    00000004                                                    : tasks.obj (.data.uxCurrentNumberOfTasks)
                  0040fc6c    00000004                                                    : tasks.obj (.data.uxDeletedTasksWaitingCleanUp)
                  0040fc70    00000004                                                    : tasks.obj (.data.uxSchedulerSuspended)
                  0040fc74    00000004                                                    : tasks.obj (.data.uxTaskNumber)
                  0040fc78    00000004                                                    : tasks.obj (.data.uxTopReadyPriority)
                  0040fc7c    00000004                                                    : tasks.obj (.data.xIdleTaskHandle)
                  0040fc80    00000004                                                    : tasks.obj (.data.xNextTaskUnblockTime)
                  0040fc84    00000004                                                    : tasks.obj (.data.xNumOfOverflows)
                  0040fc88    00000004                                                    : tasks.obj (.data.xPendedTicks)
                  0040fc8c    00000004                                                    : tasks.obj (.data.xSchedulerRunning)
                  0040fc90    00000004                                                    : tasks.obj (.data.xTickCount)
                  0040fc94    00000004                                                    : timers.obj (.data.xTimerQueue)
                  0040fc98    00000004                                                    : timers.obj (.data.xTimerTaskHandle)
                  0040fc9c    00000004                                                    : tasks.obj (.data.xYieldPending)
                  0040fca0    00000002     lin_sci_dma.obj (.data.rx_int)
                  0040fca2    00000002     --HOLE-- [fill = 0]
                  0040fca4    00000001     freertos.xwrL64xx.m4f.ti-arm-clang.release.lib : DebugP_freertos.obj (.data.gDebugLogIsInitDone)
                  0040fca5    00000003     --HOLE-- [fill = 0]
                  0040fca8    00000001     libc.a : memory.c.obj (.data.memory_is_initialized)
                  0040fca9    00000003     --HOLE-- [fill = 0]
                  0040fcac    00000001     freertos.xwrL64xx.m4f.ti-arm-clang.release.lib : port.obj (.data.ulPortSchedularRunning)

MODULE SUMMARY

       Module                              code    ro data   rw data
       ------                              ----    -------   -------
    obj/release/
       main.obj                            108     14        16512  
       lin_sci_dma.obj                     2492    1027      584    
       ti_drivers_config.obj               178     157       740    
       ti_drivers_open_close.obj           210     140       68     
       ti_power_clock_config.obj           120     0         52     
       ti_dpl_config.obj                   58      0         80     
       ti_pinmux_config.obj                14      0         40     
       ti_board_open_close.obj             6       0         0      
       ti_board_config.obj                 2       0         0      
    +--+-----------------------------------+-------+---------+---------+
       Total:                              3188    1338      18076  
                                                                    
    /home/epswbld7/ti/ccs1271/ccs/tools/compiler/ti-cgt-armllvm_3.2.2.LTS/lib/armv7em-ti-none-eabihf/c/libc.a
       strcmp_t2.S.obj                     732     0         0      
       memory.c.obj                        712     0         5      
       defs.c.obj                          0       0         404    
       setvbuf.c.obj                       216     0         0      
       s_floorf.c.obj                      156     0         0      
       fputc.c.obj                         148     0         0      
       getdevice.c.obj                     148     0         0      
       s_roundf.c.obj                      126     0         0      
       fclose.c.obj                        116     0         0      
       fseek.c.obj                         108     0         0      
       _io_perm.c.obj                      96      0         0      
       fflush.c.obj                        80      0         0      
       exit.c.obj                          52      0         8      
       autoinit.c.obj                      56      0         0      
       fopen.c.obj                         52      0         0      
       memcpy_t2.S.obj                     18      0         0      
       memset_t2.S.obj                     14      0         0      
       _lock.c.obj                         2       0         8      
    +--+-----------------------------------+-------+---------+---------+
       Total:                              2832    0         425    
                                                                    
    /home/epswbld7/ti/ccs1271/ccs/tools/compiler/ti-cgt-armllvm_3.2.2.LTS/lib/armv7em-ti-none-eabihf/c/libsysbm.a
       trgmsg.c.obj                        100     0         288    
       host_device.c.obj                   0       0         200    
       hostrename.c.obj                    128     0         0      
       close.c.obj                         96      0         0      
       hostopen.c.obj                      88      0         8      
       hostlseek.c.obj                     88      0         0      
       hostread.c.obj                      84      0         0      
       hostwrite.c.obj                     84      0         0      
       hostunlink.c.obj                    68      0         0      
       hostclose.c.obj                     60      0         0      
       lseek.c.obj                         44      0         0      
       unlink.c.obj                        44      0         0      
       write.c.obj                         44      0         0      
       remove.c.obj                        4       0         0      
    +--+-----------------------------------+-------+---------+---------+
       Total:                              932     0         496    
                                                                    
    /home/epswbld7/ti/ccs1271/ccs/tools/compiler/ti-cgt-armllvm_3.2.2.LTS/lib/clang/15.0.7/lib/armv7em-ti-none-eabihf/libclang_rt.builtins.a
       adddf3.S.obj                        438     0         0      
       divdf3.S.obj                        310     0         0      
       comparedf2.c.obj                    268     0         0      
       muldf3.S.obj                        252     0         0      
       udivmoddi4.S.obj                    176     0         0      
       aeabi_dcmp.S.obj                    98      0         0      
       fixdfsi.S.obj                       72      0         0      
       fixunsdfsi.S.obj                    68      0         0      
       extendsfdf2.S.obj                   56      0         0      
       floatsidf.S.obj                     46      0         0      
       floatunsidf.S.obj                   32      0         0      
       aeabi_uldivmod.S.obj                20      0         0      
       aeabi_memset.S.obj                  18      0         0      
       aeabi_memcpy.S.obj                  4       0         0      
       aeabi_div0.c.obj                    2       0         0      
    +--+-----------------------------------+-------+---------+---------+
       Total:                              1860    0         0      
                                                                    
    /nightlybuilds/mmwave_sdk_internal/mcupsdk_internal/jenkins/MMWAVE_L_SDK_05_05_04_02/source/drivers/lib/drivers.xwrL64xx.m4f.ti-arm-clang.release.lib
       edma.obj                            3658    308       0      
       uart_sci.obj                        2584    324       100    
       lin.obj                             1078    923       0      
       soc_rcm.obj                         1628    240       0      
       uart_sci_edma.obj                   878     100       0      
       power_xwrLx4xx.obj                  22      0         200    
       soc.obj                             168     0         0      
       pinmux.obj                          54      0         0      
    +--+-----------------------------------+-------+---------+---------+
       Total:                              10070   1895      300    
                                                                    
    /nightlybuilds/mmwave_sdk_internal/mcupsdk_internal/jenkins/MMWAVE_L_SDK_05_05_04_02/source/kernel/freertos/lib/freertos.xwrL64xx.m4f.ti-arm-clang.release.lib
       port.obj                            564     0         5373   
       printf.obj                          4520    98        0      
       tasks.obj                           2906    9         484    
       queue.obj                           1960    0         256    
       HwiP_armv7m.obj                     966     0         640    
       timers.obj                          958     13        388    
       SemaphoreP_freertos.obj             402     170       72     
       ClockP_freertos_m4.obj              310     266       0      
       HwiP_armv7m_handlers_freertos.obj   186     0         320    
       MpuP_armv7m.obj                     458     0         0      
       SysTickTimerP.obj                   260     145       0      
       DebugP_freertos.obj                 118     0         97     
       ClockP_freertos.obj                 146     0         56     
       DebugP_log.obj                      156     42        4      
       list.obj                            150     0         0      
       AddrTranslateP.obj                  106     0         12     
       boot_armv7m.obj                     98      0         0      
       DebugP_uartLogWriter.obj            70      0         4      
       power_xwrLx4xx_freertos.obj         42      0         4      
       heap_3.obj                          26      0         0      
       TaskP_freertos.obj                  24      0         0      
    +--+-----------------------------------+-------+---------+---------+
       Total:                              14426   743       7710   
                                                                    
       Heap:                               0       0         8192   
       Stack:                              0       0         8192   
    +--+-----------------------------------+-------+---------+---------+
       Grand Total:                        33308   3976      43391  


GLOBAL SYMBOLS: SORTED ALPHABETICALLY BY Name 

address   name                               
-------   ----                               
0040cda5  AddrTranslateP_getLocalAddr        
0040822f  Board_driversClose                 
0040750d  Board_driversOpen                  
00409633  Board_init                         
0040e85c  C$$EXIT                            
0040de13  C$$IO$$                            
0040e841  ClockP_getTicks                    
0040d7a5  ClockP_getTimeUsec                 
0040e845  ClockP_getTimerCount               
0040a973  ClockP_init                        
004097eb  ClockP_timerClearOverflowInt       
0040dfa9  ClockP_timerTickIsr                
0040e633  ClockP_usecToTicks                 
0040e3d7  DebugP_logZoneEnable               
0040dbed  DebugP_uartLogWriterPutChar        
0040e2f5  DebugP_uartSetDrvIndex             
0040e289  Dpl_init                           
0040e033  Drivers_close                      
0040d7f1  Drivers_edmaOpen                   
0040e723  Drivers_open                       
0040dc63  Drivers_uartInit                   
0040d83d  Drivers_uartOpen                   
0040e731  EDMACCPaRAMEntry_init              
0040e479  EDMAClrIntrRegion                  
0040cb0d  EDMAConfigureChannelRegion         
0040d889  EDMADisableChInShadowRegRegion     
0040c221  EDMADisableTransferRegion          
0040dfd7  EDMAEnableChInShadowRegRegion      
0040c2b1  EDMAEnableTransferRegion           
0040d0e9  EDMAFreeChannelRegion              
0040dab9  EDMAMapChToEvtQ                    
0040e2ad  EDMAReadIntrStatusRegion           
0040daf9  EDMASetPaRAM                       
0040e7f5  EDMA_allocDmaChannel               
0040e7fd  EDMA_allocParam                    
0040e805  EDMA_allocTcc                      
0040c9b5  EDMA_close                         
0040e80d  EDMA_freeDmaChannel                
0040e815  EDMA_freeParam                     
0040e81d  EDMA_freeTcc                       
0040d965  EDMA_getBaseAddr                   
0040de51  EDMA_getHandle                     
0040e647  EDMA_getRegionId                   
00408c51  EDMA_init                          
00408f5b  EDMA_isInterruptEnabled            
0040aaa3  EDMA_open                          
0040b855  EDMA_registerIntr                  
0040b77d  EDMA_unregisterIntr                
0040fc34  FreeRTOS_errno                     
0040db75  HOSTclose                          
0040d4b1  HOSTlseek                          
0040d509  HOSTopen                           
0040d5b9  HOSTread                           
0040d14d  HOSTrename                         
0040d9f1  HOSTunlink                         
0040d60d  HOSTwrite                          
004083b3  HwiP_Params_init                   
0040ba57  HwiP_busFault_handler              
00408343  HwiP_clearInt                      
004083c5  HwiP_construct                     
0040ba87  HwiP_debugMon_handler              
0040846d  HwiP_destruct                      
004084fb  HwiP_disable                       
00408289  HwiP_disableInt                    
00408507  HwiP_enable                        
00408231  HwiP_enableInt                     
0040ba37  HwiP_hardFault_handler             
0040e5db  HwiP_inISR                         
00408513  HwiP_init                          
0040b9dd  HwiP_interrupt_handler             
0040ba47  HwiP_memFault_handler              
0040ba11  HwiP_nmi_handler                   
004084e7  HwiP_post                          
0040ba77  HwiP_reserved_handler              
0040827f  HwiP_restore                       
004082e5  HwiP_restoreInt                    
00408365  HwiP_setPri                        
0040ba67  HwiP_usageFault_handler            
00407df9  LIN_initModule                     
0040de85  Module_clockEnable                 
0040dc9d  Module_clockSetFrequency           
00409469  MpuP_RegionAttrs_init              
00409583  MpuP_disable                       
00409549  MpuP_enable                        
004095b9  MpuP_init                          
004095a9  MpuP_isEnable                      
00409481  MpuP_setRegion                     
0040dd7d  Pinmux_config                      
0040e73f  Pinmux_init                        
0040e74d  PowerClock_init                    
0040e5f1  Power_idleFunc                     
0040f8e0  Power_module                       
0040e699  SOC_clocksEnable                   
0040e65b  SOC_controlModuleLockMMR           
0040e391  SOC_controlModuleUnlockMMR         
0040e607  SOC_getEfusePgVersion              
0040e7af  SOC_moduleClockEnable              
0040e849  SOC_moduleSetClockFrequency        
0040dcd5  SOC_rcmEnableADPLLClock            
00409ca5  SOC_rcmEnablePeripheralClock       
00408941  SOC_rcmGetPeripheralClock          
0040e061  SOC_rcmSetM4ClockSrc               
00409e15  SOC_rcmSetPeripheralClock          
0040d6b3  SOC_virtToPhy                      
0040cb7d  SemaphoreP_constructBinary         
0040d703  SemaphoreP_constructMutex          
0040e835  SemaphoreP_destruct                
0040d01d  SemaphoreP_pend                    
0040d083  SemaphoreP_post                    
0040e529  SysTickTimerP_Params_init          
0040e75b  SysTickTimerP_getCount             
0040e769  SysTickTimerP_getReloadCount       
0040b91f  SysTickTimerP_setup                
0040e6ab  SysTickTimerP_start                
0040c6e3  System_init                        
0040e6e1  TI_memcpy_small                    
0040e7a1  TI_memset_small                    
0040e5ab  TaskP_yield                        
0040a0cf  UART_close                         
0040999b  UART_edmaChannelConfig             
0040bde1  UART_flushTxFifo                   
0040e08d  UART_getHandle                     
0040c0f9  UART_init                          
004085e1  UART_open                          
0040923d  UART_write                         
0040b5cd  UART_writeDma                      
00405bdc  _CIOBUF_                           
0040d39d  _DebugP_assert                     
0040e499  _DebugP_assertNoLog                
0040c8c9  _DebugP_logZone                    
00406600  __BSS_END                          
00400200  __BSS_START                        
00405bdc  __CIOBUF_                          
0045a000  __STACK_END                        
00002000  __STACK_SIZE                       
00002000  __SYSMEM_SIZE                      
00000000  __TI_ATRegion0_region_sz           
00000000  __TI_ATRegion0_src_addr            
00000000  __TI_ATRegion0_trg_addr            
00000000  __TI_ATRegion1_region_sz           
00000000  __TI_ATRegion1_src_addr            
00000000  __TI_ATRegion1_trg_addr            
00000000  __TI_ATRegion2_region_sz           
00000000  __TI_ATRegion2_src_addr            
00000000  __TI_ATRegion2_trg_addr            
UNDEFED   __TI_CINIT_Base                    
UNDEFED   __TI_CINIT_Limit                   
UNDEFED   __TI_Handler_Table_Base            
UNDEFED   __TI_Handler_Table_Limit           
0040dd45  __TI_auto_init_nobinit_nopinit     
0040ddb5  __TI_cleanup                       
0040fc14  __TI_cleanup_ptr                   
0040c941  __TI_closefile                     
0040d753  __TI_doflush                       
0040fc18  __TI_dtors_ptr                     
0040fc38  __TI_ft_end                        
ffffffff  __TI_pprof_out_hndl                
ffffffff  __TI_prof_data_size                
ffffffff  __TI_prof_data_start               
0040dee9  __TI_readmsg                       
00400000  __TI_static_base__                 
00406100  __TI_tmpnams                       
0040dde9  __TI_writemsg                      
0040d2db  __TI_wrt_ok                        
0040963f  __adddf3                           
0040d8d5  __aeabi_d2iz                       
0040da35  __aeabi_d2uiz                      
0040963f  __aeabi_dadd                       
0040d279  __aeabi_dcmpeq                     
[...]
00406570  gUartHandle                        
0040fb24  gUartParams                        
0040cfb5  getdevice                          
00406524  intrObj_rx                         
00406538  intrObj_tx                         
00406601  lin_sci_dma_main                   
0040e0e5  lseek                              
0040d457  main                               
0040e82d  malloc                             
0040abd1  memalign                           
00406574  param_rx                           
00406578  param_tx                           
0040654c  parmbuf                            
0040e7bd  putchar                            
0040e6cf  putchar_                           
0040e5c3  pvTaskIncrementMutexHeldCount      
0040fc60  pxCurrentTCB                       
0040e211  pxPortInitialiseStack              
00405e00  rData                              
0040657c  regionId                           
0040e859  remove                             
0040c665  roundf                             
0040fca0  rx_int                             
00405f00  sData                              
0040b6a5  setvbuf                            
0040e543  stack_init                         
00408f69  strcmp                             
00406580  tcc_rx                             
00406584  tcc_tx                             
00406588  tx_int                             
0040e111  unlink                             
0040e2d1  uxListRemove                       
0040f7e8  uxTopUsedPriority                  
0040e4d5  vApplicationGetIdleTaskMemory      
0040e4f1  vApplicationGetTimerTaskMemory     
0040e61d  vListInitialise                    
0040e83b  vListInitialiseItem                
0040dc29  vListInsert                        
0040e50d  vListInsertEnd                     
0040a5cf  vPortConfigTimerForRunTimeStats    
0040e439  vPortEnterCritical                 
0040e55d  vPortExitCritical                  
0040e577  vPortFree                          
0040e301  vPortSVCHandler                    
0040e169  vPortSuppressTicksAndSleep         
0040db37  vPortTimerTickHandler              
0040e239  vQueueAddToRegistry                
0040de1d  vQueueDelete                       
0040d9ab  vQueueWaitForMessageRestricted     
0040b405  vTaskDelete                        
0040e591  vTaskInternalSetTimeOutState       
0040e793  vTaskMissedYield                   
0040e459  vTaskPlaceOnEventList              
0040e193  vTaskPlaceOnEventListRestricted    
0040c851  vTaskPriorityDisinheritAfterTimeout
0040c061  vTaskStartScheduler                
0040e713  vTaskSuspendAll                    
0040c563  vTaskSwitchContext                 
0040e325  vprintf_                           
0040e13d  write                              
0040d1b1  xPortPendSVHandler                 
0040cd39  xPortStartScheduler                
0040deb7  xQueueCreateMutexStatic            
0040e349  xQueueGenericCreateStatic          
0040ce0f  xQueueGenericReset                 
0040a5d1  xQueueGenericSend                  
0040ce79  xQueueGenericSendFromISR           
0040d561  xQueueGiveFromISR                  
0040e1bd  xQueueGiveMutexRecursive           
0040a709  xQueueReceive                      
0040c4df  xQueueReceiveFromISR               
00406000  xQueueRegistry                     
00409f79  xQueueSemaphoreTake                
0040e261  xQueueTakeMutexRecursive           
0040d3fb  xTaskCheckForTimeOut               
0040dbb1  xTaskCreateStatic                  
0040e7c9  xTaskGetCurrentTaskHandle          
0040e36d  xTaskGetSchedulerState             
0040e7d5  xTaskGetTickCount                  
0040a35d  xTaskIncrementTick                 
0040ca9b  xTaskPriorityDisinherit            
0040bb49  xTaskPriorityInherit               
0040bbf1  xTaskRemoveFromEventList           
0040acf1  xTaskResumeAll                     
0040d215  xTimerCreateTimerTask              
0040d661  xTimerGenericCommand               


GLOBAL SYMBOLS: SORTED BY Symbol Address 

address   name                               
-------   ----                               
00000000  __TI_ATRegion0_region_sz           
00000000  __TI_ATRegion0_src_addr            
00000000  __TI_ATRegion0_trg_addr            
00000000  __TI_ATRegion1_region_sz           
00000000  __TI_ATRegion1_src_addr            
00000000  __TI_ATRegion1_trg_addr            
00000000  __TI_ATRegion2_region_sz           
00000000  __TI_ATRegion2_src_addr            
00000000  __TI_ATRegion2_trg_addr            
00002000  __STACK_SIZE                       
00002000  __SYSMEM_SIZE                      
00400000  __TI_static_base__                 
00400000  gHwiP_vectorTable                  
00400200  __BSS_START                        
00400200  __start___llvm_prf_bits            
00400200  __start___llvm_prf_cnts            
00400200  __stop___llvm_prf_bits             
00400200  __stop___llvm_prf_cnts             
00400200  gMainTaskStack                     
00405600  gHwiCtrl                           
00405bdc  _CIOBUF_                           
00405bdc  __CIOBUF_                          
00405e00  rData                              
00405f00  sData                              
00406000  xQueueRegistry                     
00406100  __TI_tmpnams                       
00406298  gMainTaskObj                       
00406414  gRovDummyQueue                     
00406460  gClockCtrl                         
00406524  intrObj_rx                         
00406538  intrObj_tx                         
0040654c  parmbuf                            
00406560  dmaCh_rx                           
00406564  dmaCh_tx                           
00406568  gEdmaHandle                        
0040656c  gMainTask                          
00406570  gUartHandle                        
00406574  param_rx                           
00406578  param_tx                           
0040657c  regionId                           
00406580  tcc_rx                             
00406584  tcc_tx                             
00406588  tx_int                             
00406600  __BSS_END                          
00406601  lin_sci_dma_main                   
0040750d  Board_driversOpen                  
00407df9  LIN_initModule                     
0040822f  Board_driversClose                 
00408231  HwiP_enableInt                     
0040827f  HwiP_restore                       
00408289  HwiP_disableInt                    
004082e5  HwiP_restoreInt                    
00408343  HwiP_clearInt                      
00408365  HwiP_setPri                        
004083b3  HwiP_Params_init                   
004083c5  HwiP_construct                     
0040846d  HwiP_destruct                      
004084e7  HwiP_post                          
004084fb  HwiP_disable                       
00408507  HwiP_enable                        
00408513  HwiP_init                          
004085e1  UART_open                          
00408941  SOC_rcmGetPeripheralClock          
00408c51  EDMA_init                          
00408f5b  EDMA_isInterruptEnabled            
00408f69  strcmp                             
0040923d  UART_write                         
00409469  MpuP_RegionAttrs_init              
00409481  MpuP_setRegion                     
00409549  MpuP_enable                        
00409583  MpuP_disable                       
004095a9  MpuP_isEnable                      
004095b9  MpuP_init                          
00409633  Board_init                         
00409635  __aeabi_dsub                       
00409635  __subdf3                           
0040963f  __adddf3                           
0040963f  __aeabi_dadd                       
004097eb  ClockP_timerClearOverflowInt       
0040999b  UART_edmaChannelConfig             
00409ca5  SOC_rcmEnablePeripheralClock       
00409e15  SOC_rcmSetPeripheralClock          
00409f77  __aeabi_ldiv0                      
00409f79  xQueueSemaphoreTake                
0040a0cf  UART_close                         
0040a217  _nop                               
0040a35d  xTaskIncrementTick                 
0040a499  __aeabi_ddiv                       
0040a499  __divdf3                           
0040a5cf  vPortConfigTimerForRunTimeStats    
0040a5d1  xQueueGenericSend                  
0040a709  xQueueReceive                      
0040a973  ClockP_init                        
0040aaa3  EDMA_open                          
0040abd1  aligned_alloc                      
0040abd1  memalign                           
0040acf1  xTaskResumeAll                     
0040b029  __aeabi_dmul                       
0040b029  __muldf3                           
0040b315  free                               
0040b405  vTaskDelete                        
0040b5cd  UART_writeDma                      
0040b6a5  setvbuf                            
0040b77d  EDMA_unregisterIntr                
0040b855  EDMA_registerIntr                  
0040b91f  SysTickTimerP_setup                
0040b9dd  HwiP_interrupt_handler             
0040ba11  HwiP_nmi_handler                   
0040ba37  HwiP_hardFault_handler             
0040ba47  HwiP_memFault_handler              
0040ba57  HwiP_busFault_handler              
0040ba67  HwiP_usageFault_handler            
0040ba77  HwiP_reserved_handler              
0040ba87  HwiP_debugMon_handler              
0040ba99  __udivmoddi4                       
0040bb49  xTaskPriorityInherit               
0040bbf1  xTaskRemoveFromEventList           
0040bde1  UART_flushTxFifo                   
0040bfc5  floorf                             
0040c061  vTaskStartScheduler                
0040c0f9  UART_init                          
0040c221  EDMADisableTransferRegion          
0040c2b1  EDMAEnableTransferRegion           
0040c3d1  fputc                              
0040c4df  xQueueReceiveFromISR               
0040c563  vTaskSwitchContext                 
0040c665  roundf                             
0040c6e3  System_init                        
0040c851  vTaskPriorityDisinheritAfterTimeout
0040c8c9  _DebugP_logZone                    
0040c941  __TI_closefile                     
0040c9b5  EDMA_close                         
0040ca9b  xTaskPriorityDisinherit            
0040cb0d  EDMAConfigureChannelRegion         
0040cb7d  SemaphoreP_constructBinary         
0040cbed  __gedf2                            
0040cbed  __gtdf2                            
0040cc5d  __cmpdf2                           
0040cc5d  __eqdf2                            
0040cc5d  __ledf2                            
0040cc5d  __ltdf2                            
0040cc5d  __nedf2                            
0040cd39  xPortStartScheduler                
0040cda5  AddrTranslateP_getLocalAddr        
0040ce0f  xQueueGenericReset                 
0040ce79  xQueueGenericSendFromISR           
0040cf4d  fseeko                             
0040cfb5  getdevice                          
0040d01d  SemaphoreP_pend                    
0040d083  SemaphoreP_post                    
0040d0e9  EDMAFreeChannelRegion              
0040d14d  HOSTrename                         
0040d1b1  xPortPendSVHandler                 
0040d215  xTimerCreateTimerTask              
0040d279  __aeabi_dcmpeq                     
0040d28d  __aeabi_dcmplt                     
0040d2a1  __aeabi_dcmple                     
0040d2b5  __aeabi_dcmpge                     
0040d2c9  __aeabi_dcmpgt                     
0040d2db  __TI_wrt_ok                        
0040d33d  close                              
0040d39d  _DebugP_assert                     
0040d3fb  xTaskCheckForTimeOut               
0040d457  main                               
0040d4b1  HOSTlseek                          
0040d509  HOSTopen                           
0040d561  xQueueGiveFromISR                  
0040d5b9  HOSTread                           
0040d60d  HOSTwrite                          
0040d661  xTimerGenericCommand               
0040d6b3  SOC_virtToPhy                      
0040d703  SemaphoreP_constructMutex          
0040d753  __TI_doflush                       
0040d7a5  ClockP_getTimeUsec                 
0040d7f1  Drivers_edmaOpen                   
0040d83d  Drivers_uartOpen                   
0040d889  EDMADisableChInShadowRegRegion     
0040d8d5  __aeabi_d2iz                       
0040d8d5  __fixdfsi                          
0040d91d  _c_int00                           
0040d965  EDMA_getBaseAddr                   
0040d9ab  vQueueWaitForMessageRestricted     
0040d9f1  HOSTunlink                         
0040da35  __aeabi_d2uiz                      
0040da35  __fixunsdfsi                       
0040dab9  EDMAMapChToEvtQ                    
0040daf9  EDMASetPaRAM                       
0040db37  vPortTimerTickHandler              
0040db75  HOSTclose                          
0040dbb1  xTaskCreateStatic                  
0040dbed  DebugP_uartLogWriterPutChar        
0040dc29  vListInsert                        
0040dc63  Drivers_uartInit                   
0040dc9d  Module_clockSetFrequency           
0040dcd5  SOC_rcmEnableADPLLClock            
0040dd0d  __aeabi_f2d                        
0040dd0d  __extendsfdf2                      
0040dd45  __TI_auto_init_nobinit_nopinit     
0040dd7d  Pinmux_config                      
0040ddb5  __TI_cleanup                       
0040dde9  __TI_writemsg                      
0040de13  C$$IO$$                            
0040de1d  vQueueDelete                       
0040de51  EDMA_getHandle                     
0040de85  Module_clockEnable                 
0040deb7  xQueueCreateMutexStatic            
0040dee9  __TI_readmsg                       
0040df19  __aeabi_dcmpun                     
0040df19  __unorddf2                         
0040df49  exit                               
0040dfa9  ClockP_timerTickIsr                
0040dfd7  EDMAEnableChInShadowRegRegion      
0040e005  __aeabi_i2d                        
0040e005  __floatsidf                        
0040e033  Drivers_close                      
0040e061  SOC_rcmSetM4ClockSrc               
0040e08d  UART_getHandle                     
0040e0b9  finddevice                         
0040e0e5  lseek                              
0040e111  unlink                             
0040e13d  write                              
0040e169  vPortSuppressTicksAndSleep         
0040e193  vTaskPlaceOnEventListRestricted    
0040e1bd  xQueueGiveMutexRecursive           
0040e211  pxPortInitialiseStack              
0040e239  vQueueAddToRegistry                
0040e261  xQueueTakeMutexRecursive           
0040e289  Dpl_init                           
0040e2ad  EDMAReadIntrStatusRegion           
0040e2d1  uxListRemove                       
0040e2f5  DebugP_uartSetDrvIndex             
0040e301  vPortSVCHandler                    
0040e325  vprintf_                           
0040e349  xQueueGenericCreateStatic          
0040e36d  xTaskGetSchedulerState             
0040e391  SOC_controlModuleUnlockMMR         
0040e3d7  DebugP_logZoneEnable               
0040e3f9  __aeabi_ui2d                       
0040e3f9  __floatunsidf                      
0040e439  vPortEnterCritical                 
0040e459  vTaskPlaceOnEventList              
0040e479  EDMAClrIntrRegion                  
0040e499  _DebugP_assertNoLog                
0040e4d5  vApplicationGetIdleTaskMemory      
0040e4f1  vApplicationGetTimerTaskMemory     
0040e50d  vListInsertEnd                     
0040e529  SysTickTimerP_Params_init          
0040e543  stack_init                         
0040e55d  vPortExitCritical                  
0040e577  vPortFree                          
0040e591  vTaskInternalSetTimeOutState       
0040e5ab  TaskP_yield                        
0040e5c3  pvTaskIncrementMutexHeldCount      
0040e5db  HwiP_inISR                         
0040e5f1  Power_idleFunc                     
0040e607  SOC_getEfusePgVersion              
0040e61d  vListInitialise                    
0040e633  ClockP_usecToTicks                 
0040e647  EDMA_getRegionId                   
0040e65b  SOC_controlModuleLockMMR           
0040e671  __aeabi_uldivmod                   
0040e699  SOC_clocksEnable                   
0040e6ab  SysTickTimerP_start                
0040e6bd  freertos_main                      
0040e6cf  putchar_                           
0040e6e1  TI_memcpy_small                    
0040e713  vTaskSuspendAll                    
0040e723  Drivers_open                       
0040e731  EDMACCPaRAMEntry_init              
0040e73f  Pinmux_init                        
0040e74d  PowerClock_init                    
0040e75b  SysTickTimerP_getCount             
0040e769  SysTickTimerP_getReloadCount       
0040e793  vTaskMissedYield                   
0040e7a1  TI_memset_small                    
0040e7af  SOC_moduleClockEnable              
0040e7bd  putchar                            
0040e7c9  xTaskGetCurrentTaskHandle          
0040e7d5  xTaskGetTickCount                  
0040e7e1  __aeabi_memset                     
0040e7e1  __aeabi_memset4                    
0040e7e1  __aeabi_memset8                    
0040e7f5  EDMA_allocDmaChannel               
0040e7fd  EDMA_allocParam                    
0040e805  EDMA_allocTcc                      
0040e80d  EDMA_freeDmaChannel                
0040e815  EDMA_freeParam                     
0040e81d  EDMA_freeTcc                       
0040e825  __aeabi_memclr                     
0040e825  __aeabi_memclr4                    
0040e825  __aeabi_memclr8                    
0040e82d  malloc                             
0040e835  SemaphoreP_destruct                
0040e83b  vListInitialiseItem                
0040e841  ClockP_getTicks                    
0040e845  ClockP_getTimerCount               
0040e849  SOC_moduleSetClockFrequency        
0040e84d  __aeabi_memcpy                     
0040e84d  __aeabi_memcpy4                    
0040e84d  __aeabi_memcpy8                    
0040e851  __mpu_init                         
0040e855  fseek                              
0040e859  remove                             
0040e85c  C$$EXIT                            
0040e85d  abort                              
0040f7e8  uxTopUsedPriority                  
0040f7f0  _ftable                            
0040f8e0  Power_module                       
0040f9a8  _device                            
0040fa84  _stream                            
0040fb24  gUartParams                        
0040fb5c  gMpuRegionConfig                   
0040fbb4  gSocModulesClockFrequency          
0040fbd8  gClockConfig                       
0040fbec  gSocModules                        
0040fbfc  gAddrTranslateConfig               
0040fc08  gMpuConfig                         
0040fc14  __TI_cleanup_ptr                   
0040fc18  __TI_dtors_ptr                     
0040fc1c  gEdmaConfig                        
0040fc2c  gUartConfig                        
0040fc34  FreeRTOS_errno                     
0040fc38  __TI_ft_end                        
0040fc3c  _lock                              
0040fc40  _unlock                            
0040fc44  gDebugLogZone                      
0040fc48  gDebugP_uartDrvIndex               
0040fc4c  gEdmaConfigNum                     
0040fc50  gEdmaParams                        
0040fc54  gUartConfigNum                     
0040fc60  pxCurrentTCB                       
0040fca0  rx_int                             
00458000  __stack                            
0045a000  __STACK_END                        
0045a000  _sys_memory                        
ffffffff  __TI_pprof_out_hndl                
ffffffff  __TI_prof_data_size                
ffffffff  __TI_prof_data_start               
ffffffff  __binit__                          
ffffffff  binit                              
UNDEFED   __TI_CINIT_Base                    
UNDEFED   __TI_CINIT_Limit                   
UNDEFED   __TI_Handler_Table_Base            
UNDEFED   __TI_Handler_Table_Limit           
UNDEFED   _system_post_cinit                 

[345 symbols]
