******************************************************************************
            TI ARM Clang Linker Unix v3.2.2                    
******************************************************************************
>> Linked Fri Aug 29 15:07:10 2025

OUTPUT FILE NAME:   <lin_loopback_interrupt_wcsp.release.out>
ENTRY POINT SYMBOL: "_c_int00"  address: 00405e15


MEMORY CONFIGURATION

         name            origin    length      used     unused   attr    fill
----------------------  --------  ---------  --------  --------  ----  --------
  M4F_VECS              00400000   00000200  00000140  000000c0  RWIX
  M4F_RAM12             00400200   00057e00  00007854  000505ac  RWIX
  M4F_RBL               00458000   00008000  00004000  00004000  RWIX
  M4F_RAM3              00460000   00020000  00000000  00020000  RWIX
  HWASS_SHM_MEM         60000000   00080000  00000000  00080000  RWIX


SEGMENT ALLOCATION MAP

run origin  load origin   length   init length attrs members
----------  ----------- ---------- ----------- ----- -------
00400000    00400000    00000140   00000140    rw-
  00400000    00400000    00000140   00000140    rw- .vectors
00400200    00400200    00000748   00000000    rw-
  00400200    00400200    00000748   00000000    rw- .bss
00400948    00400948    00000018   00000018    r--
  00400948    00400948    00000018   00000018    r-- .rodata.1
00400960    00400960    00006d31   00006d31    r-x
  00400960    00400960    00005fba   00005fba    r-x .text
  00406920    00406920    00000d71   00000d71    r-- .rodata.2
00407698    00407698    000003c9   000003c9    rw-
  00407698    00407698    000003c9   000003c9    rw- .data
00458000    00458000    00004000   00000000    rw-
  00458000    00458000    00002000   00000000    rw- .stack
  0045a000    0045a000    00002000   00000000    rw- .sysmem


SECTION ALLOCATION MAP

 output                                  attributes/
section   page    origin      length       input sections
--------  ----  ----------  ----------   ----------------
.vectors   0    00400000    00000140     
                  00400000    00000140     nortos.xwrL64xx.m4f.ti-arm-clang.release.lib : HwiP_armv7m_handlers_nortos.obj (.vectors)

.bss       0    00400200    00000748     UNINITIALIZED
                  00400200    00000280     (.common:gHwiCtrl)
                  00400480    0000021c     ti_drivers_config.obj (.bss.gUartObjects)
                  0040069c    00000120     libsysbm.a : trgmsg.c.obj (.bss:_CIOBUF_)
                  004007bc    000000a0     libc.a : defs.c.obj (.bss.__TI_tmpnams)
                  0040085c    00000058     ti_drivers_config.obj (.bss.gEdmaObjects)
                  004008b4    00000004     libc.a : memory.c.obj (.bss.sys_free)
                  004008b8    00000038     (.common:gClockCtrl)
                  004008f0    00000020     lin_loopback_interrupts.obj (.bss.gLinHwiObject_0)
                  00400910    00000020     lin_loopback_interrupts.obj (.bss.gLinHwiObject_1)
                  00400930    00000008     libsysbm.a : hostopen.c.obj (.bss.parmbuf)
                  00400938    00000004     (.common:gEdmaHandle)
                  0040093c    00000004     (.common:gUartHandle)
                  00400940    00000002     (.common:result)
                  00400942    00000006     --HOLE--

.stack     0    00458000    00002000     UNINITIALIZED
                  00458000    00000004     nortos.xwrL64xx.m4f.ti-arm-clang.release.lib : boot_armv7m.obj (.stack)
                  00458004    00001ffc     --HOLE--

.sysmem    0    0045a000    00002000     UNINITIALIZED
                  0045a000    00000010     libc.a : memory.c.obj (.sysmem)
                  0045a010    00001ff0     --HOLE--

__llvm_prf_cnts 
*          0    00400200    00000000     UNINITIALIZED

__llvm_prf_bits 
*          0    00400200    00000000     UNINITIALIZED

.rodata.1 
*          0    00400948    00000018     
                  00400948    00000018     drivers.xwrL64xx.m4f.ti-arm-clang.release.lib : uart_sci.obj (.rodata.str1.120312415395384906381)

.text      0    00400960    00005fba     
                  00400960    00000570     nortos.xwrL64xx.m4f.ti-arm-clang.release.lib : printf.obj (.text._vsnprintf)
                  00400ed0    000004a8                                                  : printf.obj (.text._etoa)
                  00401378    00000440                                                  : printf.obj (.text._ftoa)
                  004017b8    00000436     drivers.xwrL64xx.m4f.ti-arm-clang.release.lib : lin.obj (.text.LIN_initModule)
                  00401bee    00000002     ti_board_config.obj (.text.Board_deinit)
                  00401bf0    000003b0     nortos.xwrL64xx.m4f.ti-arm-clang.release.lib : HwiP_armv7m.obj (.text.hwi)
                  00401fa0    00000360     drivers.xwrL64xx.m4f.ti-arm-clang.release.lib : uart_sci.obj (.text.UART_open)
                  00402300    00000314     lin_loopback_interrupts.obj (.text.lin_loopback_interrupt_main)
                  00402614    00000310     drivers.xwrL64xx.m4f.ti-arm-clang.release.lib : soc_rcm.obj (.text.SOC_rcmGetPeripheralClock)
                  00402924    0000030a                                                   : edma.obj (.text.EDMA_init)
                  00402c2e    00000012                                                   : soc.obj (.text.SOC_clocksEnable)
                  00402c40    000002dc     libc.a : strcmp_t2.S.obj (.text:strcmp)
                  00402f1c    000001ca     nortos.xwrL64xx.m4f.ti-arm-clang.release.lib : MpuP_armv7m.obj (.text.mpu)
                  004030e6    00000002     ti_board_open_close.obj (.text.Board_driversClose)
                  004030e8    000001b6     libclang_rt.builtins.a : adddf3.S.obj (.text.adddf3_subdf3)
                  0040329e    00000002     ti_board_config.obj (.text.Board_init)
                  004032a0    000001a6     drivers.xwrL64xx.m4f.ti-arm-clang.release.lib : edma.obj (.text.EDMA_deinit)
                  00403446    00000190                                                   : uart_sci_edma.obj (.text.UART_edmaChannelConfig)
                  004035d6    0000017a                                                   : uart_sci.obj (.text.UART_controllerIsr)
                  00403750    00000170                                                   : soc_rcm.obj (.text.SOC_rcmEnablePeripheralClock)
                  004038c0    00000162                                                   : soc_rcm.obj (.text.SOC_rcmSetPeripheralClock)
                  00403a22    00000148                                                   : uart_sci.obj (.text.UART_close)
                  00403b6a    00000002     nortos.xwrL64xx.m4f.ti-arm-clang.release.lib : ClockP_nortos_m4.obj (.text.ClockP_timerClearOverflowInt)
                  00403b6c    00000144                                                  : printf.obj (.text._ntoa_format)
                  00403cb0    00000136     libclang_rt.builtins.a : divdf3.S.obj (.text.__divdf3)
                  00403de6    00000002     nortos.xwrL64xx.m4f.ti-arm-clang.release.lib : SemaphoreP_nortos.obj (.text.SemaphoreP_destruct)
                  00403de8    00000132     drivers.xwrL64xx.m4f.ti-arm-clang.release.lib : edma.obj (.text.allocResource)
                  00403f1a    0000012c                                                   : edma.obj (.text.EDMA_open)
                  00404046    00000002     nortos.xwrL64xx.m4f.ti-arm-clang.release.lib : TaskP_nortos.obj (.text.TaskP_yield)
                  00404048    00000120     libc.a : memory.c.obj (.text.aligned_alloc)
                  00404168    00000104     drivers.xwrL64xx.m4f.ti-arm-clang.release.lib : edma.obj (.text.EDMA_transferCompletionMasterIsrFxn)
                  0040426c    00000100     lin_loopback_interrupts.obj (.text.level1ISR)
                  0040436c    000000fc     libclang_rt.builtins.a : muldf3.S.obj (.text.__muldf3)
                  00404468    000000fa     drivers.xwrL64xx.m4f.ti-arm-clang.release.lib : edma.obj (.text.EDMA_freeResource)
                  00404562    000000f6     nortos.xwrL64xx.m4f.ti-arm-clang.release.lib : ClockP_nortos_m4.obj (.text.ClockP_init)
                  00404658    000000f0     libc.a : memory.c.obj (.text.free)
                  00404748    000000da     nortos.xwrL64xx.m4f.ti-arm-clang.release.lib : HwiP_armv7m_handlers_nortos.obj (.text.hwi)
                  00404822    00000002     libclang_rt.builtins.a : aeabi_div0.c.obj (.text.__aeabi_ldiv0)
                  00404824    000000d8     drivers.xwrL64xx.m4f.ti-arm-clang.release.lib : edma.obj (.text.EDMA_allocResource)
                  004048fc    000000d8     libc.a : setvbuf.c.obj (.text.setvbuf)
                  004049d4    000000d2     ti_drivers_config.obj (.text.System_init)
                  00404aa6    00000002     libc.a : _lock.c.obj (.text._nop)
                  00404aa8    000000ca     drivers.xwrL64xx.m4f.ti-arm-clang.release.lib : edma.obj (.text.EDMA_registerIntr)
                  00404b72    000000bc     nortos.xwrL64xx.m4f.ti-arm-clang.release.lib : SysTickTimerP.obj (.text.SysTickTimerP_setup)
                  00404c2e    00000002                                                  : printf.obj (.text._out_null)
                  00404c30    000000b0     libclang_rt.builtins.a : udivmoddi4.S.obj (.text)
                  00404ce0    000000a4     nortos.xwrL64xx.m4f.ti-arm-clang.release.lib : printf.obj (.text._ntoa_long_long)
                  00404d84    000000a4                                                  : printf.obj (.text._out_rev)
                  00404e28    000000a2     drivers.xwrL64xx.m4f.ti-arm-clang.release.lib : uart_sci.obj (.text.UART_flushTxFifo)
                  00404eca    00000002     --HOLE-- [fill = 0]
                  00404ecc    0000009c     libc.a : s_floorf.c.obj (.text.floorf)
                  00404f68    00000098     nortos.xwrL64xx.m4f.ti-arm-clang.release.lib : SemaphoreP_nortos.obj (.text.SemaphoreP_pend)
                  00405000    00000094     drivers.xwrL64xx.m4f.ti-arm-clang.release.lib : uart_sci.obj (.text.UART_init)
                  00405094    00000094     nortos.xwrL64xx.m4f.ti-arm-clang.release.lib : printf.obj (.text._ntoa_long)
                  00405128    00000088     libc.a : fputc.c.obj (.text.fputc)
                  004051b0    00000086     drivers.xwrL64xx.m4f.ti-arm-clang.release.lib : uart_sci_edma.obj (.text.UART_txEdmaIsrFxn)
                  00405236    00000080                                                   : uart_sci_edma.obj (.text.UART_rxEdmaIsrFxn)
                  004052b6    0000007e     libc.a : s_roundf.c.obj (.text.roundf)
                  00405334    00000078     lin_loopback_interrupts.obj (.text.level0ISR)
                  004053ac    00000074     libc.a : fclose.c.obj (.text.__TI_closefile)
                  00405420    00000072     drivers.xwrL64xx.m4f.ti-arm-clang.release.lib : edma.obj (.text.EDMA_close)
                  00405492    00000070                                                   : edma.obj (.text.EDMAConfigureChannelRegion)
                  00405502    00000002     --HOLE-- [fill = 0]
                  00405504    0000006e     libclang_rt.builtins.a : comparedf2.c.obj (.text.__gedf2)
                  00405572    00000002     --HOLE-- [fill = 0]
                  00405574    0000006e                            : comparedf2.c.obj (.text.__ledf2)
                  004055e2    00000002     --HOLE-- [fill = 0]
                  004055e4    0000006c     libc.a : memory.c.obj (.text.split)
                  00405650    0000006a     nortos.xwrL64xx.m4f.ti-arm-clang.release.lib : AddrTranslateP.obj (.text.AddrTranslateP_getLocalAddr)
                  004056ba    00000002     --HOLE-- [fill = 0]
                  004056bc    00000068     libc.a : fseek.c.obj (.text.fseeko)
                  00405724    00000068            : getdevice.c.obj (.text.getdevice)
                  0040578c    00000064     nortos.xwrL64xx.m4f.ti-arm-clang.release.lib : ClockP_nortos.obj (.text.ClockP_timerTickIsr)
                  004057f0    00000064     libsysbm.a : hostrename.c.obj (.text.HOSTrename)
                  00405854    00000062     drivers.xwrL64xx.m4f.ti-arm-clang.release.lib : lin.obj (.text.LIN_sendData)
                  004058b6    00000002     --HOLE-- [fill = 0]
                  004058b8    00000062     libclang_rt.builtins.a : aeabi_dcmp.S.obj (.text.__aeabi_dcmp)
                  0040591a    00000002     --HOLE-- [fill = 0]
                  0040591c    00000060     drivers.xwrL64xx.m4f.ti-arm-clang.release.lib : lin.obj (.text.LIN_getData)
                  0040597c    00000060     libc.a : _io_perm.c.obj (.text.__TI_wrt_ok)
                  004059dc    00000060     libsysbm.a : close.c.obj (.text.close)
                  00405a3c    0000005e     nortos.xwrL64xx.m4f.ti-arm-clang.release.lib : DebugP_log.obj (.text._DebugP_assert)
                  00405a9a    00000002     --HOLE-- [fill = 0]
                  00405a9c    00000058                                                  : ClockP_nortos.obj (.text.ClockP_getTimeUsec)
                  00405af4    00000058     libsysbm.a : hostlseek.c.obj (.text.HOSTlseek)
                  00405b4c    00000058                : hostopen.c.obj (.text.HOSTopen)
                  00405ba4    00000054                : hostread.c.obj (.text.HOSTread)
                  00405bf8    00000054                : hostwrite.c.obj (.text.HOSTwrite)
                  00405c4c    00000050     libc.a : fflush.c.obj (.text.__TI_doflush)
                  00405c9c    0000004e     nortos.xwrL64xx.m4f.ti-arm-clang.release.lib : ClockP_nortos.obj (.text.ClockP_addToList)
                  00405cea    0000004c     ti_drivers_open_close.obj (.text.Drivers_edmaOpen)
                  00405d36    0000004c     ti_drivers_open_close.obj (.text.Drivers_uartOpen)
                  00405d82    0000004a     nortos.xwrL64xx.m4f.ti-arm-clang.release.lib : ClockP_nortos.obj (.text.ClockP_construct)
                  00405dcc    00000048     libclang_rt.builtins.a : fixdfsi.S.obj (.text.__fixdfsi)
                  00405e14    00000048     nortos.xwrL64xx.m4f.ti-arm-clang.release.lib : boot_armv7m.obj (.text:_c_int00)
                  00405e5c    00000046     drivers.xwrL64xx.m4f.ti-arm-clang.release.lib : edma.obj (.text.EDMA_getBaseAddr)
                  00405ea2    00000002     --HOLE-- [fill = 0]
                  00405ea4    00000044     libsysbm.a : hostunlink.c.obj (.text.HOSTunlink)
                  00405ee8    00000044     libclang_rt.builtins.a : fixunsdfsi.S.obj (.text.__fixunsdfsi)
                  00405f2c    00000040     nortos.xwrL64xx.m4f.ti-arm-clang.release.lib : ClockP_nortos.obj (.text.ClockP_stop)
                  00405f6c    0000003e     drivers.xwrL64xx.m4f.ti-arm-clang.release.lib : edma.obj (.text.EDMAMapChToEvtQ)
                  00405faa    00000002     --HOLE-- [fill = 0]
                  00405fac    0000003e                                                   : edma.obj (.text.EDMASetPaRAM)
                  00405fea    0000003e     nortos.xwrL64xx.m4f.ti-arm-clang.release.lib : SemaphoreP_nortos.obj (.text.SemaphoreP_constructBinary)
                  00406028    0000003c     libsysbm.a : hostclose.c.obj (.text.HOSTclose)
                  00406064    0000003c     nortos.xwrL64xx.m4f.ti-arm-clang.release.lib : SemaphoreP_nortos.obj (.text.SemaphoreP_constructMutex)
                  004060a0    0000003a                                                  : ClockP_nortos.obj (.text.ClockP_destruct)
                  004060da    00000038     ti_drivers_config.obj (.text.Drivers_uartInit)
                  00406112    00000002     --HOLE-- [fill = 0]
                  00406114    00000038     ti_power_clock_config.obj (.text.Module_clockSetFrequency)
                  0040614c    00000038     drivers.xwrL64xx.m4f.ti-arm-clang.release.lib : soc_rcm.obj (.text.SOC_rcmEnableADPLLClock)
                  00406184    00000038     nortos.xwrL64xx.m4f.ti-arm-clang.release.lib : DebugP_nortos.obj (.text._DebugP_logZone)
                  004061bc    00000038     libclang_rt.builtins.a : extendsfdf2.S.obj (.text.__extendsfdf2)
                  004061f4    00000038     libc.a : autoinit.c.obj (.text:__TI_auto_init_nobinit_nopinit)
                  0040622c    00000036     drivers.xwrL64xx.m4f.ti-arm-clang.release.lib : pinmux.obj (.text.Pinmux_config)
                  00406262    00000034     nortos.xwrL64xx.m4f.ti-arm-clang.release.lib : ClockP_nortos.obj (.text.ClockP_start)
                  00406296    00000002     --HOLE-- [fill = 0]
                  00406298    00000034     libc.a : fopen.c.obj (.text.__TI_cleanup)
                  004062cc    00000034     libsysbm.a : trgmsg.c.obj (.text.__TI_writemsg)
                  00406300    00000032     drivers.xwrL64xx.m4f.ti-arm-clang.release.lib : edma.obj (.text.EDMA_getHandle)
                  00406332    00000002     --HOLE-- [fill = 0]
                  00406334    00000032     ti_power_clock_config.obj (.text.Module_clockEnable)
                  00406366    00000032     nortos.xwrL64xx.m4f.ti-arm-clang.release.lib : SemaphoreP_nortos.obj (.text.SemaphoreP_post)
                  00406398    00000030     libsysbm.a : trgmsg.c.obj (.text.__TI_readmsg)
                  004063c8    00000030     libclang_rt.builtins.a : comparedf2.c.obj (.text.__unorddf2)
                  004063f8    00000030     libc.a : exit.c.obj (.text.exit)
                  00406428    0000002e     drivers.xwrL64xx.m4f.ti-arm-clang.release.lib : edma.obj (.text.EDMAEnableChInShadowRegRegion)
                  00406456    00000002     --HOLE-- [fill = 0]
                  00406458    0000002e     ti_power_clock_config.obj (.text.Module_clockDisable)
                  00406486    00000002     --HOLE-- [fill = 0]
                  00406488    0000002e     libclang_rt.builtins.a : floatsidf.S.obj (.text.__floatsidf)
                  004064b6    0000002c     ti_drivers_open_close.obj (.text.Drivers_close)
                  004064e2    00000002     --HOLE-- [fill = 0]
                  004064e4    0000002c     drivers.xwrL64xx.m4f.ti-arm-clang.release.lib : soc_rcm.obj (.text.SOC_rcmSetM4ClockSrc)
                  00406510    0000002c     libc.a : getdevice.c.obj (.text.finddevice)
                  0040653c    0000002c     libsysbm.a : lseek.c.obj (.text.lseek)
                  00406568    0000002c                : unlink.c.obj (.text.unlink)
                  00406594    0000002c                : write.c.obj (.text.write)
                  004065c0    00000028     libc.a : memory.c.obj (.text.free_list_insert)
                  004065e8    00000024     nortos.xwrL64xx.m4f.ti-arm-clang.release.lib : printf.obj (.text.vprintf_)
                  0040660c    00000022     drivers.xwrL64xx.m4f.ti-arm-clang.release.lib : soc.obj (.text.SOC_controlModuleUnlockMMR)
                  0040662e    00000020     nortos.xwrL64xx.m4f.ti-arm-clang.release.lib : DebugP_log.obj (.text.DebugP_logZoneEnable)
                  0040664e    00000002     --HOLE-- [fill = 0]
                  00406650    00000020     libclang_rt.builtins.a : floatunsidf.S.obj (.text.__floatunsidf)
                  00406670    0000001e     ti_dpl_config.obj (.text.Dpl_init)
                  0040668e    00000002     --HOLE-- [fill = 0]
                  00406690    0000001e     nortos.xwrL64xx.m4f.ti-arm-clang.release.lib : DebugP_log.obj (.text._DebugP_assertNoLog)
                  004066ae    00000002     --HOLE-- [fill = 0]
                  004066b0    0000001c     libc.a : memory.c.obj (.text.free_list_remove)
                  004066cc    0000001c     main.obj (.text.main)
                  004066e8    0000001a     nortos.xwrL64xx.m4f.ti-arm-clang.release.lib : SysTickTimerP.obj (.text.SysTickTimerP_Params_init)
                  00406702    0000001a     drivers.xwrL64xx.m4f.ti-arm-clang.release.lib : uart_sci.obj (.text.UART_deinit)
                  0040671c    0000001a     nortos.xwrL64xx.m4f.ti-arm-clang.release.lib : boot_armv7m.obj (.text.stack_init)
                  00406736    00000018                                                  : ClockP_nortos_m4.obj (.text.ClockP_deinit)
                  0040674e    00000016                                                  : HwiP_armv7m.obj (.text.HwiP_inISR)
                  00406764    00000016     drivers.xwrL64xx.m4f.ti-arm-clang.release.lib : soc_rcm.obj (.text.SOC_getEfusePgVersion)
                  0040677a    00000016     ti_drivers_config.obj (.text.System_deinit)
                  00406790    00000014     drivers.xwrL64xx.m4f.ti-arm-clang.release.lib : edma.obj (.text.EDMA_getRegionId)
                  004067a4    00000014                                                   : soc.obj (.text.SOC_controlModuleLockMMR)
                  004067b8    00000014     libclang_rt.builtins.a : aeabi_uldivmod.S.obj (.text.__aeabi_uldivmod)
                  004067cc    00000012     nortos.xwrL64xx.m4f.ti-arm-clang.release.lib : SysTickTimerP.obj (.text.SysTickTimerP_start)
                  004067de    00000012                                                  : SysTickTimerP.obj (.text.SysTickTimerP_stop)
                  004067f0    0000000e     ti_drivers_open_close.obj (.text.Drivers_open)
                  004067fe    0000000e     ti_pinmux_config.obj (.text.Pinmux_init)
                  0040680c    0000000e     ti_power_clock_config.obj (.text.PowerClock_init)
                  0040681a    0000000e     nortos.xwrL64xx.m4f.ti-arm-clang.release.lib : SysTickTimerP.obj (.text.SysTickTimerP_getCount)
                  00406828    0000000e                                                  : SysTickTimerP.obj (.text.SysTickTimerP_getReloadCount)
                  00406836    0000000e     libsysbm.a : hostrename.c.obj (.text.strcpy)
                  00406844    0000000e                : hostrename.c.obj (.text.strlen)
                  00406852    0000000e     libc.a : memset_t2.S.obj (.text:TI_memset_small)
                  00406860    0000000c     nortos.xwrL64xx.m4f.ti-arm-clang.release.lib : ClockP_nortos.obj (.text.ClockP_getTicks)
                  0040686c    0000000c     drivers.xwrL64xx.m4f.ti-arm-clang.release.lib : soc.obj (.text.SOC_moduleClockEnable)
                  00406878    0000000c     libc.a : fputc.c.obj (.text.putchar)
                  00406884    0000000a     nortos.xwrL64xx.m4f.ti-arm-clang.release.lib : ClockP_nortos.obj (.text.ClockP_Params_init)
                  0040688e    0000000a                                                  : ClockP_nortos.obj (.text.ClockP_isActive)
                  00406898    0000000a     libclang_rt.builtins.a : aeabi_memset.S.obj (.text.__aeabi_memset)
                  004068a2    0000000a     nortos.xwrL64xx.m4f.ti-arm-clang.release.lib : printf.obj (.text._out_char)
                  004068ac    00000008     drivers.xwrL64xx.m4f.ti-arm-clang.release.lib : edma.obj (.text.EDMA_allocDmaChannel)
                  004068b4    00000008                                                   : edma.obj (.text.EDMA_allocParam)
                  004068bc    00000008                                                   : edma.obj (.text.EDMA_allocTcc)
                  004068c4    00000008                                                   : edma.obj (.text.EDMA_freeDmaChannel)
                  004068cc    00000008                                                   : edma.obj (.text.EDMA_freeParam)
                  004068d4    00000008                                                   : edma.obj (.text.EDMA_freeTcc)
                  004068dc    00000008     libclang_rt.builtins.a : aeabi_memset.S.obj (.text.__aeabi_memclr)
                  004068e4    00000008     libc.a : memory.c.obj (.text.malloc)
                  004068ec    00000006     drivers.xwrL64xx.m4f.ti-arm-clang.release.lib : edma.obj (.text.EDMA_isInterruptEnabled)
                  004068f2    00000004     ti_board_open_close.obj (.text.Board_driversOpen)
                  004068f6    00000004     nortos.xwrL64xx.m4f.ti-arm-clang.release.lib : ClockP_nortos_m4.obj (.text.ClockP_getTimerCount)
                  004068fa    00000004     ti_dpl_config.obj (.text.Dpl_deinit)
                  004068fe    00000004     ti_power_clock_config.obj (.text.PowerClock_deinit)
                  00406902    00000004     drivers.xwrL64xx.m4f.ti-arm-clang.release.lib : soc.obj (.text.SOC_moduleSetClockFrequency)
                  00406906    00000004     ti_dpl_config.obj (.text.boot)
                  0040690a    00000004     libc.a : fseek.c.obj (.text.fseek)
                  0040690e    00000004     ti_dpl_config.obj (.text.putchar_)
                  00406912    00000004     libsysbm.a : remove.c.obj (.text.remove)
                  00406916    00000004     libc.a : exit.c.obj (.text:abort)

.rodata.2 
*          0    00406920    00000d71     
                  00406920    00000071     lin_loopback_interrupts.obj (.rodata.str1.153922932463839731381)
                  00406991    00000071     drivers.xwrL64xx.m4f.ti-arm-clang.release.lib : lin.obj (.rodata.str1.51999192227416030661)
                  00406a02    00000071     ti_drivers_config.obj (.rodata.str1.72370512399720775981)
                  00406a73    00000055     drivers.xwrL64xx.m4f.ti-arm-clang.release.lib : lin.obj (.rodata.str1.94450556265735546401)
                  00406ac8    00000050     nortos.xwrL64xx.m4f.ti-arm-clang.release.lib : printf.obj (.rodata._ftoa.pow10)
                  00406b18    00000041     drivers.xwrL64xx.m4f.ti-arm-clang.release.lib : lin.obj (.rodata.str1.39558797317976674551)
                  00406b59    00000039     lin_loopback_interrupts.obj (.rodata.str1.148969278476227013661)
                  00406b92    00000037     nortos.xwrL64xx.m4f.ti-arm-clang.release.lib : SemaphoreP_nortos.obj (.rodata.str1.77784356401422800491)
                  00406bc9    00000035     ti_drivers_open_close.obj (.rodata.str1.135241915826326793361)
                  00406bfe    00000035     ti_drivers_open_close.obj (.rodata.str1.89322429334436556861)
                  00406c33    0000002e     nortos.xwrL64xx.m4f.ti-arm-clang.release.lib : ClockP_nortos.obj (.rodata.str1.60552435462749564001)
                  00406c61    0000002a                                                  : DebugP_log.obj (.rodata.str1.8568035916953519521)
                  00406c8b    00000028                                                  : SysTickTimerP.obj (.rodata.str1.124645680920677519181)
                  00406cb3    00000027                                                  : ClockP_nortos_m4.obj (.rodata.str1.5874506960196990421)
                  00406cda    00000026     drivers.xwrL64xx.m4f.ti-arm-clang.release.lib : lin.obj (.rodata.str1.29200165954452238311)
                  00406d00    00000024                                                   : edma.obj (.rodata.str1.76418684701105564031)
                  00406d24    00000023     lin_loopback_interrupts.obj (.rodata.str1.126933950812185609891)
                  00406d47    00000023     nortos.xwrL64xx.m4f.ti-arm-clang.release.lib : ClockP_nortos_m4.obj (.rodata.str1.48637854522803579141)
                  00406d6a    00000021                                                  : ClockP_nortos_m4.obj (.rodata.str1.99773122168583189571)
                  00406d8b    00000001     --HOLE-- [fill = 0]
                  00406d8c    00000020     drivers.xwrL64xx.m4f.ti-arm-clang.release.lib : soc_rcm.obj (.rodata.cst16)
                  00406dac    00000020     lin_loopback_interrupts.obj (.rodata.str1.56121851627363068031)
                  00406dcc    0000001f     nortos.xwrL64xx.m4f.ti-arm-clang.release.lib : ClockP_nortos_m4.obj (.rodata.str1.10592210478019630971)
                  00406deb    0000001f     lin_loopback_interrupts.obj (.rodata.str1.119910491666942946501)
                  00406e0a    0000001f     drivers.xwrL64xx.m4f.ti-arm-clang.release.lib : lin.obj (.rodata.str1.172192398857525480971)
                  00406e29    0000001f     nortos.xwrL64xx.m4f.ti-arm-clang.release.lib : SemaphoreP_nortos.obj (.rodata.str1.93106250239489445331)
                  00406e48    0000001d     drivers.xwrL64xx.m4f.ti-arm-clang.release.lib : lin.obj (.rodata.str1.4759614200759063341)
                  00406e65    0000001c     lin_loopback_interrupts.obj (.rodata.str1.11291718034637248941)
                  00406e81    0000001c     lin_loopback_interrupts.obj (.rodata.str1.21587782030069399901)
                  00406e9d    0000001c     lin_loopback_interrupts.obj (.rodata.str1.23251189742311363471)
                  00406eb9    0000001c     drivers.xwrL64xx.m4f.ti-arm-clang.release.lib : soc_rcm.obj (.rodata.str1.56477286324532805231)
                  00406ed5    0000001b     lin_loopback_interrupts.obj (.rodata.str1.10889282649113526511)
                  00406ef0    0000001b     drivers.xwrL64xx.m4f.ti-arm-clang.release.lib : lin.obj (.rodata.str1.151841199377529207831)
                  00406f0b    0000001b     nortos.xwrL64xx.m4f.ti-arm-clang.release.lib : ClockP_nortos.obj (.rodata.str1.25471646840808198631)
                  00406f26    0000001b                                                  : SysTickTimerP.obj (.rodata.str1.62417832979391646401)
                  00406f41    0000001a     drivers.xwrL64xx.m4f.ti-arm-clang.release.lib : edma.obj (.rodata.str1.100996213821086933721)
                  00406f5b    0000001a     lin_loopback_interrupts.obj (.rodata.str1.130148882269775861551)
                  00406f75    0000001a     drivers.xwrL64xx.m4f.ti-arm-clang.release.lib : soc_rcm.obj (.rodata.str1.13846211276285849311)
                  00406f8f    0000001a     lin_loopback_interrupts.obj (.rodata.str1.37148838111936020711)
                  00406fa9    0000001a     drivers.xwrL64xx.m4f.ti-arm-clang.release.lib : soc_rcm.obj (.rodata.str1.52576848066905547631)
                  00406fc3    0000001a                                                   : lin.obj (.rodata.str1.66706449916558796201)
                  00406fdd    0000001a                                                   : lin.obj (.rodata.str1.67724218642637591351)
                  00406ff7    0000001a                                                   : soc_rcm.obj (.rodata.str1.73573858413138203341)
                  00407011    0000001a     nortos.xwrL64xx.m4f.ti-arm-clang.release.lib : ClockP_nortos_m4.obj (.rodata.str1.90786756798019705061)
                  0040702b    00000019     lin_loopback_interrupts.obj (.rodata.str1.155289066827401656261)
                  00407044    00000019     drivers.xwrL64xx.m4f.ti-arm-clang.release.lib : soc_rcm.obj (.rodata.str1.164767278446434951321)
                  0040705d    00000019                                                   : uart_sci_edma.obj (.rodata.str1.1694563462317297321)
                  00407076    00000019     nortos.xwrL64xx.m4f.ti-arm-clang.release.lib : SysTickTimerP.obj (.rodata.str1.31813016594639626501)
                  0040708f    00000019     drivers.xwrL64xx.m4f.ti-arm-clang.release.lib : lin.obj (.rodata.str1.36365896237018702751)
                  004070a8    00000019                                                   : uart_sci.obj (.rodata.str1.55013173113347637961)
                  004070c1    00000019                                                   : uart_sci.obj (.rodata.str1.87895611013758742281)
                  004070da    00000018                                                   : lin.obj (.rodata.str1.4897438680411428751)
                  004070f2    00000018                                                   : uart_sci_edma.obj (.rodata.str1.96300436347963894471)
                  0040710a    00000018                                                   : lin.obj (.rodata.str1.97240553479274266881)
                  00407122    00000017                                                   : lin.obj (.rodata.str1.118164368549087236231)
                  00407139    00000017                                                   : edma.obj (.rodata.str1.124854076466481638881)
                  00407150    00000017     ti_drivers_config.obj (.rodata.str1.145117582214117866381)
                  00407167    00000017     drivers.xwrL64xx.m4f.ti-arm-clang.release.lib : uart_sci.obj (.rodata.str1.165585763696907955751)
                  0040717e    00000017                                                   : lin.obj (.rodata.str1.172402013546402483541)
                  00407195    00000017     nortos.xwrL64xx.m4f.ti-arm-clang.release.lib : SysTickTimerP.obj (.rodata.str1.26547744409832483041)
                  004071ac    00000017     drivers.xwrL64xx.m4f.ti-arm-clang.release.lib : lin.obj (.rodata.str1.32950582576035856521)
                  004071c3    00000017     ti_drivers_config.obj (.rodata.str1.39652734042712398221)
                  004071da    00000017     drivers.xwrL64xx.m4f.ti-arm-clang.release.lib : lin.obj (.rodata.str1.51832669207189691421)
                  004071f1    00000017                                                   : soc_rcm.obj (.rodata.str1.85053832093120688671)
                  00407208    00000017                                                   : lin.obj (.rodata.str1.86948055024446817381)
                  0040721f    00000016     ti_drivers_config.obj (.rodata.str1.106894934756656208221)
                  00407235    00000016     drivers.xwrL64xx.m4f.ti-arm-clang.release.lib : lin.obj (.rodata.str1.113679078120781003671)
                  0040724b    00000016     lin_loopback_interrupts.obj (.rodata.str1.115222597947665723041)
                  00407261    00000016     ti_drivers_config.obj (.rodata.str1.149413469028136483941)
                  00407277    00000016     drivers.xwrL64xx.m4f.ti-arm-clang.release.lib : edma.obj (.rodata.str1.168695502010531622391)
                  0040728d    00000016                                                   : lin.obj (.rodata.str1.23564918646656436181)
                  004072a3    00000016     lin_loopback_interrupts.obj (.rodata.str1.62916266176705098431)
                  004072b9    00000016     drivers.xwrL64xx.m4f.ti-arm-clang.release.lib : uart_sci.obj (.rodata.str1.85700947625728835951)
                  004072cf    00000015     lin_loopback_interrupts.obj (.rodata.str1.107353487902499233481)
                  004072e4    00000015     drivers.xwrL64xx.m4f.ti-arm-clang.release.lib : lin.obj (.rodata.str1.110218012156711357471)
                  004072f9    00000015     nortos.xwrL64xx.m4f.ti-arm-clang.release.lib : SemaphoreP_nortos.obj (.rodata.str1.67625122021398397081)
                  0040730e    00000015     lin_loopback_interrupts.obj (.rodata.str1.98897243894158432341)
                  00407323    00000014     drivers.xwrL64xx.m4f.ti-arm-clang.release.lib : uart_sci.obj (.rodata.str1.156252650444771372741)
                  00407337    00000014     nortos.xwrL64xx.m4f.ti-arm-clang.release.lib : SysTickTimerP.obj (.rodata.str1.51182185672064785091)
                  0040734b    00000014     drivers.xwrL64xx.m4f.ti-arm-clang.release.lib : lin.obj (.rodata.str1.7781568985427005141)
                  0040735f    00000014     ti_drivers_config.obj (.rodata.str1.82004360404836405301)
                  00407373    00000013     drivers.xwrL64xx.m4f.ti-arm-clang.release.lib : lin.obj (.rodata.str1.127051712869046675781)
                  00407386    00000013                                                   : lin.obj (.rodata.str1.1385051095588813271)
                  00407399    00000013     lin_loopback_interrupts.obj (.rodata.str1.143382772639875748371)
                  004073ac    00000013     drivers.xwrL64xx.m4f.ti-arm-clang.release.lib : edma.obj (.rodata.str1.161616063420144653881)
                  004073bf    00000013                                                   : uart_sci.obj (.rodata.str1.165533286247086816691)
                  004073d2    00000013                                                   : uart_sci.obj (.rodata.str1.69545364057784193721)
                  004073e5    00000012                                                   : edma.obj (.rodata.str1.108028640702030349071)
                  004073f7    00000012                                                   : uart_sci_edma.obj (.rodata.str1.160953260642837941861)
                  00407409    00000012                                                   : lin.obj (.rodata.str1.164010650325496876711)
                  0040741b    00000012                                                   : edma.obj (.rodata.str1.168183851025455507691)
                  0040742d    00000012                                                   : uart_sci_edma.obj (.rodata.str1.26883157310831064051)
                  0040743f    00000012                                                   : lin.obj (.rodata.str1.50096272083451746431)
                  00407451    00000011                                                   : edma.obj (.rodata.str1.106738448986847799941)
                  00407462    00000011     lin_loopback_interrupts.obj (.rodata.str1.183485571522816160521)
                  00407473    00000011     drivers.xwrL64xx.m4f.ti-arm-clang.release.lib : uart_sci.obj (.rodata.str1.45363221463256978381)
                  00407484    00000011     ti_drivers_open_close.obj (.rodata.str1.47319419042038394831)
                  00407495    00000011     ti_drivers_open_close.obj (.rodata.str1.49542467075964467631)
                  004074a6    00000011     nortos.xwrL64xx.m4f.ti-arm-clang.release.lib : ClockP_nortos.obj (.rodata.str1.56392992661620616651)
                  004074b7    00000011     drivers.xwrL64xx.m4f.ti-arm-clang.release.lib : lin.obj (.rodata.str1.82926318368515988091)
                  004074c8    00000011                                                   : lin.obj (.rodata.str1.91698807336895082521)
                  004074d9    00000001     --HOLE-- [fill = 0]
                  004074da    00000010                                                   : soc_rcm.obj (.rodata.cst8)
                  004074ea    00000010                                                   : soc_rcm.obj (.rodata.str1.1771380296078173761)
                  004074fa    00000010                                                   : lin.obj (.rodata.str1.42601394944871018401)
                  0040750a    0000000f                                                   : uart_sci_edma.obj (.rodata.str1.111748486407635674111)
                  00407519    0000000f                                                   : edma.obj (.rodata.str1.146140478628064919631)
                  00407528    0000000f                                                   : edma.obj (.rodata.str1.161917553004410528641)
                  00407537    0000000f                                                   : lin.obj (.rodata.str1.162517874652936694621)
                  00407546    0000000f                                                   : uart_sci.obj (.rodata.str1.58838004102269809421)
                  00407555    0000000f                                                   : edma.obj (.rodata.str1.7213619448781788421)
                  00407564    0000000f                                                   : lin.obj (.rodata.str1.72193402888516950301)
                  00407573    0000000f                                                   : lin.obj (.rodata.str1.94564453278684324431)
                  00407582    0000000e                                                   : uart_sci.obj (.rodata.str1.103833506493370671461)
                  00407590    0000000e                                                   : lin.obj (.rodata.str1.132205987768740147991)
                  0040759e    0000000e     lin_loopback_interrupts.obj (.rodata.str1.157027059385924709041)
                  004075ac    0000000e     drivers.xwrL64xx.m4f.ti-arm-clang.release.lib : lin.obj (.rodata.str1.2217921652038142891)
                  004075ba    0000000e                                                   : edma.obj (.rodata.str1.71946734960229262581)
                  004075c8    0000000d                                                   : lin.obj (.rodata.str1.120282555548138701551)
                  004075d5    0000000d                                                   : lin.obj (.rodata.str1.140871488100715145901)
                  004075e2    0000000d                                                   : edma.obj (.rodata.str1.20711589974906254701)
                  004075ef    00000001     --HOLE-- [fill = 0]
                  004075f0    0000000c                                                   : soc_rcm.obj (.rodata.gSocRcmSpiClkSrcValMap)
                  004075fc    0000000c     nortos.xwrL64xx.m4f.ti-arm-clang.release.lib : ClockP_nortos_m4.obj (.rodata.str1.102805212716916126391)
                  00407608    0000000c     drivers.xwrL64xx.m4f.ti-arm-clang.release.lib : edma.obj (.rodata.str1.23715209751856245321)
                  00407614    0000000c                                                   : lin.obj (.rodata.str1.56188069135340155681)
                  00407620    0000000b                                                   : uart_sci.obj (.rodata.str1.174583129905367634191)
                  0040762b    0000000b                                                   : edma.obj (.rodata.str1.76990244014968518721)
                  00407636    0000000a                                                   : soc_rcm.obj (.rodata.gSocRcmWdtClkSrcValMap)
                  00407640    0000000a                                                   : uart_sci.obj (.rodata.str1.124552654841916713531)
                  0040764a    0000000a                                                   : edma.obj (.rodata.str1.138945604539585827651)
                  00407654    0000000a                                                   : edma.obj (.rodata.str1.155011958078798190681)
                  0040765e    0000000a                                                   : uart_sci.obj (.rodata.str1.170731718426455550511)
                  00407668    0000000a     lin_loopback_interrupts.obj (.rodata.str1.62391626003024533131)
                  00407672    00000006     drivers.xwrL64xx.m4f.ti-arm-clang.release.lib : edma.obj (.rodata.str1.88401663264709294401)
                  00407678    00000005     nortos.xwrL64xx.m4f.ti-arm-clang.release.lib : printf.obj (.rodata.str1.180255128143303278211)
                  0040767d    00000005                                                  : printf.obj (.rodata.str1.62992066646743021711)
                  00407682    00000004     lin_loopback_interrupts.obj (.rodata.str1.134894978287671863741)
                  00407686    00000004     nortos.xwrL64xx.m4f.ti-arm-clang.release.lib : printf.obj (.rodata.str1.83442741595977738081)
                  0040768a    00000004                                                  : printf.obj (.rodata.str1.92767893489218153371)
                  0040768e    00000003     lin_loopback_interrupts.obj (.rodata.str1.174389465882597945681)

.data      0    00407698    000003c9     
                  00407698    000000f0     libc.a : defs.c.obj (.data._ftable)
                  00407788    00000078     libsysbm.a : host_device.c.obj (.data._device)
                  00407800    00000064     drivers.xwrL64xx.m4f.ti-arm-clang.release.lib : uart_sci.obj (.data.gUartDrvObj)
                  00407864    00000050     libsysbm.a : host_device.c.obj (.data._stream)
                  004078b4    00000050     ti_drivers_config.obj (.data.gEdmaAttrs)
                  00407904    00000038     ti_drivers_open_close.obj (.data.gUartParams)
                  0040793c    00000030     ti_dpl_config.obj (.data.gMpuRegionConfig)
                  0040796c    00000028     ti_pinmux_config.obj (.data.gPinMuxMainDomainCfg)
                  00407994    00000024     ti_power_clock_config.obj (.data.gSocModulesClockFrequency)
                  004079b8    00000014     ti_dpl_config.obj (.data.gClockConfig)
                  004079cc    00000010     ti_power_clock_config.obj (.data.gSocModules)
                  004079dc    00000010     lin_loopback_interrupts.obj (.data.rxData)
                  004079ec    00000010     lin_loopback_interrupts.obj (.data.txData)
                  004079fc    0000000c     nortos.xwrL64xx.m4f.ti-arm-clang.release.lib : AddrTranslateP.obj (.data.gAddrTranslateConfig)
                  00407a08    0000000c     ti_dpl_config.obj (.data.gMpuConfig)
                  00407a14    00000008     libc.a : exit.c.obj (.data..L_MergedGlobals)
                  00407a1c    00000008     ti_drivers_config.obj (.data.gEdmaConfig)
                  00407a24    00000008     ti_drivers_config.obj (.data.gUartAttrs)
                  00407a2c    00000008     ti_drivers_config.obj (.data.gUartConfig)
                  00407a34    00000004     libc.a : defs.c.obj (.data.__TI_ft_end)
                  00407a38    00000004            : _lock.c.obj (.data._lock)
                  00407a3c    00000004            : _lock.c.obj (.data._unlock)
                  00407a40    00000004     nortos.xwrL64xx.m4f.ti-arm-clang.release.lib : DebugP_log.obj (.data.gDebugLogZone)
                  00407a44    00000004     ti_drivers_config.obj (.data.gEdmaConfigNum)
                  00407a48    00000004     ti_drivers_open_close.obj (.data.gEdmaParams)
                  00407a4c    00000004     ti_drivers_config.obj (.data.gUartConfigNum)
                  00407a50    00000004     lin_loopback_interrupts.obj (.data.level0Count)
                  00407a54    00000004     lin_loopback_interrupts.obj (.data.level1Count)
                  00407a58    00000004     lin_loopback_interrupts.obj (.data.vectorOffset)
                  00407a5c    00000001     lin_loopback_interrupts.obj (.data.IDMatchInterrupt)
                  00407a5d    00000001     lin_loopback_interrupts.obj (.data.rxReadyInterrupt)
                  00407a5e    00000001     lin_loopback_interrupts.obj (.data.txReadyInterrupt)
                  00407a5f    00000001     --HOLE-- [fill = 0]
                  00407a60    00000001     libc.a : memory.c.obj (.data.memory_is_initialized)

MODULE SUMMARY

       Module                            code    ro data   rw data
       ------                            ----    -------   -------
    obj/release/
       lin_loopback_interrupts.obj       1164    609       113    
       ti_drivers_config.obj             288     223       740    
       ti_drivers_open_close.obj         210     140       68     
       ti_power_clock_config.obj         170     0         52     
       ti_dpl_config.obj                 42      0         80     
       ti_pinmux_config.obj              14      0         40     
       main.obj                          28      0         0      
       ti_board_open_close.obj           6       0         0      
       ti_board_config.obj               4       0         0      
    +--+---------------------------------+-------+---------+---------+
       Total:                            1926    972       1093   
                                                                  
    /home/epswbld7/ti/ccs1271/ccs/tools/compiler/ti-cgt-armllvm_3.2.2.LTS/lib/armv7em-ti-none-eabihf/c/libc.a
       strcmp_t2.S.obj                   732     0         0      
       memory.c.obj                      712     0         5      
       defs.c.obj                        0       0         404    
       setvbuf.c.obj                     216     0         0      
       s_floorf.c.obj                    156     0         0      
       fputc.c.obj                       148     0         0      
       getdevice.c.obj                   148     0         0      
       s_roundf.c.obj                    126     0         0      
       fclose.c.obj                      116     0         0      
       fseek.c.obj                       108     0         0      
       _io_perm.c.obj                    96      0         0      
       fflush.c.obj                      80      0         0      
       exit.c.obj                        52      0         8      
       autoinit.c.obj                    56      0         0      
       fopen.c.obj                       52      0         0      
       memset_t2.S.obj                   14      0         0      
       _lock.c.obj                       2       0         8      
    +--+---------------------------------+-------+---------+---------+
       Total:                            2814    0         425    
                                                                  
    /home/epswbld7/ti/ccs1271/ccs/tools/compiler/ti-cgt-armllvm_3.2.2.LTS/lib/armv7em-ti-none-eabihf/c/libsysbm.a
       trgmsg.c.obj                      100     0         288    
       host_device.c.obj                 0       0         200    
       hostrename.c.obj                  128     0         0      
       close.c.obj                       96      0         0      
       hostopen.c.obj                    88      0         8      
       hostlseek.c.obj                   88      0         0      
       hostread.c.obj                    84      0         0      
       hostwrite.c.obj                   84      0         0      
       hostunlink.c.obj                  68      0         0      
       hostclose.c.obj                   60      0         0      
       lseek.c.obj                       44      0         0      
       unlink.c.obj                      44      0         0      
       write.c.obj                       44      0         0      
       remove.c.obj                      4       0         0      
    +--+---------------------------------+-------+---------+---------+
       Total:                            932     0         496    
                                                                  
    /home/epswbld7/ti/ccs1271/ccs/tools/compiler/ti-cgt-armllvm_3.2.2.LTS/lib/clang/15.0.7/lib/armv7em-ti-none-eabihf/libclang_rt.builtins.a
       adddf3.S.obj                      438     0         0      
       divdf3.S.obj                      310     0         0      
       comparedf2.c.obj                  268     0         0      
       muldf3.S.obj                      252     0         0      
       udivmoddi4.S.obj                  176     0         0      
       aeabi_dcmp.S.obj                  98      0         0      
       fixdfsi.S.obj                     72      0         0      
       fixunsdfsi.S.obj                  68      0         0      
       extendsfdf2.S.obj                 56      0         0      
       floatsidf.S.obj                   46      0         0      
       floatunsidf.S.obj                 32      0         0      
       aeabi_uldivmod.S.obj              20      0         0      
       aeabi_memset.S.obj                18      0         0      
       aeabi_div0.c.obj                  2       0         0      
    +--+---------------------------------+-------+---------+---------+
       Total:                            1856    0         0      
                                                                  
    /nightlybuilds/mmwave_sdk_internal/mcupsdk_internal/jenkins/MMWAVE_L_SDK_05_05_04_02/source/drivers/lib/drivers.xwrL64xx.m4f.ti-arm-clang.release.lib
       edma.obj                          3324    300       0      
       uart_sci.obj                      1906    254       100    
       lin.obj                           1272    948       0      
       soc_rcm.obj                       1628    240       0      
       uart_sci_edma.obj                 662     100       0      
       soc.obj                           88      0         0      
       pinmux.obj                        54      0         0      
    +--+---------------------------------+-------+---------+---------+
       Total:                            8934    1842      100    
                                                                  
    /nightlybuilds/mmwave_sdk_internal/mcupsdk_internal/jenkins/MMWAVE_L_SDK_05_05_04_02/source/kernel/nortos/lib/nortos.xwrL64xx.m4f.ti-arm-clang.release.lib
       printf.obj                        4520    98        0      
       HwiP_armv7m.obj                   966     0         640    
       ClockP_nortos.obj                 546     90        56     
       HwiP_armv7m_handlers_nortos.obj   218     0         320    
       MpuP_armv7m.obj                   458     0         0      
       ClockP_nortos_m4.obj              276     176       0      
       SemaphoreP_nortos.obj             326     107       0      
       SysTickTimerP.obj                 278     135       0      
       DebugP_log.obj                    156     42        4      
       AddrTranslateP.obj                106     0         12     
       boot_armv7m.obj                   98      0         0      
       DebugP_nortos.obj                 56      0         0      
       TaskP_nortos.obj                  2       0         0      
    +--+---------------------------------+-------+---------+---------+
       Total:                            8006    648       1032   
                                                                  
       Heap:                             0       0         8192   
       Stack:                            0       0         8192   
    +--+---------------------------------+-------+---------+---------+
       Grand Total:                      24468   3462      19530  


GLOBAL SYMBOLS: SORTED ALPHABETICALLY BY Name 

address   name                          
-------   ----                          
00405651  AddrTranslateP_getLocalAddr   
00401bef  Board_deinit                  
004030e7  Board_driversClose            
004068f3  Board_driversOpen             
0040329f  Board_init                    
00406916  C$$EXIT                       
004062f7  C$$IO$$                       
00406885  ClockP_Params_init            
00405d83  ClockP_construct              
00406737  ClockP_deinit                 
004060a1  ClockP_destruct               
00406861  ClockP_getTicks               
00405a9d  ClockP_getTimeUsec            
004068f7  ClockP_getTimerCount          
00404563  ClockP_init                   
0040688f  ClockP_isActive               
00406263  ClockP_start                  
00405f2d  ClockP_stop                   
00403b6b  ClockP_timerClearOverflowInt  
0040578d  ClockP_timerTickIsr           
0040662f  DebugP_logZoneEnable          
004068fb  Dpl_deinit                    
00406671  Dpl_init                      
004064b7  Drivers_close                 
00405ceb  Drivers_edmaOpen              
004067f1  Drivers_open                  
004060db  Drivers_uartInit              
00405d37  Drivers_uartOpen              
00405493  EDMAConfigureChannelRegion    
00406429  EDMAEnableChInShadowRegRegion 
00405f6d  EDMAMapChToEvtQ               
00405fad  EDMASetPaRAM                  
004068ad  EDMA_allocDmaChannel          
004068b5  EDMA_allocParam               
004068bd  EDMA_allocTcc                 
00405421  EDMA_close                    
004032a1  EDMA_deinit                   
004068c5  EDMA_freeDmaChannel           
004068cd  EDMA_freeParam                
004068d5  EDMA_freeTcc                  
00405e5d  EDMA_getBaseAddr              
00406301  EDMA_getHandle                
00406791  EDMA_getRegionId              
00402925  EDMA_init                     
004068ed  EDMA_isInterruptEnabled       
00403f1b  EDMA_open                     
00404aa9  EDMA_registerIntr             
00406029  HOSTclose                     
00405af5  HOSTlseek                     
00405b4d  HOSTopen                      
00405ba5  HOSTread                      
004057f1  HOSTrename                    
00405ea5  HOSTunlink                    
00405bf9  HOSTwrite                     
00401d73  HwiP_Params_init              
004047c3  HwiP_busFault_handler         
00401d03  HwiP_clearInt                 
00401d85  HwiP_construct                
00404803  HwiP_debugMon_handler         
00401e2d  HwiP_destruct                 
00401ebb  HwiP_disable                  
00401c49  HwiP_disableInt               
00401ec7  HwiP_enable                   
00401bf1  HwiP_enableInt                
004047a3  HwiP_hardFault_handler        
0040674f  HwiP_inISR                    
00401ed3  HwiP_init                     
00404749  HwiP_interrupt_handler        
004047b3  HwiP_memFault_handler         
0040477d  HwiP_nmi_handler              
00404813  HwiP_pendSV_handler           
00401ea7  HwiP_post                     
004047e3  HwiP_reserved_handler         
00401c3f  HwiP_restore                  
00401ca5  HwiP_restoreInt               
00401d25  HwiP_setPri                   
004047f3  HwiP_svc_handler              
004047d3  HwiP_usageFault_handler       
00407a5c  IDMatchInterrupt              
0040591d  LIN_getData                   
004017b9  LIN_initModule                
00405855  LIN_sendData                  
00406459  Module_clockDisable           
00406335  Module_clockEnable            
00406115  Module_clockSetFrequency      
00402f1d  MpuP_RegionAttrs_init         
00403037  MpuP_disable                  
00402ffd  MpuP_enable                   
0040306d  MpuP_init                     
0040305d  MpuP_isEnable                 
00402f35  MpuP_setRegion                
0040622d  Pinmux_config                 
004067ff  Pinmux_init                   
004068ff  PowerClock_deinit             
0040680d  PowerClock_init               
00402c2f  SOC_clocksEnable              
004067a5  SOC_controlModuleLockMMR      
0040660d  SOC_controlModuleUnlockMMR    
00406765  SOC_getEfusePgVersion         
0040686d  SOC_moduleClockEnable         
00406903  SOC_moduleSetClockFrequency   
0040614d  SOC_rcmEnableADPLLClock       
00403751  SOC_rcmEnablePeripheralClock  
00402615  SOC_rcmGetPeripheralClock     
004064e5  SOC_rcmSetM4ClockSrc          
004038c1  SOC_rcmSetPeripheralClock     
00405feb  SemaphoreP_constructBinary    
00406065  SemaphoreP_constructMutex     
00403de7  SemaphoreP_destruct           
00404f69  SemaphoreP_pend               
00406367  SemaphoreP_post               
004066e9  SysTickTimerP_Params_init     
0040681b  SysTickTimerP_getCount        
00406829  SysTickTimerP_getReloadCount  
00404b73  SysTickTimerP_setup           
004067cd  SysTickTimerP_start           
004067df  SysTickTimerP_stop            
0040677b  System_deinit                 
004049d5  System_init                   
00406853  TI_memset_small               
00404047  TaskP_yield                   
00403a23  UART_close                    
00406703  UART_deinit                   
00403447  UART_edmaChannelConfig        
00404e29  UART_flushTxFifo              
00405001  UART_init                     
00401fa1  UART_open                     
0040069c  _CIOBUF_                      
00405a3d  _DebugP_assert                
00406691  _DebugP_assertNoLog           
00406185  _DebugP_logZone               
00400948  __BSS_END                     
00400200  __BSS_START                   
0040069c  __CIOBUF_                     
0045a000  __STACK_END                   
00002000  __STACK_SIZE                  
00002000  __SYSMEM_SIZE                 
00000000  __TI_ATRegion0_region_sz      
00000000  __TI_ATRegion0_src_addr       
00000000  __TI_ATRegion0_trg_addr       
00000000  __TI_ATRegion1_region_sz      
00000000  __TI_ATRegion1_src_addr       
00000000  __TI_ATRegion1_trg_addr       
00000000  __TI_ATRegion2_region_sz      
00000000  __TI_ATRegion2_src_addr       
00000000  __TI_ATRegion2_trg_addr       
UNDEFED   __TI_CINIT_Base               
UNDEFED   __TI_CINIT_Limit              
UNDEFED   __TI_Handler_Table_Base       
UNDEFED   __TI_Handler_Table_Limit      
004061f5  __TI_auto_init_nobinit_nopinit
00406299  __TI_cleanup                  
00407a14  __TI_cleanup_ptr              
004053ad  __TI_closefile                
00405c4d  __TI_doflush                  
00407a18  __TI_dtors_ptr                
00407a34  __TI_ft_end                   
ffffffff  __TI_pprof_out_hndl           
ffffffff  __TI_prof_data_size           
ffffffff  __TI_prof_data_start          
00406399  __TI_readmsg                  
00400000  __TI_static_base__            
004007bc  __TI_tmpnams                  
004062cd  __TI_writemsg                 
0040597d  __TI_wrt_ok                   
004030f3  __adddf3                      
00405dcd  __aeabi_d2iz                  
00405ee9  __aeabi_d2uiz                 
004030f3  __aeabi_dadd                  
004058b9  __aeabi_dcmpeq                
004058f5  __aeabi_dcmpge                
00405909  __aeabi_dcmpgt                
004058e1  __aeabi_dcmple                
004058cd  __aeabi_dcmplt                
004063c9  __aeabi_dcmpun                
00403cb1  __aeabi_ddiv                  
0040436d  __aeabi_dmul                  
004030e9  __aeabi_dsub                  
004061bd  __aeabi_f2d                   
00406489  __aeabi_i2d                   
00404823  __aeabi_ldiv0                 
004068dd  __aeabi_memclr                
004068dd  __aeabi_memclr4               
004068dd  __aeabi_memclr8               
00406899  __aeabi_memset                
00406899  __aeabi_memset4               
00406899  __aeabi_memset8               
00406651  __aeabi_ui2d                  
004067b9  __aeabi_uldivmod              
ffffffff  __binit__                     
00405575  __cmpdf2                      
00403cb1  __divdf3                      
00405575  __eqdf2                       
004061bd  __extendsfdf2                 
00405dcd  __fixdfsi                     
00405ee9  __fixunsdfsi                  
00406489  __floatsidf                   
00406651  __floatunsidf                 
00405505  __gedf2                       
00405505  __gtdf2                       
00405575  __ledf2                       
00405575  __ltdf2                       
00406907  __mpu_init                    
0040436d  __muldf3                      
00405575  __nedf2                       
00458000  __stack                       
00400200  __start___llvm_prf_bits       
00400200  __start___llvm_prf_cnts       
00400200  __stop___llvm_prf_bits        
00400200  __stop___llvm_prf_cnts        
004030e9  __subdf3                      
00404c31  __udivmoddi4                  
004063c9  __unorddf2                    
00405e15  _c_int00                      
00407788  _device                       
00407698  _ftable                       
00407a38  _lock                         
00404aa7  _nop                          
00407864  _stream                       
0045a000  _sys_memory                   
UNDEFED   _system_post_cinit            
00407a3c  _unlock                       
00406917  abort                         
00404049  aligned_alloc                 
ffffffff  binit                         
004059dd  close                         
004063f9  exit                          
00406511  finddevice                    
00404ecd  floorf                        
00405129  fputc                         
00404659  free                          
0040690b  fseek                         
004056bd  fseeko                        
004079fc  gAddrTranslateConfig          
004079b8  gClockConfig                  
004008b8  gClockCtrl                    
00407a40  gDebugLogZone                 
00407a1c  gEdmaConfig                   
00407a44  gEdmaConfigNum                
00400938  gEdmaHandle                   
00407a48  gEdmaParams                   
00400200  gHwiCtrl                      
00400000  gHwiP_vectorTable             
00407a08  gMpuConfig                    
0040793c  gMpuRegionConfig              
004079cc  gSocModules                   
00407994  gSocModulesClockFrequency     
00407a2c  gUartConfig                   
00407a4c  gUartConfigNum                
0040093c  gUartHandle                   
00407904  gUartParams                   
00405725  getdevice                     
00407a50  level0Count                   
00407a54  level1Count                   
00402301  lin_loopback_interrupt_main   
0040653d  lseek                         
004066cd  main                          
004068e5  malloc                        
00404049  memalign                      
00400930  parmbuf                       
00406879  putchar                       
0040690f  putchar_                      
00406913  remove                        
00400940  result                        
004052b7  roundf                        
004079dc  rxData                        
00407a5d  rxReadyInterrupt              
004048fd  setvbuf                       
0040671d  stack_init                    
00402c49  strcmp                        
004079ec  txData                        
00407a5e  txReadyInterrupt              
00406569  unlink                        
00407a58  vectorOffset                  
004065e9  vprintf_                      
00406595  write                         


GLOBAL SYMBOLS: SORTED BY Symbol Address 

address   name                          
-------   ----                          
00000000  __TI_ATRegion0_region_sz      
00000000  __TI_ATRegion0_src_addr       
00000000  __TI_ATRegion0_trg_addr       
00000000  __TI_ATRegion1_region_sz      
00000000  __TI_ATRegion1_src_addr       
00000000  __TI_ATRegion1_trg_addr       
00000000  __TI_ATRegion2_region_sz      
00000000  __TI_ATRegion2_src_addr       
00000000  __TI_ATRegion2_trg_addr       
00002000  __STACK_SIZE                  
00002000  __SYSMEM_SIZE                 
00400000  __TI_static_base__            
00400000  gHwiP_vectorTable             
00400200  __BSS_START                   
00400200  __start___llvm_prf_bits       
00400200  __start___llvm_prf_cnts       
00400200  __stop___llvm_prf_bits        
00400200  __stop___llvm_prf_cnts        
00400200  gHwiCtrl                      
0040069c  _CIOBUF_                      
0040069c  __CIOBUF_                     
004007bc  __TI_tmpnams                  
004008b8  gClockCtrl                    
00400930  parmbuf                       
00400938  gEdmaHandle                   
0040093c  gUartHandle                   
00400940  result                        
00400948  __BSS_END                     
004017b9  LIN_initModule                
00401bef  Board_deinit                  
00401bf1  HwiP_enableInt                
00401c3f  HwiP_restore                  
00401c49  HwiP_disableInt               
00401ca5  HwiP_restoreInt               
00401d03  HwiP_clearInt                 
00401d25  HwiP_setPri                   
00401d73  HwiP_Params_init              
00401d85  HwiP_construct                
00401e2d  HwiP_destruct                 
00401ea7  HwiP_post                     
00401ebb  HwiP_disable                  
00401ec7  HwiP_enable                   
00401ed3  HwiP_init                     
00401fa1  UART_open                     
00402301  lin_loopback_interrupt_main   
00402615  SOC_rcmGetPeripheralClock     
00402925  EDMA_init                     
00402c2f  SOC_clocksEnable              
00402c49  strcmp                        
00402f1d  MpuP_RegionAttrs_init         
00402f35  MpuP_setRegion                
00402ffd  MpuP_enable                   
00403037  MpuP_disable                  
0040305d  MpuP_isEnable                 
0040306d  MpuP_init                     
004030e7  Board_driversClose            
004030e9  __aeabi_dsub                  
004030e9  __subdf3                      
004030f3  __adddf3                      
004030f3  __aeabi_dadd                  
0040329f  Board_init                    
004032a1  EDMA_deinit                   
00403447  UART_edmaChannelConfig        
00403751  SOC_rcmEnablePeripheralClock  
004038c1  SOC_rcmSetPeripheralClock     
00403a23  UART_close                    
00403b6b  ClockP_timerClearOverflowInt  
00403cb1  __aeabi_ddiv                  
00403cb1  __divdf3                      
00403de7  SemaphoreP_destruct           
00403f1b  EDMA_open                     
00404047  TaskP_yield                   
00404049  aligned_alloc                 
00404049  memalign                      
0040436d  __aeabi_dmul                  
0040436d  __muldf3                      
00404563  ClockP_init                   
00404659  free                          
00404749  HwiP_interrupt_handler        
0040477d  HwiP_nmi_handler              
004047a3  HwiP_hardFault_handler        
004047b3  HwiP_memFault_handler         
004047c3  HwiP_busFault_handler         
004047d3  HwiP_usageFault_handler       
004047e3  HwiP_reserved_handler         
004047f3  HwiP_svc_handler              
00404803  HwiP_debugMon_handler         
00404813  HwiP_pendSV_handler           
00404823  __aeabi_ldiv0                 
004048fd  setvbuf                       
004049d5  System_init                   
00404aa7  _nop                          
00404aa9  EDMA_registerIntr             
00404b73  SysTickTimerP_setup           
00404c31  __udivmoddi4                  
00404e29  UART_flushTxFifo              
00404ecd  floorf                        
00404f69  SemaphoreP_pend               
00405001  UART_init                     
00405129  fputc                         
004052b7  roundf                        
004053ad  __TI_closefile                
00405421  EDMA_close                    
00405493  EDMAConfigureChannelRegion    
00405505  __gedf2                       
00405505  __gtdf2                       
00405575  __cmpdf2                      
00405575  __eqdf2                       
00405575  __ledf2                       
00405575  __ltdf2                       
00405575  __nedf2                       
00405651  AddrTranslateP_getLocalAddr   
004056bd  fseeko                        
00405725  getdevice                     
0040578d  ClockP_timerTickIsr           
004057f1  HOSTrename                    
00405855  LIN_sendData                  
004058b9  __aeabi_dcmpeq                
004058cd  __aeabi_dcmplt                
004058e1  __aeabi_dcmple                
004058f5  __aeabi_dcmpge                
00405909  __aeabi_dcmpgt                
0040591d  LIN_getData                   
0040597d  __TI_wrt_ok                   
004059dd  close                         
00405a3d  _DebugP_assert                
00405a9d  ClockP_getTimeUsec            
00405af5  HOSTlseek                     
00405b4d  HOSTopen                      
00405ba5  HOSTread                      
00405bf9  HOSTwrite                     
00405c4d  __TI_doflush                  
00405ceb  Drivers_edmaOpen              
00405d37  Drivers_uartOpen              
00405d83  ClockP_construct              
00405dcd  __aeabi_d2iz                  
00405dcd  __fixdfsi                     
00405e15  _c_int00                      
00405e5d  EDMA_getBaseAddr              
00405ea5  HOSTunlink                    
00405ee9  __aeabi_d2uiz                 
00405ee9  __fixunsdfsi                  
00405f2d  ClockP_stop                   
00405f6d  EDMAMapChToEvtQ               
00405fad  EDMASetPaRAM                  
00405feb  SemaphoreP_constructBinary    
00406029  HOSTclose                     
00406065  SemaphoreP_constructMutex     
004060a1  ClockP_destruct               
004060db  Drivers_uartInit              
00406115  Module_clockSetFrequency      
0040614d  SOC_rcmEnableADPLLClock       
00406185  _DebugP_logZone               
004061bd  __aeabi_f2d                   
004061bd  __extendsfdf2                 
004061f5  __TI_auto_init_nobinit_nopinit
0040622d  Pinmux_config                 
00406263  ClockP_start                  
00406299  __TI_cleanup                  
004062cd  __TI_writemsg                 
004062f7  C$$IO$$                       
00406301  EDMA_getHandle                
00406335  Module_clockEnable            
00406367  SemaphoreP_post               
00406399  __TI_readmsg                  
004063c9  __aeabi_dcmpun                
004063c9  __unorddf2                    
004063f9  exit                          
00406429  EDMAEnableChInShadowRegRegion 
00406459  Module_clockDisable           
00406489  __aeabi_i2d                   
00406489  __floatsidf                   
004064b7  Drivers_close                 
004064e5  SOC_rcmSetM4ClockSrc          
00406511  finddevice                    
0040653d  lseek                         
00406569  unlink                        
00406595  write                         
004065e9  vprintf_                      
0040660d  SOC_controlModuleUnlockMMR    
0040662f  DebugP_logZoneEnable          
00406651  __aeabi_ui2d                  
00406651  __floatunsidf                 
00406671  Dpl_init                      
00406691  _DebugP_assertNoLog           
004066cd  main                          
004066e9  SysTickTimerP_Params_init     
00406703  UART_deinit                   
0040671d  stack_init                    
00406737  ClockP_deinit                 
0040674f  HwiP_inISR                    
00406765  SOC_getEfusePgVersion         
0040677b  System_deinit                 
00406791  EDMA_getRegionId              
004067a5  SOC_controlModuleLockMMR      
004067b9  __aeabi_uldivmod              
004067cd  SysTickTimerP_start           
004067df  SysTickTimerP_stop            
004067f1  Drivers_open                  
004067ff  Pinmux_init                   
0040680d  PowerClock_init               
0040681b  SysTickTimerP_getCount        
00406829  SysTickTimerP_getReloadCount  
00406853  TI_memset_small               
00406861  ClockP_getTicks               
0040686d  SOC_moduleClockEnable         
00406879  putchar                       
00406885  ClockP_Params_init            
0040688f  ClockP_isActive               
00406899  __aeabi_memset                
00406899  __aeabi_memset4               
00406899  __aeabi_memset8               
004068ad  EDMA_allocDmaChannel          
004068b5  EDMA_allocParam               
004068bd  EDMA_allocTcc                 
004068c5  EDMA_freeDmaChannel           
004068cd  EDMA_freeParam                
004068d5  EDMA_freeTcc                  
004068dd  __aeabi_memclr                
004068dd  __aeabi_memclr4               
004068dd  __aeabi_memclr8               
004068e5  malloc                        
004068ed  EDMA_isInterruptEnabled       
004068f3  Board_driversOpen             
004068f7  ClockP_getTimerCount          
004068fb  Dpl_deinit                    
004068ff  PowerClock_deinit             
00406903  SOC_moduleSetClockFrequency   
00406907  __mpu_init                    
0040690b  fseek                         
0040690f  putchar_                      
00406913  remove                        
00406916  C$$EXIT                       
00406917  abort                         
00407698  _ftable                       
00407788  _device                       
00407864  _stream                       
00407904  gUartParams                   
0040793c  gMpuRegionConfig              
00407994  gSocModulesClockFrequency     
004079b8  gClockConfig                  
004079cc  gSocModules                   
004079dc  rxData                        
004079ec  txData                        
004079fc  gAddrTranslateConfig          
00407a08  gMpuConfig                    
00407a14  __TI_cleanup_ptr              
00407a18  __TI_dtors_ptr                
00407a1c  gEdmaConfig                   
00407a2c  gUartConfig                   
00407a34  __TI_ft_end                   
00407a38  _lock                         
00407a3c  _unlock                       
00407a40  gDebugLogZone                 
00407a44  gEdmaConfigNum                
00407a48  gEdmaParams                   
00407a4c  gUartConfigNum                
00407a50  level0Count                   
00407a54  level1Count                   
00407a58  vectorOffset                  
00407a5c  IDMatchInterrupt              
00407a5d  rxReadyInterrupt              
00407a5e  txReadyInterrupt              
00458000  __stack                       
0045a000  __STACK_END                   
0045a000  _sys_memory                   
ffffffff  __TI_pprof_out_hndl           
ffffffff  __TI_prof_data_size           
ffffffff  __TI_prof_data_start          
ffffffff  __binit__                     
ffffffff  binit                         
UNDEFED   __TI_CINIT_Base               
UNDEFED   __TI_CINIT_Limit              
UNDEFED   __TI_Handler_Table_Base       
UNDEFED   __TI_Handler_Table_Limit      
UNDEFED   _system_post_cinit            

[276 symbols]
