******************************************************************************
            TI ARM Clang Linker Unix v3.2.2                    
******************************************************************************
>> Linked Fri Aug 29 15:06:57 2025

OUTPUT FILE NAME:   <lin_external_responder_interrupts.release.out>
ENTRY POINT SYMBOL: "_c_int00"  address: 004067ad


MEMORY CONFIGURATION

         name            origin    length      used     unused   attr    fill
----------------------  --------  ---------  --------  --------  ----  --------
  M4F_VECS              00400000   00000200  00000140  000000c0  RWIX
  M4F_RAM12             00400200   00057e00  000087a9  0004f657  RWIX
  M4F_RBL               00458000   00008000  00004000  00004000  RWIX
  M4F_RAM3              00460000   00020000  00000000  00020000  RWIX
  HWASS_SHM_MEM         60000000   00080000  00000000  00080000  RWIX


SEGMENT ALLOCATION MAP

run origin  load origin   length   init length attrs members
----------  ----------- ---------- ----------- ----- -------
00400000    00400000    00000140   00000140    rw-
  00400000    00400000    00000140   00000140    rw- .vectors
00400200    00400200    00000748   00000000    rw-
  00400200    00400200    00000748   00000000    rw- .bss
00400948    00400948    00000018   00000018    r--
  00400948    00400948    00000018   00000018    r-- .rodata.1
00400960    00400960    00007bda   00007bda    r-x
  00400960    00400960    00006a20   00006a20    r-x .text
  00407380    00407380    000011ba   000011ba    r-- .rodata.2
00408540    00408540    0000046f   0000046f    rw-
  00408540    00408540    0000046f   0000046f    rw- .data
00458000    00458000    00004000   00000000    rw-
  00458000    00458000    00002000   00000000    rw- .stack
  0045a000    0045a000    00002000   00000000    rw- .sysmem


SECTION ALLOCATION MAP

 output                                  attributes/
section   page    origin      length       input sections
--------  ----  ----------  ----------   ----------------
.vectors   0    00400000    00000140     
                  00400000    00000140     nortos.xwrL64xx.m4f.ti-arm-clang.release.lib : HwiP_armv7m_handlers_nortos.obj (.vectors)

.bss       0    00400200    00000748     UNINITIALIZED
                  00400200    00000280     (.common:gHwiCtrl)
                  00400480    0000021c     ti_drivers_config.obj (.bss.gUartObjects)
                  0040069c    00000120     libsysbm.a : trgmsg.c.obj (.bss:_CIOBUF_)
                  004007bc    000000a0     libc.a : defs.c.obj (.bss.__TI_tmpnams)
                  0040085c    00000058     ti_drivers_config.obj (.bss.gEdmaObjects)
                  004008b4    00000004     libc.a : memory.c.obj (.bss.sys_free)
                  004008b8    00000038     (.common:gClockCtrl)
                  004008f0    00000020     lin_external_responder_interrupts.obj (.bss.gLinHwiObject_0)
                  00400910    00000020     lin_external_responder_interrupts.obj (.bss.gLinHwiObject_1)
                  00400930    00000008     libsysbm.a : hostopen.c.obj (.bss.parmbuf)
                  00400938    00000004     (.common:gEdmaHandle)
                  0040093c    00000004     (.common:gUartHandle)
                  00400940    00000002     (.common:result)
                  00400942    00000002     (.common:txIndex)
                  00400944    00000004     --HOLE--

.stack     0    00458000    00002000     UNINITIALIZED
                  00458000    00000004     nortos.xwrL64xx.m4f.ti-arm-clang.release.lib : boot_armv7m.obj (.stack)
                  00458004    00001ffc     --HOLE--

.sysmem    0    0045a000    00002000     UNINITIALIZED
                  0045a000    00000010     libc.a : memory.c.obj (.sysmem)
                  0045a010    00001ff0     --HOLE--

__llvm_prf_cnts 
*          0    00400200    00000000     UNINITIALIZED

__llvm_prf_bits 
*          0    00400200    00000000     UNINITIALIZED

.rodata.1 
*          0    00400948    00000018     
                  00400948    00000018     drivers.xwrL64xx.m4f.ti-arm-clang.release.lib : uart_sci.obj (.rodata.str1.120312415395384906381)

.text      0    00400960    00006a20     
                  00400960    00000570     nortos.xwrL64xx.m4f.ti-arm-clang.release.lib : printf.obj (.text._vsnprintf)
                  00400ed0    0000050a     lin_external_responder_interrupts.obj (.text.lin_external_responder_interrupts_main)
                  004013da    00000006     drivers.xwrL64xx.m4f.ti-arm-clang.release.lib : edma.obj (.text.EDMA_isInterruptEnabled)
                  004013e0    000004a8     nortos.xwrL64xx.m4f.ti-arm-clang.release.lib : printf.obj (.text._etoa)
                  00401888    00000440                                                  : printf.obj (.text._ftoa)
                  00401cc8    00000436     drivers.xwrL64xx.m4f.ti-arm-clang.release.lib : lin.obj (.text.LIN_initModule)
                  004020fe    00000002     ti_board_config.obj (.text.Board_deinit)
                  00402100    000003b0     nortos.xwrL64xx.m4f.ti-arm-clang.release.lib : HwiP_armv7m.obj (.text.hwi)
                  004024b0    00000360     drivers.xwrL64xx.m4f.ti-arm-clang.release.lib : uart_sci.obj (.text.UART_open)
                  00402810    00000310                                                   : soc_rcm.obj (.text.SOC_rcmGetPeripheralClock)
                  00402b20    0000030a                                                   : edma.obj (.text.EDMA_init)
                  00402e2a    00000016     nortos.xwrL64xx.m4f.ti-arm-clang.release.lib : HwiP_armv7m.obj (.text.HwiP_inISR)
                  00402e40    000002dc     libc.a : strcmp_t2.S.obj (.text:strcmp)
                  0040311c    0000022c     drivers.xwrL64xx.m4f.ti-arm-clang.release.lib : uart_sci.obj (.text.UART_write)
                  00403348    000001ca     nortos.xwrL64xx.m4f.ti-arm-clang.release.lib : MpuP_armv7m.obj (.text.mpu)
                  00403512    00000002     ti_board_open_close.obj (.text.Board_driversClose)
                  00403514    000001b6     libclang_rt.builtins.a : adddf3.S.obj (.text.adddf3_subdf3)
                  004036ca    000001aa     ti_drivers_config.obj (.text.System_init)
                  00403874    000001a6     drivers.xwrL64xx.m4f.ti-arm-clang.release.lib : edma.obj (.text.EDMA_deinit)
                  00403a1a    00000190                                                   : uart_sci_edma.obj (.text.UART_edmaChannelConfig)
                  00403baa    0000017a                                                   : uart_sci.obj (.text.UART_controllerIsr)
                  00403d24    00000170                                                   : soc_rcm.obj (.text.SOC_rcmEnablePeripheralClock)
                  00403e94    00000170     lin_external_responder_interrupts.obj (.text.lin_process_frames)
                  00404004    00000162     drivers.xwrL64xx.m4f.ti-arm-clang.release.lib : soc_rcm.obj (.text.SOC_rcmSetPeripheralClock)
                  00404166    00000150     lin_external_responder_interrupts.obj (.text.level1ISR)
                  004042b6    00000148     drivers.xwrL64xx.m4f.ti-arm-clang.release.lib : uart_sci.obj (.text.UART_close)
                  004043fe    00000002     ti_board_config.obj (.text.Board_init)
                  00404400    00000144     nortos.xwrL64xx.m4f.ti-arm-clang.release.lib : printf.obj (.text._ntoa_format)
                  00404544    00000136     libclang_rt.builtins.a : divdf3.S.obj (.text.__divdf3)
                  0040467a    00000002     nortos.xwrL64xx.m4f.ti-arm-clang.release.lib : ClockP_nortos_m4.obj (.text.ClockP_timerClearOverflowInt)
                  0040467c    00000132     drivers.xwrL64xx.m4f.ti-arm-clang.release.lib : edma.obj (.text.allocResource)
                  004047ae    00000002     nortos.xwrL64xx.m4f.ti-arm-clang.release.lib : SemaphoreP_nortos.obj (.text.SemaphoreP_destruct)
                  004047b0    0000012e     lin_external_responder_interrupts.obj (.text.level0ISR)
                  004048de    0000012c     drivers.xwrL64xx.m4f.ti-arm-clang.release.lib : edma.obj (.text.EDMA_open)
                  00404a0a    00000002     nortos.xwrL64xx.m4f.ti-arm-clang.release.lib : TaskP_nortos.obj (.text.TaskP_yield)
                  00404a0c    00000120     libc.a : memory.c.obj (.text.aligned_alloc)
                  00404b2c    00000104     drivers.xwrL64xx.m4f.ti-arm-clang.release.lib : edma.obj (.text.EDMA_transferCompletionMasterIsrFxn)
                  00404c30    000000fc     libclang_rt.builtins.a : muldf3.S.obj (.text.__muldf3)
                  00404d2c    000000fa     drivers.xwrL64xx.m4f.ti-arm-clang.release.lib : edma.obj (.text.EDMA_freeResource)
                  00404e26    000000f6     nortos.xwrL64xx.m4f.ti-arm-clang.release.lib : ClockP_nortos_m4.obj (.text.ClockP_init)
                  00404f1c    000000f0     libc.a : memory.c.obj (.text.free)
                  0040500c    000000da     nortos.xwrL64xx.m4f.ti-arm-clang.release.lib : HwiP_armv7m_handlers_nortos.obj (.text.hwi)
                  004050e6    00000002     libclang_rt.builtins.a : aeabi_div0.c.obj (.text.__aeabi_ldiv0)
                  004050e8    000000d8     drivers.xwrL64xx.m4f.ti-arm-clang.release.lib : edma.obj (.text.EDMA_allocResource)
                  004051c0    000000d8                                                   : uart_sci_edma.obj (.text.UART_writeDma)
                  00405298    000000d8     libc.a : setvbuf.c.obj (.text.setvbuf)
                  00405370    000000ca     drivers.xwrL64xx.m4f.ti-arm-clang.release.lib : edma.obj (.text.EDMA_registerIntr)
                  0040543a    000000bc     nortos.xwrL64xx.m4f.ti-arm-clang.release.lib : SysTickTimerP.obj (.text.SysTickTimerP_setup)
                  004054f6    00000002     libc.a : _lock.c.obj (.text._nop)
                  004054f8    000000b0     libclang_rt.builtins.a : udivmoddi4.S.obj (.text)
                  004055a8    000000a4     nortos.xwrL64xx.m4f.ti-arm-clang.release.lib : printf.obj (.text._ntoa_long_long)
                  0040564c    000000a4                                                  : printf.obj (.text._out_rev)
                  004056f0    000000a2     drivers.xwrL64xx.m4f.ti-arm-clang.release.lib : uart_sci.obj (.text.UART_flushTxFifo)
                  00405792    00000002     nortos.xwrL64xx.m4f.ti-arm-clang.release.lib : printf.obj (.text._out_null)
                  00405794    0000009c     libc.a : s_floorf.c.obj (.text.floorf)
                  00405830    00000098     nortos.xwrL64xx.m4f.ti-arm-clang.release.lib : SemaphoreP_nortos.obj (.text.SemaphoreP_pend)
                  004058c8    00000094     drivers.xwrL64xx.m4f.ti-arm-clang.release.lib : uart_sci.obj (.text.UART_init)
                  0040595c    00000094     nortos.xwrL64xx.m4f.ti-arm-clang.release.lib : printf.obj (.text._ntoa_long)
                  004059f0    00000090     drivers.xwrL64xx.m4f.ti-arm-clang.release.lib : edma.obj (.text.EDMAEnableTransferRegion)
                  00405a80    00000088     libc.a : fputc.c.obj (.text.fputc)
                  00405b08    00000086     drivers.xwrL64xx.m4f.ti-arm-clang.release.lib : uart_sci_edma.obj (.text.UART_txEdmaIsrFxn)
                  00405b8e    00000080                                                   : uart_sci_edma.obj (.text.UART_rxEdmaIsrFxn)
                  00405c0e    0000007e     libc.a : s_roundf.c.obj (.text.roundf)
                  00405c8c    00000074            : fclose.c.obj (.text.__TI_closefile)
                  00405d00    00000072     drivers.xwrL64xx.m4f.ti-arm-clang.release.lib : edma.obj (.text.EDMA_close)
                  00405d72    00000070                                                   : edma.obj (.text.EDMAConfigureChannelRegion)
                  00405de2    00000002     --HOLE-- [fill = 0]
                  00405de4    0000006e     libclang_rt.builtins.a : comparedf2.c.obj (.text.__gedf2)
                  00405e52    00000002     --HOLE-- [fill = 0]
                  00405e54    0000006e                            : comparedf2.c.obj (.text.__ledf2)
                  00405ec2    00000002     --HOLE-- [fill = 0]
                  00405ec4    0000006c     libc.a : memory.c.obj (.text.split)
                  00405f30    0000006a     nortos.xwrL64xx.m4f.ti-arm-clang.release.lib : AddrTranslateP.obj (.text.AddrTranslateP_getLocalAddr)
                  00405f9a    00000068     drivers.xwrL64xx.m4f.ti-arm-clang.release.lib : uart_sci.obj (.text.UART_writeCancelNoCB)
                  00406002    00000002     --HOLE-- [fill = 0]
                  00406004    00000068     libc.a : fseek.c.obj (.text.fseeko)
                  0040606c    00000068            : getdevice.c.obj (.text.getdevice)
                  004060d4    00000064     nortos.xwrL64xx.m4f.ti-arm-clang.release.lib : ClockP_nortos.obj (.text.ClockP_timerTickIsr)
                  00406138    00000064     libsysbm.a : hostrename.c.obj (.text.HOSTrename)
                  0040619c    00000062     drivers.xwrL64xx.m4f.ti-arm-clang.release.lib : lin.obj (.text.LIN_sendData)
                  004061fe    00000002     --HOLE-- [fill = 0]
                  00406200    00000062     libclang_rt.builtins.a : aeabi_dcmp.S.obj (.text.__aeabi_dcmp)
                  00406262    00000002     --HOLE-- [fill = 0]
                  00406264    00000060     drivers.xwrL64xx.m4f.ti-arm-clang.release.lib : lin.obj (.text.LIN_getData)
                  004062c4    00000060     libc.a : _io_perm.c.obj (.text.__TI_wrt_ok)
                  00406324    00000060     libsysbm.a : close.c.obj (.text.close)
                  00406384    0000005e     nortos.xwrL64xx.m4f.ti-arm-clang.release.lib : DebugP_log.obj (.text._DebugP_assert)
                  004063e2    00000002     --HOLE-- [fill = 0]
                  004063e4    00000058                                                  : ClockP_nortos.obj (.text.ClockP_getTimeUsec)
                  0040643c    00000058     libsysbm.a : hostlseek.c.obj (.text.HOSTlseek)
                  00406494    00000058                : hostopen.c.obj (.text.HOSTopen)
                  004064ec    00000054                : hostread.c.obj (.text.HOSTread)
                  00406540    00000054                : hostwrite.c.obj (.text.HOSTwrite)
                  00406594    00000050     drivers.xwrL64xx.m4f.ti-arm-clang.release.lib : soc.obj (.text.SOC_virtToPhy)
                  004065e4    00000050     libc.a : fflush.c.obj (.text.__TI_doflush)
                  00406634    0000004e     nortos.xwrL64xx.m4f.ti-arm-clang.release.lib : ClockP_nortos.obj (.text.ClockP_addToList)
                  00406682    0000004c     ti_drivers_open_close.obj (.text.Drivers_edmaOpen)
                  004066ce    0000004c     ti_drivers_open_close.obj (.text.Drivers_uartOpen)
                  0040671a    0000004a     nortos.xwrL64xx.m4f.ti-arm-clang.release.lib : ClockP_nortos.obj (.text.ClockP_construct)
                  00406764    00000048     libclang_rt.builtins.a : fixdfsi.S.obj (.text.__fixdfsi)
                  004067ac    00000048     nortos.xwrL64xx.m4f.ti-arm-clang.release.lib : boot_armv7m.obj (.text:_c_int00)
                  004067f4    00000046     drivers.xwrL64xx.m4f.ti-arm-clang.release.lib : edma.obj (.text.EDMA_getBaseAddr)
                  0040683a    00000002     --HOLE-- [fill = 0]
                  0040683c    00000044     libsysbm.a : hostunlink.c.obj (.text.HOSTunlink)
                  00406880    00000044     libclang_rt.builtins.a : fixunsdfsi.S.obj (.text.__fixunsdfsi)
                  004068c4    00000040     nortos.xwrL64xx.m4f.ti-arm-clang.release.lib : ClockP_nortos.obj (.text.ClockP_stop)
                  00406904    0000003e     drivers.xwrL64xx.m4f.ti-arm-clang.release.lib : edma.obj (.text.EDMAMapChToEvtQ)
                  00406942    00000002     --HOLE-- [fill = 0]
                  00406944    0000003e                                                   : edma.obj (.text.EDMASetPaRAM)
                  00406982    0000003e     nortos.xwrL64xx.m4f.ti-arm-clang.release.lib : SemaphoreP_nortos.obj (.text.SemaphoreP_constructBinary)
                  004069c0    0000003c     libsysbm.a : hostclose.c.obj (.text.HOSTclose)
                  004069fc    0000003c     nortos.xwrL64xx.m4f.ti-arm-clang.release.lib : SemaphoreP_nortos.obj (.text.SemaphoreP_constructMutex)
                  00406a38    0000003a                                                  : ClockP_nortos.obj (.text.ClockP_destruct)
                  00406a72    0000003a                                                  : DebugP_uartLogWriter.obj (.text.DebugP_uartLogWriterPutChar)
                  00406aac    00000038     ti_drivers_config.obj (.text.Drivers_uartInit)
                  00406ae4    00000038     ti_power_clock_config.obj (.text.Module_clockSetFrequency)
                  00406b1c    00000038     drivers.xwrL64xx.m4f.ti-arm-clang.release.lib : soc_rcm.obj (.text.SOC_rcmEnableADPLLClock)
                  00406b54    00000038     nortos.xwrL64xx.m4f.ti-arm-clang.release.lib : DebugP_nortos.obj (.text._DebugP_logZone)
                  00406b8c    00000038     libclang_rt.builtins.a : extendsfdf2.S.obj (.text.__extendsfdf2)
                  00406bc4    00000038     libc.a : autoinit.c.obj (.text:__TI_auto_init_nobinit_nopinit)
                  00406bfc    00000036     drivers.xwrL64xx.m4f.ti-arm-clang.release.lib : pinmux.obj (.text.Pinmux_config)
                  00406c32    00000034     nortos.xwrL64xx.m4f.ti-arm-clang.release.lib : ClockP_nortos.obj (.text.ClockP_start)
                  00406c66    00000002     --HOLE-- [fill = 0]
                  00406c68    00000034     libc.a : fopen.c.obj (.text.__TI_cleanup)
                  00406c9c    00000034     libsysbm.a : trgmsg.c.obj (.text.__TI_writemsg)
                  00406cd0    00000032     drivers.xwrL64xx.m4f.ti-arm-clang.release.lib : edma.obj (.text.EDMA_getHandle)
                  00406d02    00000002     --HOLE-- [fill = 0]
                  00406d04    00000032     ti_power_clock_config.obj (.text.Module_clockEnable)
                  00406d36    00000032     nortos.xwrL64xx.m4f.ti-arm-clang.release.lib : SemaphoreP_nortos.obj (.text.SemaphoreP_post)
                  00406d68    00000030     libsysbm.a : trgmsg.c.obj (.text.__TI_readmsg)
                  00406d98    00000030     libclang_rt.builtins.a : comparedf2.c.obj (.text.__unorddf2)
                  00406dc8    00000030     libc.a : exit.c.obj (.text.exit)
                  00406df8    0000002e     drivers.xwrL64xx.m4f.ti-arm-clang.release.lib : edma.obj (.text.EDMAEnableChInShadowRegRegion)
                  00406e26    00000002     --HOLE-- [fill = 0]
                  00406e28    0000002e     ti_power_clock_config.obj (.text.Module_clockDisable)
                  00406e56    00000002     --HOLE-- [fill = 0]
                  00406e58    0000002e     libclang_rt.builtins.a : floatsidf.S.obj (.text.__floatsidf)
                  00406e86    0000002c     ti_drivers_open_close.obj (.text.Drivers_close)
                  00406eb2    00000002     --HOLE-- [fill = 0]
                  00406eb4    0000002c     drivers.xwrL64xx.m4f.ti-arm-clang.release.lib : soc_rcm.obj (.text.SOC_rcmSetM4ClockSrc)
                  00406ee0    0000002c                                                   : uart_sci.obj (.text.UART_getHandle)
                  00406f0c    0000002c     libc.a : getdevice.c.obj (.text.finddevice)
                  00406f38    0000002c     libsysbm.a : lseek.c.obj (.text.lseek)
                  00406f64    0000002c                : unlink.c.obj (.text.unlink)
                  00406f90    0000002c                : write.c.obj (.text.write)
                  00406fbc    00000028     libc.a : memory.c.obj (.text.free_list_insert)
                  00406fe4    00000024     ti_dpl_config.obj (.text.Dpl_init)
                  00407008    00000024     drivers.xwrL64xx.m4f.ti-arm-clang.release.lib : edma.obj (.text.EDMAReadIntrStatusRegion)
                  0040702c    00000024     nortos.xwrL64xx.m4f.ti-arm-clang.release.lib : printf.obj (.text.vprintf_)
                  00407050    00000022     drivers.xwrL64xx.m4f.ti-arm-clang.release.lib : soc.obj (.text.SOC_controlModuleUnlockMMR)
                  00407072    00000020     nortos.xwrL64xx.m4f.ti-arm-clang.release.lib : DebugP_log.obj (.text.DebugP_logZoneEnable)
                  00407092    00000002     --HOLE-- [fill = 0]
                  00407094    00000020     libclang_rt.builtins.a : floatunsidf.S.obj (.text.__floatunsidf)
                  004070b4    0000001e     drivers.xwrL64xx.m4f.ti-arm-clang.release.lib : edma.obj (.text.EDMAClrIntrRegion)
                  004070d2    00000002     --HOLE-- [fill = 0]
                  004070d4    0000001e     nortos.xwrL64xx.m4f.ti-arm-clang.release.lib : DebugP_log.obj (.text._DebugP_assertNoLog)
                  004070f2    00000002     --HOLE-- [fill = 0]
                  004070f4    0000001c     libc.a : memory.c.obj (.text.free_list_remove)
                  00407110    0000001c     main.obj (.text.main)
                  0040712c    0000001a     nortos.xwrL64xx.m4f.ti-arm-clang.release.lib : SysTickTimerP.obj (.text.SysTickTimerP_Params_init)
                  00407146    0000001a     drivers.xwrL64xx.m4f.ti-arm-clang.release.lib : uart_sci.obj (.text.UART_deinit)
                  00407160    0000001a     nortos.xwrL64xx.m4f.ti-arm-clang.release.lib : boot_armv7m.obj (.text.stack_init)
                  0040717a    00000018                                                  : ClockP_nortos_m4.obj (.text.ClockP_deinit)
                  00407192    00000016     drivers.xwrL64xx.m4f.ti-arm-clang.release.lib : soc_rcm.obj (.text.SOC_getEfusePgVersion)
                  004071a8    00000016     ti_drivers_config.obj (.text.System_deinit)
                  004071be    00000014     drivers.xwrL64xx.m4f.ti-arm-clang.release.lib : edma.obj (.text.EDMA_getRegionId)
                  004071d2    00000014                                                   : soc.obj (.text.SOC_controlModuleLockMMR)
                  004071e6    00000002     --HOLE-- [fill = 0]
                  004071e8    00000014     libclang_rt.builtins.a : aeabi_uldivmod.S.obj (.text.__aeabi_uldivmod)
                  004071fc    00000012     drivers.xwrL64xx.m4f.ti-arm-clang.release.lib : soc.obj (.text.SOC_clocksEnable)
                  0040720e    00000012     nortos.xwrL64xx.m4f.ti-arm-clang.release.lib : SysTickTimerP.obj (.text.SysTickTimerP_start)
                  00407220    00000012                                                  : SysTickTimerP.obj (.text.SysTickTimerP_stop)
                  00407232    00000012     ti_dpl_config.obj (.text.putchar_)
                  00407244    0000000e     ti_drivers_open_close.obj (.text.Drivers_open)
                  00407252    0000000e     drivers.xwrL64xx.m4f.ti-arm-clang.release.lib : edma.obj (.text.EDMACCPaRAMEntry_init)
                  00407260    0000000e     ti_pinmux_config.obj (.text.Pinmux_init)
                  0040726e    0000000e     ti_power_clock_config.obj (.text.PowerClock_init)
                  0040727c    0000000e     nortos.xwrL64xx.m4f.ti-arm-clang.release.lib : SysTickTimerP.obj (.text.SysTickTimerP_getCount)
                  0040728a    0000000e                                                  : SysTickTimerP.obj (.text.SysTickTimerP_getReloadCount)
                  00407298    0000000e     libsysbm.a : hostrename.c.obj (.text.strcpy)
                  004072a6    0000000e                : hostrename.c.obj (.text.strlen)
                  004072b4    0000000e     libc.a : memset_t2.S.obj (.text:TI_memset_small)
                  004072c2    0000000c     nortos.xwrL64xx.m4f.ti-arm-clang.release.lib : ClockP_nortos.obj (.text.ClockP_getTicks)
                  004072ce    0000000c                                                  : DebugP_uartLogWriter.obj (.text.DebugP_uartSetDrvIndex)
                  004072da    0000000c     drivers.xwrL64xx.m4f.ti-arm-clang.release.lib : soc.obj (.text.SOC_moduleClockEnable)
                  004072e6    00000002     --HOLE-- [fill = 0]
                  004072e8    0000000c     libc.a : fputc.c.obj (.text.putchar)
                  004072f4    0000000a     nortos.xwrL64xx.m4f.ti-arm-clang.release.lib : ClockP_nortos.obj (.text.ClockP_Params_init)
                  004072fe    0000000a                                                  : ClockP_nortos.obj (.text.ClockP_isActive)
                  00407308    0000000a     libclang_rt.builtins.a : aeabi_memset.S.obj (.text.__aeabi_memset)
                  00407312    0000000a     nortos.xwrL64xx.m4f.ti-arm-clang.release.lib : printf.obj (.text._out_char)
                  0040731c    00000008     drivers.xwrL64xx.m4f.ti-arm-clang.release.lib : edma.obj (.text.EDMA_allocDmaChannel)
                  00407324    00000008                                                   : edma.obj (.text.EDMA_allocParam)
                  0040732c    00000008                                                   : edma.obj (.text.EDMA_allocTcc)
                  00407334    00000008                                                   : edma.obj (.text.EDMA_freeDmaChannel)
                  0040733c    00000008                                                   : edma.obj (.text.EDMA_freeParam)
                  00407344    00000008                                                   : edma.obj (.text.EDMA_freeTcc)
                  0040734c    00000008     libclang_rt.builtins.a : aeabi_memset.S.obj (.text.__aeabi_memclr)
                  00407354    00000008     libc.a : memory.c.obj (.text.malloc)
                  0040735c    00000004     ti_board_open_close.obj (.text.Board_driversOpen)
                  00407360    00000004     nortos.xwrL64xx.m4f.ti-arm-clang.release.lib : ClockP_nortos_m4.obj (.text.ClockP_getTimerCount)
                  00407364    00000004     ti_dpl_config.obj (.text.Dpl_deinit)
                  00407368    00000004     ti_power_clock_config.obj (.text.PowerClock_deinit)
                  0040736c    00000004     drivers.xwrL64xx.m4f.ti-arm-clang.release.lib : soc.obj (.text.SOC_moduleSetClockFrequency)
                  00407370    00000004     ti_dpl_config.obj (.text.boot)
                  00407374    00000004     libc.a : fseek.c.obj (.text.fseek)
                  00407378    00000004     libsysbm.a : remove.c.obj (.text.remove)
                  0040737c    00000004     libc.a : exit.c.obj (.text:abort)

.rodata.2 
*          0    00407380    000011ba     
                  00407380    00000071     lin_external_responder_interrupts.obj (.rodata.str1.16427850918437460351)
                  004073f1    00000071     drivers.xwrL64xx.m4f.ti-arm-clang.release.lib : lin.obj (.rodata.str1.51999192227416030661)
                  00407462    00000071     ti_drivers_config.obj (.rodata.str1.72370512399720775981)
                  004074d3    00000055     lin_external_responder_interrupts.obj (.rodata.str1.79070217239626432691)
                  00407528    00000055     drivers.xwrL64xx.m4f.ti-arm-clang.release.lib : lin.obj (.rodata.str1.94450556265735546401)
                  0040757d    00000003     --HOLE-- [fill = 0]
                  00407580    00000050     nortos.xwrL64xx.m4f.ti-arm-clang.release.lib : printf.obj (.rodata._ftoa.pow10)
                  004075d0    0000004f     lin_external_responder_interrupts.obj (.rodata.str1.46022437697986954511)
                  0040761f    00000041     lin_external_responder_interrupts.obj (.rodata.str1.120503954123206396271)
                  00407660    00000041     drivers.xwrL64xx.m4f.ti-arm-clang.release.lib : lin.obj (.rodata.str1.39558797317976674551)
                  004076a1    0000003d     lin_external_responder_interrupts.obj (.rodata.str1.41130148657294617801)
                  004076de    0000003b     lin_external_responder_interrupts.obj (.rodata.str1.148627999184723268621)
                  00407719    00000037     nortos.xwrL64xx.m4f.ti-arm-clang.release.lib : SemaphoreP_nortos.obj (.rodata.str1.77784356401422800491)
                  00407750    00000035     ti_drivers_open_close.obj (.rodata.str1.135241915826326793361)
                  00407785    00000035     lin_external_responder_interrupts.obj (.rodata.str1.164249724359702265101)
                  004077ba    00000035     ti_drivers_open_close.obj (.rodata.str1.89322429334436556861)
                  004077ef    00000031     lin_external_responder_interrupts.obj (.rodata.str1.133673768489421666791)
                  00407820    00000031     lin_external_responder_interrupts.obj (.rodata.str1.28543903143422108031)
                  00407851    0000002e     nortos.xwrL64xx.m4f.ti-arm-clang.release.lib : ClockP_nortos.obj (.rodata.str1.60552435462749564001)
                  0040787f    0000002d     lin_external_responder_interrupts.obj (.rodata.str1.224400933581318681)
                  004078ac    0000002c     lin_external_responder_interrupts.obj (.rodata.str1.77287448936428696951)
                  004078d8    0000002a     nortos.xwrL64xx.m4f.ti-arm-clang.release.lib : DebugP_log.obj (.rodata.str1.8568035916953519521)
                  00407902    00000028                                                  : SysTickTimerP.obj (.rodata.str1.124645680920677519181)
                  0040792a    00000027     lin_external_responder_interrupts.obj (.rodata.str1.111434782031274134121)
                  00407951    00000027     nortos.xwrL64xx.m4f.ti-arm-clang.release.lib : ClockP_nortos_m4.obj (.rodata.str1.5874506960196990421)
                  00407978    00000026     drivers.xwrL64xx.m4f.ti-arm-clang.release.lib : lin.obj (.rodata.str1.29200165954452238311)
                  0040799e    00000024                                                   : edma.obj (.rodata.str1.76418684701105564031)
                  004079c2    00000023     nortos.xwrL64xx.m4f.ti-arm-clang.release.lib : ClockP_nortos_m4.obj (.rodata.str1.48637854522803579141)
                  004079e5    00000022     lin_external_responder_interrupts.obj (.rodata.str1.98127549372528222241)
                  00407a07    00000021     nortos.xwrL64xx.m4f.ti-arm-clang.release.lib : ClockP_nortos_m4.obj (.rodata.str1.99773122168583189571)
                  00407a28    00000020     drivers.xwrL64xx.m4f.ti-arm-clang.release.lib : soc_rcm.obj (.rodata.cst16)
                  00407a48    00000020     lin_external_responder_interrupts.obj (.rodata.str1.87600628237365378291)
                  00407a68    0000001f     nortos.xwrL64xx.m4f.ti-arm-clang.release.lib : ClockP_nortos_m4.obj (.rodata.str1.10592210478019630971)
                  00407a87    0000001f     lin_external_responder_interrupts.obj (.rodata.str1.109126318467457375741)
                  00407aa6    0000001f     drivers.xwrL64xx.m4f.ti-arm-clang.release.lib : lin.obj (.rodata.str1.172192398857525480971)
                  00407ac5    0000001f     nortos.xwrL64xx.m4f.ti-arm-clang.release.lib : SemaphoreP_nortos.obj (.rodata.str1.93106250239489445331)
                  00407ae4    0000001d     lin_external_responder_interrupts.obj (.rodata.str1.177896553728194595401)
                  00407b01    0000001d     drivers.xwrL64xx.m4f.ti-arm-clang.release.lib : lin.obj (.rodata.str1.4759614200759063341)
                  00407b1e    0000001c     lin_external_responder_interrupts.obj (.rodata.str1.107998223034146749101)
                  00407b3a    0000001c     drivers.xwrL64xx.m4f.ti-arm-clang.release.lib : soc_rcm.obj (.rodata.str1.56477286324532805231)
                  00407b56    0000001c     lin_external_responder_interrupts.obj (.rodata.str1.79809384328649469921)
                  00407b72    0000001b     drivers.xwrL64xx.m4f.ti-arm-clang.release.lib : lin.obj (.rodata.str1.151841199377529207831)
                  00407b8d    0000001b     lin_external_responder_interrupts.obj (.rodata.str1.155308856063154956191)
                  00407ba8    0000001b     nortos.xwrL64xx.m4f.ti-arm-clang.release.lib : ClockP_nortos.obj (.rodata.str1.25471646840808198631)
                  00407bc3    0000001b     lin_external_responder_interrupts.obj (.rodata.str1.58008724248412783601)
                  00407bde    0000001b     lin_external_responder_interrupts.obj (.rodata.str1.59711385690385838401)
                  00407bf9    0000001b     nortos.xwrL64xx.m4f.ti-arm-clang.release.lib : SysTickTimerP.obj (.rodata.str1.62417832979391646401)
                  00407c14    0000001a     drivers.xwrL64xx.m4f.ti-arm-clang.release.lib : edma.obj (.rodata.str1.100996213821086933721)
                  00407c2e    0000001a     lin_external_responder_interrupts.obj (.rodata.str1.117382978675703724861)
                  00407c48    0000001a     drivers.xwrL64xx.m4f.ti-arm-clang.release.lib : soc_rcm.obj (.rodata.str1.13846211276285849311)
                  00407c62    0000001a     lin_external_responder_interrupts.obj (.rodata.str1.1888554488693465571)
                  00407c7c    0000001a     lin_external_responder_interrupts.obj (.rodata.str1.4486929743949420181)
                  00407c96    0000001a     drivers.xwrL64xx.m4f.ti-arm-clang.release.lib : soc_rcm.obj (.rodata.str1.52576848066905547631)
                  00407cb0    0000001a                                                   : lin.obj (.rodata.str1.66706449916558796201)
                  00407cca    0000001a                                                   : lin.obj (.rodata.str1.67724218642637591351)
                  00407ce4    0000001a                                                   : soc_rcm.obj (.rodata.str1.73573858413138203341)
                  00407cfe    0000001a     nortos.xwrL64xx.m4f.ti-arm-clang.release.lib : ClockP_nortos_m4.obj (.rodata.str1.90786756798019705061)
                  00407d18    00000019     lin_external_responder_interrupts.obj (.rodata.str1.103222716356616470151)
                  00407d31    00000019     drivers.xwrL64xx.m4f.ti-arm-clang.release.lib : soc_rcm.obj (.rodata.str1.164767278446434951321)
                  00407d4a    00000019                                                   : uart_sci_edma.obj (.rodata.str1.1694563462317297321)
                  00407d63    00000019     lin_external_responder_interrupts.obj (.rodata.str1.180969933114528206901)
                  00407d7c    00000019     nortos.xwrL64xx.m4f.ti-arm-clang.release.lib : SysTickTimerP.obj (.rodata.str1.31813016594639626501)
                  00407d95    00000019     drivers.xwrL64xx.m4f.ti-arm-clang.release.lib : lin.obj (.rodata.str1.36365896237018702751)
                  00407dae    00000019                                                   : uart_sci.obj (.rodata.str1.55013173113347637961)
                  00407dc7    00000019     lin_external_responder_interrupts.obj (.rodata.str1.86936499892876211041)
                  00407de0    00000019     drivers.xwrL64xx.m4f.ti-arm-clang.release.lib : uart_sci.obj (.rodata.str1.87895611013758742281)
                  00407df9    00000018     ti_drivers_config.obj (.rodata.str1.13930289555131851371)
                  00407e11    00000018     ti_drivers_config.obj (.rodata.str1.39880462214276039251)
                  00407e29    00000018     drivers.xwrL64xx.m4f.ti-arm-clang.release.lib : lin.obj (.rodata.str1.4897438680411428751)
                  00407e41    00000018                                                   : uart_sci_edma.obj (.rodata.str1.96300436347963894471)
                  00407e59    00000018                                                   : lin.obj (.rodata.str1.97240553479274266881)
                  00407e71    00000017     lin_external_responder_interrupts.obj (.rodata.str1.100137910811009652431)
                  00407e88    00000017     drivers.xwrL64xx.m4f.ti-arm-clang.release.lib : lin.obj (.rodata.str1.118164368549087236231)
                  00407e9f    00000017                                                   : edma.obj (.rodata.str1.124854076466481638881)
                  00407eb6    00000017     ti_drivers_config.obj (.rodata.str1.128100799085492792611)
                  00407ecd    00000017     ti_drivers_config.obj (.rodata.str1.145117582214117866381)
                  00407ee4    00000017     drivers.xwrL64xx.m4f.ti-arm-clang.release.lib : uart_sci.obj (.rodata.str1.165585763696907955751)
                  00407efb    00000017                                                   : lin.obj (.rodata.str1.172402013546402483541)
                  00407f12    00000017     lin_external_responder_interrupts.obj (.rodata.str1.173865972940523422901)
                  00407f29    00000017     nortos.xwrL64xx.m4f.ti-arm-clang.release.lib : SysTickTimerP.obj (.rodata.str1.26547744409832483041)
                  00407f40    00000017     drivers.xwrL64xx.m4f.ti-arm-clang.release.lib : lin.obj (.rodata.str1.32950582576035856521)
                  00407f57    00000017     ti_drivers_config.obj (.rodata.str1.39652734042712398221)
                  00407f6e    00000017     drivers.xwrL64xx.m4f.ti-arm-clang.release.lib : lin.obj (.rodata.str1.51832669207189691421)
                  00407f85    00000017                                                   : soc_rcm.obj (.rodata.str1.85053832093120688671)
                  00407f9c    00000017                                                   : lin.obj (.rodata.str1.86948055024446817381)
                  00407fb3    00000016                                                   : lin.obj (.rodata.str1.113679078120781003671)
                  00407fc9    00000016     ti_drivers_config.obj (.rodata.str1.147539600957937831781)
                  00407fdf    00000016     ti_drivers_config.obj (.rodata.str1.149413469028136483941)
                  00407ff5    00000016     drivers.xwrL64xx.m4f.ti-arm-clang.release.lib : edma.obj (.rodata.str1.168695502010531622391)
                  0040800b    00000016     lin_external_responder_interrupts.obj (.rodata.str1.22200528738903620891)
                  00408021    00000016     drivers.xwrL64xx.m4f.ti-arm-clang.release.lib : lin.obj (.rodata.str1.23564918646656436181)
                  00408037    00000016     lin_external_responder_interrupts.obj (.rodata.str1.60956759618309684761)
                  0040804d    00000016     drivers.xwrL64xx.m4f.ti-arm-clang.release.lib : uart_sci.obj (.rodata.str1.85700947625728835951)
                  00408063    00000015                                                   : lin.obj (.rodata.str1.110218012156711357471)
                  00408078    00000015     lin_external_responder_interrupts.obj (.rodata.str1.183408195308272825101)
                  0040808d    00000015     drivers.xwrL64xx.m4f.ti-arm-clang.release.lib : uart_sci.obj (.rodata.str1.30326902893263927811)
                  004080a2    00000015     nortos.xwrL64xx.m4f.ti-arm-clang.release.lib : SemaphoreP_nortos.obj (.rodata.str1.67625122021398397081)
                  004080b7    00000015     lin_external_responder_interrupts.obj (.rodata.str1.67926617648957898821)
                  004080cc    00000014     lin_external_responder_interrupts.obj (.rodata.str1.106927873750975297031)
                  004080e0    00000014     drivers.xwrL64xx.m4f.ti-arm-clang.release.lib : uart_sci.obj (.rodata.str1.121623592925719072031)
                  004080f4    00000014                                                   : uart_sci.obj (.rodata.str1.156252650444771372741)
                  00408108    00000014     ti_drivers_config.obj (.rodata.str1.166684039707579553541)
                  0040811c    00000014     lin_external_responder_interrupts.obj (.rodata.str1.173675505906618846891)
                  00408130    00000014     nortos.xwrL64xx.m4f.ti-arm-clang.release.lib : SysTickTimerP.obj (.rodata.str1.51182185672064785091)
                  00408144    00000014     drivers.xwrL64xx.m4f.ti-arm-clang.release.lib : lin.obj (.rodata.str1.7781568985427005141)
                  00408158    00000014     ti_drivers_config.obj (.rodata.str1.82004360404836405301)
                  0040816c    00000014     lin_external_responder_interrupts.obj (.rodata.str1.91898870839707046591)
                  00408180    00000013     lin_external_responder_interrupts.obj (.rodata.str1.127020056132303791751)
                  00408193    00000013     drivers.xwrL64xx.m4f.ti-arm-clang.release.lib : lin.obj (.rodata.str1.127051712869046675781)
                  004081a6    00000013                                                   : lin.obj (.rodata.str1.1385051095588813271)
                  004081b9    00000013                                                   : edma.obj (.rodata.str1.161616063420144653881)
                  004081cc    00000013                                                   : uart_sci.obj (.rodata.str1.165533286247086816691)
                  004081df    00000013     lin_external_responder_interrupts.obj (.rodata.str1.170572475204488218131)
                  004081f2    00000013     drivers.xwrL64xx.m4f.ti-arm-clang.release.lib : uart_sci.obj (.rodata.str1.69545364057784193721)
                  00408205    00000012                                                   : edma.obj (.rodata.str1.108028640702030349071)
                  00408217    00000012                                                   : uart_sci_edma.obj (.rodata.str1.160953260642837941861)
                  00408229    00000012                                                   : lin.obj (.rodata.str1.164010650325496876711)
                  0040823b    00000012                                                   : edma.obj (.rodata.str1.168183851025455507691)
                  0040824d    00000012                                                   : uart_sci.obj (.rodata.str1.178001865525784930881)
                  0040825f    00000012                                                   : uart_sci_edma.obj (.rodata.str1.26883157310831064051)
                  00408271    00000012                                                   : lin.obj (.rodata.str1.50096272083451746431)
                  00408283    00000012     ti_drivers_config.obj (.rodata.str1.9339178844724476591)
                  00408295    00000011     drivers.xwrL64xx.m4f.ti-arm-clang.release.lib : edma.obj (.rodata.str1.106738448986847799941)
                  004082a6    00000011     lin_external_responder_interrupts.obj (.rodata.str1.176776705036702548441)
                  004082b7    00000011     drivers.xwrL64xx.m4f.ti-arm-clang.release.lib : uart_sci.obj (.rodata.str1.45363221463256978381)
                  004082c8    00000011     ti_drivers_open_close.obj (.rodata.str1.47319419042038394831)
                  004082d9    00000011     ti_drivers_open_close.obj (.rodata.str1.49542467075964467631)
                  004082ea    00000011     nortos.xwrL64xx.m4f.ti-arm-clang.release.lib : ClockP_nortos.obj (.rodata.str1.56392992661620616651)
                  004082fb    00000011     drivers.xwrL64xx.m4f.ti-arm-clang.release.lib : lin.obj (.rodata.str1.82926318368515988091)
                  0040830c    00000011                                                   : lin.obj (.rodata.str1.91698807336895082521)
                  0040831d    00000001     --HOLE-- [fill = 0]
                  0040831e    00000010                                                   : soc_rcm.obj (.rodata.cst8)
                  0040832e    00000010     lin_external_responder_interrupts.obj (.rodata.str1.114145602023904814181)
                  0040833e    00000010     drivers.xwrL64xx.m4f.ti-arm-clang.release.lib : soc_rcm.obj (.rodata.str1.1771380296078173761)
                  0040834e    00000010                                                   : lin.obj (.rodata.str1.42601394944871018401)
                  0040835e    00000010     ti_drivers_config.obj (.rodata.str1.73787583566063180181)
                  0040836e    00000010     lin_external_responder_interrupts.obj (.rodata.str1.7921299841695743091)
                  0040837e    0000000f     drivers.xwrL64xx.m4f.ti-arm-clang.release.lib : uart_sci_edma.obj (.rodata.str1.111748486407635674111)
                  0040838d    0000000f                                                   : edma.obj (.rodata.str1.146140478628064919631)
                  0040839c    0000000f                                                   : edma.obj (.rodata.str1.161917553004410528641)
                  004083ab    0000000f                                                   : lin.obj (.rodata.str1.162517874652936694621)
                  004083ba    0000000f     ti_drivers_config.obj (.rodata.str1.49249505035445280101)
                  004083c9    0000000f     drivers.xwrL64xx.m4f.ti-arm-clang.release.lib : uart_sci.obj (.rodata.str1.58838004102269809421)
                  004083d8    0000000f                                                   : edma.obj (.rodata.str1.7213619448781788421)
                  004083e7    0000000f                                                   : lin.obj (.rodata.str1.72193402888516950301)
                  004083f6    0000000f     lin_external_responder_interrupts.obj (.rodata.str1.84562382898092184361)
                  00408405    0000000f     lin_external_responder_interrupts.obj (.rodata.str1.85154940026367314101)
                  00408414    0000000f     drivers.xwrL64xx.m4f.ti-arm-clang.release.lib : lin.obj (.rodata.str1.94564453278684324431)
                  00408423    0000000e                                                   : uart_sci.obj (.rodata.str1.103833506493370671461)
                  00408431    0000000e                                                   : lin.obj (.rodata.str1.132205987768740147991)
                  0040843f    0000000e                                                   : lin.obj (.rodata.str1.2217921652038142891)
                  0040844d    0000000e                                                   : edma.obj (.rodata.str1.71946734960229262581)
                  0040845b    0000000d                                                   : lin.obj (.rodata.str1.120282555548138701551)
                  00408468    0000000d                                                   : lin.obj (.rodata.str1.140871488100715145901)
                  00408475    0000000d                                                   : edma.obj (.rodata.str1.20711589974906254701)
                  00408482    0000000c                                                   : soc_rcm.obj (.rodata.gSocRcmSpiClkSrcValMap)
                  0040848e    0000000c     nortos.xwrL64xx.m4f.ti-arm-clang.release.lib : ClockP_nortos_m4.obj (.rodata.str1.102805212716916126391)
                  0040849a    0000000c     lin_external_responder_interrupts.obj (.rodata.str1.163055644999901413151)
                  004084a6    0000000c     drivers.xwrL64xx.m4f.ti-arm-clang.release.lib : edma.obj (.rodata.str1.23715209751856245321)
                  004084b2    0000000c                                                   : lin.obj (.rodata.str1.56188069135340155681)
                  004084be    0000000b                                                   : uart_sci.obj (.rodata.str1.132042644373295978941)
                  004084c9    0000000b                                                   : uart_sci.obj (.rodata.str1.174583129905367634191)
                  004084d4    0000000b                                                   : edma.obj (.rodata.str1.76990244014968518721)
                  004084df    0000000b     lin_external_responder_interrupts.obj (.rodata.str1.96565494126623163791)
                  004084ea    0000000a     drivers.xwrL64xx.m4f.ti-arm-clang.release.lib : soc_rcm.obj (.rodata.gSocRcmWdtClkSrcValMap)
                  004084f4    0000000a                                                   : uart_sci.obj (.rodata.str1.124552654841916713531)
                  004084fe    0000000a                                                   : edma.obj (.rodata.str1.138945604539585827651)
                  00408508    0000000a                                                   : edma.obj (.rodata.str1.155011958078798190681)
                  00408512    0000000a                                                   : uart_sci.obj (.rodata.str1.170731718426455550511)
                  0040851c    00000006     lin_external_responder_interrupts.obj (.rodata.str1.2425378244663198641)
                  00408522    00000006     drivers.xwrL64xx.m4f.ti-arm-clang.release.lib : edma.obj (.rodata.str1.88401663264709294401)
                  00408528    00000005     nortos.xwrL64xx.m4f.ti-arm-clang.release.lib : printf.obj (.rodata.str1.180255128143303278211)
                  0040852d    00000005                                                  : printf.obj (.rodata.str1.62992066646743021711)
                  00408532    00000004                                                  : printf.obj (.rodata.str1.83442741595977738081)
                  00408536    00000004                                                  : printf.obj (.rodata.str1.92767893489218153371)

.data      0    00408540    0000046f     
                  00408540    000000f0     libc.a : defs.c.obj (.data._ftable)
                  00408630    000000a0     lin_external_responder_interrupts.obj (.data.linFrameDatabase)
                  004086d0    00000078     libsysbm.a : host_device.c.obj (.data._device)
                  00408748    00000064     drivers.xwrL64xx.m4f.ti-arm-clang.release.lib : uart_sci.obj (.data.gUartDrvObj)
                  004087ac    00000050     libsysbm.a : host_device.c.obj (.data._stream)
                  004087fc    00000050     ti_drivers_config.obj (.data.gEdmaAttrs)
                  0040884c    00000038     ti_drivers_open_close.obj (.data.gUartParams)
                  00408884    00000030     ti_dpl_config.obj (.data.gMpuRegionConfig)
                  004088b4    00000028     ti_pinmux_config.obj (.data.gPinMuxMainDomainCfg)
                  004088dc    00000024     ti_power_clock_config.obj (.data.gSocModulesClockFrequency)
                  00408900    00000014     ti_dpl_config.obj (.data.gClockConfig)
                  00408914    00000010     ti_power_clock_config.obj (.data.gSocModules)
                  00408924    00000010     lin_external_responder_interrupts.obj (.data.lin_sleepFrame)
                  00408934    00000010     lin_external_responder_interrupts.obj (.data.rxData)
                  00408944    0000000c     nortos.xwrL64xx.m4f.ti-arm-clang.release.lib : AddrTranslateP.obj (.data.gAddrTranslateConfig)
                  00408950    0000000c     ti_dpl_config.obj (.data.gMpuConfig)
                  0040895c    00000008     libc.a : exit.c.obj (.data..L_MergedGlobals)
                  00408964    00000008     ti_drivers_config.obj (.data.gEdmaConfig)
                  0040896c    00000008     ti_drivers_config.obj (.data.gUartAttrs)
                  00408974    00000008     ti_drivers_config.obj (.data.gUartConfig)
                  0040897c    00000004     libc.a : defs.c.obj (.data.__TI_ft_end)
                  00408980    00000004            : _lock.c.obj (.data._lock)
                  00408984    00000004            : _lock.c.obj (.data._unlock)
                  00408988    00000004     nortos.xwrL64xx.m4f.ti-arm-clang.release.lib : DebugP_log.obj (.data.gDebugLogZone)
                  0040898c    00000004                                                  : DebugP_uartLogWriter.obj (.data.gDebugP_uartDrvIndex)
                  00408990    00000004     ti_drivers_config.obj (.data.gEdmaConfigNum)
                  00408994    00000004     ti_drivers_open_close.obj (.data.gEdmaParams)
                  00408998    00000004     ti_drivers_config.obj (.data.gUartConfigNum)
                  0040899c    00000004     lin_external_responder_interrupts.obj (.data.linErrorFlag)
                  004089a0    00000004     lin_external_responder_interrupts.obj (.data.vectorOffset)
                  004089a4    00000004     lin_external_responder_interrupts.obj (.data.vectorOffsetErr)
                  004089a8    00000001     lin_external_responder_interrupts.obj (.data.exitFlag)
                  004089a9    00000001     lin_external_responder_interrupts.obj (.data.ignoreID)
                  004089aa    00000001     lin_external_responder_interrupts.obj (.data.rxReceivedID)
                  004089ab    00000001     lin_external_responder_interrupts.obj (.data.sentFrameLength)
                  004089ac    00000001     libc.a : memory.c.obj (.data.memory_is_initialized)
                  004089ad    00000001     lin_external_responder_interrupts.obj (.data.txDoneID)
                  004089ae    00000001     lin_external_responder_interrupts.obj (.data.wakeupInterruptFlag)

MODULE SUMMARY

       Module                                  code    ro data   rw data
       ------                                  ----    -------   -------
    obj/release/
       lin_external_responder_interrupts.obj   2296    1495      278    
       ti_drivers_config.obj                   504     363       740    
       ti_drivers_open_close.obj               210     140       68     
       ti_power_clock_config.obj               170     0         52     
       ti_dpl_config.obj                       62      0         80     
       ti_pinmux_config.obj                    14      0         40     
       main.obj                                28      0         0      
       ti_board_open_close.obj                 6       0         0      
       ti_board_config.obj                     4       0         0      
    +--+---------------------------------------+-------+---------+---------+
       Total:                                  3294    1998      1258   
                                                                        
    /home/epswbld7/ti/ccs1271/ccs/tools/compiler/ti-cgt-armllvm_3.2.2.LTS/lib/armv7em-ti-none-eabihf/c/libc.a
       strcmp_t2.S.obj                         732     0         0      
       memory.c.obj                            712     0         5      
       defs.c.obj                              0       0         404    
       setvbuf.c.obj                           216     0         0      
       s_floorf.c.obj                          156     0         0      
       fputc.c.obj                             148     0         0      
       getdevice.c.obj                         148     0         0      
       s_roundf.c.obj                          126     0         0      
       fclose.c.obj                            116     0         0      
       fseek.c.obj                             108     0         0      
       _io_perm.c.obj                          96      0         0      
       fflush.c.obj                            80      0         0      
       exit.c.obj                              52      0         8      
       autoinit.c.obj                          56      0         0      
       fopen.c.obj                             52      0         0      
       memset_t2.S.obj                         14      0         0      
       _lock.c.obj                             2       0         8      
    +--+---------------------------------------+-------+---------+---------+
       Total:                                  2814    0         425    
                                                                        
    /home/epswbld7/ti/ccs1271/ccs/tools/compiler/ti-cgt-armllvm_3.2.2.LTS/lib/armv7em-ti-none-eabihf/c/libsysbm.a
       trgmsg.c.obj                            100     0         288    
       host_device.c.obj                       0       0         200    
       hostrename.c.obj                        128     0         0      
       close.c.obj                             96      0         0      
       hostopen.c.obj                          88      0         8      
       hostlseek.c.obj                         88      0         0      
       hostread.c.obj                          84      0         0      
       hostwrite.c.obj                         84      0         0      
       hostunlink.c.obj                        68      0         0      
       hostclose.c.obj                         60      0         0      
       lseek.c.obj                             44      0         0      
       unlink.c.obj                            44      0         0      
       write.c.obj                             44      0         0      
       remove.c.obj                            4       0         0      
    +--+---------------------------------------+-------+---------+---------+
       Total:                                  932     0         496    
                                                                        
    /home/epswbld7/ti/ccs1271/ccs/tools/compiler/ti-cgt-armllvm_3.2.2.LTS/lib/clang/15.0.7/lib/armv7em-ti-none-eabihf/libclang_rt.builtins.a
       adddf3.S.obj                            438     0         0      
       divdf3.S.obj                            310     0         0      
       comparedf2.c.obj                        268     0         0      
       muldf3.S.obj                            252     0         0      
       udivmoddi4.S.obj                        176     0         0      
       aeabi_dcmp.S.obj                        98      0         0      
       fixdfsi.S.obj                           72      0         0      
       fixunsdfsi.S.obj                        68      0         0      
       extendsfdf2.S.obj                       56      0         0      
       floatsidf.S.obj                         46      0         0      
       floatunsidf.S.obj                       32      0         0      
       aeabi_uldivmod.S.obj                    20      0         0      
       aeabi_memset.S.obj                      18      0         0      
       aeabi_div0.c.obj                        2       0         0      
    +--+---------------------------------------+-------+---------+---------+
       Total:                                  1856    0         0      
                                                                        
    /nightlybuilds/mmwave_sdk_internal/mcupsdk_internal/jenkins/MMWAVE_L_SDK_05_05_04_02/source/drivers/lib/drivers.xwrL64xx.m4f.ti-arm-clang.release.lib
       edma.obj                                3548    300       0      
       uart_sci.obj                            2610    324       100    
       lin.obj                                 1272    948       0      
       soc_rcm.obj                             1628    240       0      
       uart_sci_edma.obj                       878     100       0      
       soc.obj                                 168     0         0      
       pinmux.obj                              54      0         0      
    +--+---------------------------------------+-------+---------+---------+
       Total:                                  10158   1912      100    
                                                                        
    /nightlybuilds/mmwave_sdk_internal/mcupsdk_internal/jenkins/MMWAVE_L_SDK_05_05_04_02/source/kernel/nortos/lib/nortos.xwrL64xx.m4f.ti-arm-clang.release.lib
       printf.obj                              4520    98        0      
       HwiP_armv7m.obj                         966     0         640    
       ClockP_nortos.obj                       546     90        56     
       HwiP_armv7m_handlers_nortos.obj         218     0         320    
       MpuP_armv7m.obj                         458     0         0      
       ClockP_nortos_m4.obj                    276     176       0      
       SemaphoreP_nortos.obj                   326     107       0      
       SysTickTimerP.obj                       278     135       0      
       DebugP_log.obj                          156     42        4      
       AddrTranslateP.obj                      106     0         12     
       boot_armv7m.obj                         98      0         0      
       DebugP_uartLogWriter.obj                70      0         4      
       DebugP_nortos.obj                       56      0         0      
       TaskP_nortos.obj                        2       0         0      
    +--+---------------------------------------+-------+---------+---------+
       Total:                                  8076    648       1036   
                                                                        
       Heap:                                   0       0         8192   
       Stack:                                  0       0         8192   
    +--+---------------------------------------+-------+---------+---------+
       Grand Total:                            27130   4558      19699  


GLOBAL SYMBOLS: SORTED ALPHABETICALLY BY Name 

address   name                                  
-------   ----                                  
00405f31  AddrTranslateP_getLocalAddr           
004020ff  Board_deinit                          
00403513  Board_driversClose                    
0040735d  Board_driversOpen                     
004043ff  Board_init                            
0040737c  C$$EXIT                               
00406cc7  C$$IO$$                               
004072f5  ClockP_Params_init                    
0040671b  ClockP_construct                      
0040717b  ClockP_deinit                         
00406a39  ClockP_destruct                       
004072c3  ClockP_getTicks                       
004063e5  ClockP_getTimeUsec                    
00407361  ClockP_getTimerCount                  
00404e27  ClockP_init                           
004072ff  ClockP_isActive                       
00406c33  ClockP_start                          
004068c5  ClockP_stop                           
0040467b  ClockP_timerClearOverflowInt          
004060d5  ClockP_timerTickIsr                   
00407073  DebugP_logZoneEnable                  
00406a73  DebugP_uartLogWriterPutChar           
004072cf  DebugP_uartSetDrvIndex                
00407365  Dpl_deinit                            
00406fe5  Dpl_init                              
00406e87  Drivers_close                         
00406683  Drivers_edmaOpen                      
00407245  Drivers_open                          
00406aad  Drivers_uartInit                      
004066cf  Drivers_uartOpen                      
00407253  EDMACCPaRAMEntry_init                 
004070b5  EDMAClrIntrRegion                     
00405d73  EDMAConfigureChannelRegion            
00406df9  EDMAEnableChInShadowRegRegion         
004059f1  EDMAEnableTransferRegion              
00406905  EDMAMapChToEvtQ                       
00407009  EDMAReadIntrStatusRegion              
00406945  EDMASetPaRAM                          
0040731d  EDMA_allocDmaChannel                  
00407325  EDMA_allocParam                       
0040732d  EDMA_allocTcc                         
00405d01  EDMA_close                            
00403875  EDMA_deinit                           
00407335  EDMA_freeDmaChannel                   
0040733d  EDMA_freeParam                        
00407345  EDMA_freeTcc                          
004067f5  EDMA_getBaseAddr                      
00406cd1  EDMA_getHandle                        
004071bf  EDMA_getRegionId                      
00402b21  EDMA_init                             
004013db  EDMA_isInterruptEnabled               
004048df  EDMA_open                             
00405371  EDMA_registerIntr                     
004069c1  HOSTclose                             
0040643d  HOSTlseek                             
00406495  HOSTopen                              
004064ed  HOSTread                              
00406139  HOSTrename                            
0040683d  HOSTunlink                            
00406541  HOSTwrite                             
00402283  HwiP_Params_init                      
00405087  HwiP_busFault_handler                 
00402213  HwiP_clearInt                         
00402295  HwiP_construct                        
004050c7  HwiP_debugMon_handler                 
0040233d  HwiP_destruct                         
004023cb  HwiP_disable                          
00402159  HwiP_disableInt                       
004023d7  HwiP_enable                           
00402101  HwiP_enableInt                        
00405067  HwiP_hardFault_handler                
00402e2b  HwiP_inISR                            
004023e3  HwiP_init                             
0040500d  HwiP_interrupt_handler                
00405077  HwiP_memFault_handler                 
00405041  HwiP_nmi_handler                      
004050d7  HwiP_pendSV_handler                   
004023b7  HwiP_post                             
004050a7  HwiP_reserved_handler                 
0040214f  HwiP_restore                          
004021b5  HwiP_restoreInt                       
00402235  HwiP_setPri                           
004050b7  HwiP_svc_handler                      
00405097  HwiP_usageFault_handler               
00406265  LIN_getData                           
00401cc9  LIN_initModule                        
0040619d  LIN_sendData                          
00406e29  Module_clockDisable                   
00406d05  Module_clockEnable                    
00406ae5  Module_clockSetFrequency              
00403349  MpuP_RegionAttrs_init                 
00403463  MpuP_disable                          
00403429  MpuP_enable                           
00403499  MpuP_init                             
00403489  MpuP_isEnable                         
00403361  MpuP_setRegion                        
00406bfd  Pinmux_config                         
00407261  Pinmux_init                           
00407369  PowerClock_deinit                     
0040726f  PowerClock_init                       
004071fd  SOC_clocksEnable                      
004071d3  SOC_controlModuleLockMMR              
00407051  SOC_controlModuleUnlockMMR            
00407193  SOC_getEfusePgVersion                 
004072db  SOC_moduleClockEnable                 
0040736d  SOC_moduleSetClockFrequency           
00406b1d  SOC_rcmEnableADPLLClock               
00403d25  SOC_rcmEnablePeripheralClock          
00402811  SOC_rcmGetPeripheralClock             
00406eb5  SOC_rcmSetM4ClockSrc                  
00404005  SOC_rcmSetPeripheralClock             
00406595  SOC_virtToPhy                         
00406983  SemaphoreP_constructBinary            
004069fd  SemaphoreP_constructMutex             
004047af  SemaphoreP_destruct                   
00405831  SemaphoreP_pend                       
00406d37  SemaphoreP_post                       
0040712d  SysTickTimerP_Params_init             
0040727d  SysTickTimerP_getCount                
0040728b  SysTickTimerP_getReloadCount          
0040543b  SysTickTimerP_setup                   
0040720f  SysTickTimerP_start                   
00407221  SysTickTimerP_stop                    
004071a9  System_deinit                         
004036cb  System_init                           
004072b5  TI_memset_small                       
00404a0b  TaskP_yield                           
004042b7  UART_close                            
00407147  UART_deinit                           
00403a1b  UART_edmaChannelConfig                
004056f1  UART_flushTxFifo                      
00406ee1  UART_getHandle                        
004058c9  UART_init                             
004024b1  UART_open                             
0040311d  UART_write                            
004051c1  UART_writeDma                         
0040069c  _CIOBUF_                              
00406385  _DebugP_assert                        
004070d5  _DebugP_assertNoLog                   
00406b55  _DebugP_logZone                       
00400948  __BSS_END                             
00400200  __BSS_START                           
0040069c  __CIOBUF_                             
0045a000  __STACK_END                           
00002000  __STACK_SIZE                          
00002000  __SYSMEM_SIZE                         
00000000  __TI_ATRegion0_region_sz              
00000000  __TI_ATRegion0_src_addr               
00000000  __TI_ATRegion0_trg_addr               
00000000  __TI_ATRegion1_region_sz              
00000000  __TI_ATRegion1_src_addr               
00000000  __TI_ATRegion1_trg_addr               
00000000  __TI_ATRegion2_region_sz              
00000000  __TI_ATRegion2_src_addr               
00000000  __TI_ATRegion2_trg_addr               
UNDEFED   __TI_CINIT_Base                       
UNDEFED   __TI_CINIT_Limit                      
UNDEFED   __TI_Handler_Table_Base               
UNDEFED   __TI_Handler_Table_Limit              
00406bc5  __TI_auto_init_nobinit_nopinit        
00406c69  __TI_cleanup                          
0040895c  __TI_cleanup_ptr                      
00405c8d  __TI_closefile                        
004065e5  __TI_doflush                          
00408960  __TI_dtors_ptr                        
0040897c  __TI_ft_end                           
ffffffff  __TI_pprof_out_hndl                   
ffffffff  __TI_prof_data_size                   
ffffffff  __TI_prof_data_start                  
00406d69  __TI_readmsg                          
00400000  __TI_static_base__                    
004007bc  __TI_tmpnams                          
00406c9d  __TI_writemsg                         
004062c5  __TI_wrt_ok                           
0040351f  __adddf3                              
00406765  __aeabi_d2iz                          
00406881  __aeabi_d2uiz                         
0040351f  __aeabi_dadd                          
00406201  __aeabi_dcmpeq                        
0040623d  __aeabi_dcmpge                        
00406251  __aeabi_dcmpgt                        
00406229  __aeabi_dcmple                        
00406215  __aeabi_dcmplt                        
00406d99  __aeabi_dcmpun                        
00404545  __aeabi_ddiv                          
00404c31  __aeabi_dmul                          
00403515  __aeabi_dsub                          
00406b8d  __aeabi_f2d                           
00406e59  __aeabi_i2d                           
004050e7  __aeabi_ldiv0                         
0040734d  __aeabi_memclr                        
0040734d  __aeabi_memclr4                       
0040734d  __aeabi_memclr8                       
00407309  __aeabi_memset                        
00407309  __aeabi_memset4                       
00407309  __aeabi_memset8                       
00407095  __aeabi_ui2d                          
004071e9  __aeabi_uldivmod                      
ffffffff  __binit__                             
00405e55  __cmpdf2                              
00404545  __divdf3                              
00405e55  __eqdf2                               
00406b8d  __extendsfdf2                         
00406765  __fixdfsi                             
00406881  __fixunsdfsi                          
00406e59  __floatsidf                           
00407095  __floatunsidf                         
00405de5  __gedf2                               
00405de5  __gtdf2                               
00405e55  __ledf2                               
00405e55  __ltdf2                               
00407371  __mpu_init                            
00404c31  __muldf3                              
00405e55  __nedf2                               
00458000  __stack                               
00400200  __start___llvm_prf_bits               
00400200  __start___llvm_prf_cnts               
00400200  __stop___llvm_prf_bits                
00400200  __stop___llvm_prf_cnts                
00403515  __subdf3                              
004054f9  __udivmoddi4                          
00406d99  __unorddf2                            
004067ad  _c_int00                              
004086d0  _device                               
00408540  _ftable                               
00408980  _lock                                 
004054f7  _nop                                  
004087ac  _stream                               
0045a000  _sys_memory                           
UNDEFED   _system_post_cinit                    
00408984  _unlock                               
0040737d  abort                                 
00404a0d  aligned_alloc                         
ffffffff  binit                                 
00406325  close                                 
00406dc9  exit                                  
004089a8  exitFlag                              
00406f0d  finddevice                            
00405795  floorf                                
00405a81  fputc                                 
00404f1d  free                                  
00407375  fseek                                 
00406005  fseeko                                
00408944  gAddrTranslateConfig                  
00408900  gClockConfig                          
004008b8  gClockCtrl                            
00408988  gDebugLogZone                         
0040898c  gDebugP_uartDrvIndex                  
00408964  gEdmaConfig                           
00408990  gEdmaConfigNum                        
00400938  gEdmaHandle                           
00408994  gEdmaParams                           
00400200  gHwiCtrl                              
00400000  gHwiP_vectorTable                     
00408950  gMpuConfig                            
00408884  gMpuRegionConfig                      
00408914  gSocModules                           
004088dc  gSocModulesClockFrequency             
00408974  gUartConfig                           
00408998  gUartConfigNum                        
0040093c  gUartHandle                           
0040884c  gUartParams                           
0040606d  getdevice                             
004089a9  ignoreID                              
0040899c  linErrorFlag                          
00408630  linFrameDatabase                      
00400ed1  lin_external_responder_interrupts_main
00403e95  lin_process_frames                    
00408924  lin_sleepFrame                        
00406f39  lseek                                 
00407111  main                                  
00407355  malloc                                
00404a0d  memalign                              
00400930  parmbuf                               
004072e9  putchar                               
00407233  putchar_                              
00407379  remove                                
00400940  result                                
00405c0f  roundf                                
00408934  rxData                                
004089aa  rxReceivedID                          
004089ab  sentFrameLength                       
00405299  setvbuf                               
00407161  stack_init                            
00402e49  strcmp                                
004089ad  txDoneID                              
00400942  txIndex                               
00406f65  unlink                                
004089a0  vectorOffset                          
004089a4  vectorOffsetErr                       
0040702d  vprintf_                              
004089ae  wakeupInterruptFlag                   
00406f91  write                                 


GLOBAL SYMBOLS: SORTED BY Symbol Address 

address   name                                  
-------   ----                                  
00000000  __TI_ATRegion0_region_sz              
00000000  __TI_ATRegion0_src_addr               
00000000  __TI_ATRegion0_trg_addr               
00000000  __TI_ATRegion1_region_sz              
00000000  __TI_ATRegion1_src_addr               
00000000  __TI_ATRegion1_trg_addr               
00000000  __TI_ATRegion2_region_sz              
00000000  __TI_ATRegion2_src_addr               
00000000  __TI_ATRegion2_trg_addr               
00002000  __STACK_SIZE                          
00002000  __SYSMEM_SIZE                         
00400000  __TI_static_base__                    
00400000  gHwiP_vectorTable                     
00400200  __BSS_START                           
00400200  __start___llvm_prf_bits               
00400200  __start___llvm_prf_cnts               
00400200  __stop___llvm_prf_bits                
00400200  __stop___llvm_prf_cnts                
00400200  gHwiCtrl                              
0040069c  _CIOBUF_                              
0040069c  __CIOBUF_                             
004007bc  __TI_tmpnams                          
004008b8  gClockCtrl                            
00400930  parmbuf                               
00400938  gEdmaHandle                           
0040093c  gUartHandle                           
00400940  result                                
00400942  txIndex                               
00400948  __BSS_END                             
00400ed1  lin_external_responder_interrupts_main
004013db  EDMA_isInterruptEnabled               
00401cc9  LIN_initModule                        
004020ff  Board_deinit                          
00402101  HwiP_enableInt                        
0040214f  HwiP_restore                          
00402159  HwiP_disableInt                       
004021b5  HwiP_restoreInt                       
00402213  HwiP_clearInt                         
00402235  HwiP_setPri                           
00402283  HwiP_Params_init                      
00402295  HwiP_construct                        
0040233d  HwiP_destruct                         
004023b7  HwiP_post                             
004023cb  HwiP_disable                          
004023d7  HwiP_enable                           
004023e3  HwiP_init                             
004024b1  UART_open                             
00402811  SOC_rcmGetPeripheralClock             
00402b21  EDMA_init                             
00402e2b  HwiP_inISR                            
00402e49  strcmp                                
0040311d  UART_write                            
00403349  MpuP_RegionAttrs_init                 
00403361  MpuP_setRegion                        
00403429  MpuP_enable                           
00403463  MpuP_disable                          
00403489  MpuP_isEnable                         
00403499  MpuP_init                             
00403513  Board_driversClose                    
00403515  __aeabi_dsub                          
00403515  __subdf3                              
0040351f  __adddf3                              
0040351f  __aeabi_dadd                          
004036cb  System_init                           
00403875  EDMA_deinit                           
00403a1b  UART_edmaChannelConfig                
00403d25  SOC_rcmEnablePeripheralClock          
00403e95  lin_process_frames                    
00404005  SOC_rcmSetPeripheralClock             
004042b7  UART_close                            
004043ff  Board_init                            
00404545  __aeabi_ddiv                          
00404545  __divdf3                              
0040467b  ClockP_timerClearOverflowInt          
004047af  SemaphoreP_destruct                   
004048df  EDMA_open                             
00404a0b  TaskP_yield                           
00404a0d  aligned_alloc                         
00404a0d  memalign                              
00404c31  __aeabi_dmul                          
00404c31  __muldf3                              
00404e27  ClockP_init                           
00404f1d  free                                  
0040500d  HwiP_interrupt_handler                
00405041  HwiP_nmi_handler                      
00405067  HwiP_hardFault_handler                
00405077  HwiP_memFault_handler                 
00405087  HwiP_busFault_handler                 
00405097  HwiP_usageFault_handler               
004050a7  HwiP_reserved_handler                 
004050b7  HwiP_svc_handler                      
004050c7  HwiP_debugMon_handler                 
004050d7  HwiP_pendSV_handler                   
004050e7  __aeabi_ldiv0                         
004051c1  UART_writeDma                         
00405299  setvbuf                               
00405371  EDMA_registerIntr                     
0040543b  SysTickTimerP_setup                   
004054f7  _nop                                  
004054f9  __udivmoddi4                          
004056f1  UART_flushTxFifo                      
00405795  floorf                                
00405831  SemaphoreP_pend                       
004058c9  UART_init                             
004059f1  EDMAEnableTransferRegion              
00405a81  fputc                                 
00405c0f  roundf                                
00405c8d  __TI_closefile                        
00405d01  EDMA_close                            
00405d73  EDMAConfigureChannelRegion            
00405de5  __gedf2                               
00405de5  __gtdf2                               
00405e55  __cmpdf2                              
00405e55  __eqdf2                               
00405e55  __ledf2                               
00405e55  __ltdf2                               
00405e55  __nedf2                               
00405f31  AddrTranslateP_getLocalAddr           
00406005  fseeko                                
0040606d  getdevice                             
004060d5  ClockP_timerTickIsr                   
00406139  HOSTrename                            
0040619d  LIN_sendData                          
00406201  __aeabi_dcmpeq                        
00406215  __aeabi_dcmplt                        
00406229  __aeabi_dcmple                        
0040623d  __aeabi_dcmpge                        
00406251  __aeabi_dcmpgt                        
00406265  LIN_getData                           
004062c5  __TI_wrt_ok                           
00406325  close                                 
00406385  _DebugP_assert                        
004063e5  ClockP_getTimeUsec                    
0040643d  HOSTlseek                             
00406495  HOSTopen                              
004064ed  HOSTread                              
00406541  HOSTwrite                             
00406595  SOC_virtToPhy                         
004065e5  __TI_doflush                          
00406683  Drivers_edmaOpen                      
004066cf  Drivers_uartOpen                      
0040671b  ClockP_construct                      
00406765  __aeabi_d2iz                          
00406765  __fixdfsi                             
004067ad  _c_int00                              
004067f5  EDMA_getBaseAddr                      
0040683d  HOSTunlink                            
00406881  __aeabi_d2uiz                         
00406881  __fixunsdfsi                          
004068c5  ClockP_stop                           
00406905  EDMAMapChToEvtQ                       
00406945  EDMASetPaRAM                          
00406983  SemaphoreP_constructBinary            
004069c1  HOSTclose                             
004069fd  SemaphoreP_constructMutex             
00406a39  ClockP_destruct                       
00406a73  DebugP_uartLogWriterPutChar           
00406aad  Drivers_uartInit                      
00406ae5  Module_clockSetFrequency              
00406b1d  SOC_rcmEnableADPLLClock               
00406b55  _DebugP_logZone                       
00406b8d  __aeabi_f2d                           
00406b8d  __extendsfdf2                         
00406bc5  __TI_auto_init_nobinit_nopinit        
00406bfd  Pinmux_config                         
00406c33  ClockP_start                          
00406c69  __TI_cleanup                          
00406c9d  __TI_writemsg                         
00406cc7  C$$IO$$                               
00406cd1  EDMA_getHandle                        
00406d05  Module_clockEnable                    
00406d37  SemaphoreP_post                       
00406d69  __TI_readmsg                          
00406d99  __aeabi_dcmpun                        
00406d99  __unorddf2                            
00406dc9  exit                                  
00406df9  EDMAEnableChInShadowRegRegion         
00406e29  Module_clockDisable                   
00406e59  __aeabi_i2d                           
00406e59  __floatsidf                           
00406e87  Drivers_close                         
00406eb5  SOC_rcmSetM4ClockSrc                  
00406ee1  UART_getHandle                        
00406f0d  finddevice                            
00406f39  lseek                                 
00406f65  unlink                                
00406f91  write                                 
00406fe5  Dpl_init                              
00407009  EDMAReadIntrStatusRegion              
0040702d  vprintf_                              
00407051  SOC_controlModuleUnlockMMR            
00407073  DebugP_logZoneEnable                  
00407095  __aeabi_ui2d                          
00407095  __floatunsidf                         
004070b5  EDMAClrIntrRegion                     
004070d5  _DebugP_assertNoLog                   
00407111  main                                  
0040712d  SysTickTimerP_Params_init             
00407147  UART_deinit                           
00407161  stack_init                            
0040717b  ClockP_deinit                         
00407193  SOC_getEfusePgVersion                 
004071a9  System_deinit                         
004071bf  EDMA_getRegionId                      
004071d3  SOC_controlModuleLockMMR              
004071e9  __aeabi_uldivmod                      
004071fd  SOC_clocksEnable                      
0040720f  SysTickTimerP_start                   
00407221  SysTickTimerP_stop                    
00407233  putchar_                              
00407245  Drivers_open                          
00407253  EDMACCPaRAMEntry_init                 
00407261  Pinmux_init                           
0040726f  PowerClock_init                       
0040727d  SysTickTimerP_getCount                
0040728b  SysTickTimerP_getReloadCount          
004072b5  TI_memset_small                       
004072c3  ClockP_getTicks                       
004072cf  DebugP_uartSetDrvIndex                
004072db  SOC_moduleClockEnable                 
004072e9  putchar                               
004072f5  ClockP_Params_init                    
004072ff  ClockP_isActive                       
00407309  __aeabi_memset                        
00407309  __aeabi_memset4                       
00407309  __aeabi_memset8                       
0040731d  EDMA_allocDmaChannel                  
00407325  EDMA_allocParam                       
0040732d  EDMA_allocTcc                         
00407335  EDMA_freeDmaChannel                   
0040733d  EDMA_freeParam                        
00407345  EDMA_freeTcc                          
0040734d  __aeabi_memclr                        
0040734d  __aeabi_memclr4                       
0040734d  __aeabi_memclr8                       
00407355  malloc                                
0040735d  Board_driversOpen                     
00407361  ClockP_getTimerCount                  
00407365  Dpl_deinit                            
00407369  PowerClock_deinit                     
0040736d  SOC_moduleSetClockFrequency           
00407371  __mpu_init                            
00407375  fseek                                 
00407379  remove                                
0040737c  C$$EXIT                               
0040737d  abort                                 
00408540  _ftable                               
00408630  linFrameDatabase                      
004086d0  _device                               
004087ac  _stream                               
0040884c  gUartParams                           
00408884  gMpuRegionConfig                      
004088dc  gSocModulesClockFrequency             
00408900  gClockConfig                          
00408914  gSocModules                           
00408924  lin_sleepFrame                        
00408934  rxData                                
00408944  gAddrTranslateConfig                  
00408950  gMpuConfig                            
0040895c  __TI_cleanup_ptr                      
00408960  __TI_dtors_ptr                        
00408964  gEdmaConfig                           
00408974  gUartConfig                           
0040897c  __TI_ft_end                           
00408980  _lock                                 
00408984  _unlock                               
00408988  gDebugLogZone                         
0040898c  gDebugP_uartDrvIndex                  
00408990  gEdmaConfigNum                        
00408994  gEdmaParams                           
00408998  gUartConfigNum                        
0040899c  linErrorFlag                          
004089a0  vectorOffset                          
004089a4  vectorOffsetErr                       
004089a8  exitFlag                              
004089a9  ignoreID                              
004089aa  rxReceivedID                          
004089ab  sentFrameLength                       
004089ad  txDoneID                              
004089ae  wakeupInterruptFlag                   
00458000  __stack                               
0045a000  __STACK_END                           
0045a000  _sys_memory                           
ffffffff  __TI_pprof_out_hndl                   
ffffffff  __TI_prof_data_size                   
ffffffff  __TI_prof_data_start                  
ffffffff  __binit__                             
ffffffff  binit                                 
UNDEFED   __TI_CINIT_Base                       
UNDEFED   __TI_CINIT_Limit                      
UNDEFED   __TI_Handler_Table_Base               
UNDEFED   __TI_Handler_Table_Limit              
UNDEFED   _system_post_cinit                    

[293 symbols]
